Dec  9 18:47:03 ubuntu kernel: [    0.000000] Linux version 5.4.0-42-generic (buildd@lgw01-amd64-038) (gcc version 9.3.0 (Ubuntu 9.3.0-10ubuntu2)) #46-Ubuntu SMP Fri Jul 10 00:24:02 UTC 2020 (Ubuntu 5.4.0-42.46-generic 5.4.44)
Dec  9 18:47:03 ubuntu kernel: [    0.000000] Command line: file=/cdrom/preseed/ubuntu.seed initrd=/casper/initrd quiet splash --- maybe-ubiquity
Dec  9 18:47:03 ubuntu kernel: [    0.000000] KERNEL supported cpus:
Dec  9 18:47:03 ubuntu kernel: [    0.000000]   Intel GenuineIntel
Dec  9 18:47:03 ubuntu kernel: [    0.000000]   AMD AuthenticAMD
Dec  9 18:47:03 ubuntu kernel: [    0.000000]   Hygon HygonGenuine
Dec  9 18:47:03 ubuntu kernel: [    0.000000]   Centaur CentaurHauls
Dec  9 18:47:03 ubuntu kernel: [    0.000000]   zhaoxin   Shanghai  
Dec  9 18:47:03 ubuntu kernel: [    0.000000] x86/fpu: Supporting XSAVE feature 0x001: 'x87 floating point registers'
Dec  9 18:47:03 ubuntu kernel: [    0.000000] x86/fpu: Supporting XSAVE feature 0x002: 'SSE registers'
Dec  9 18:47:03 ubuntu kernel: [    0.000000] x86/fpu: Supporting XSAVE feature 0x004: 'AVX registers'
Dec  9 18:47:03 ubuntu kernel: [    0.000000] x86/fpu: xstate_offset[2]:  576, xstate_sizes[2]:  256
Dec  9 18:47:03 ubuntu kernel: [    0.000000] x86/fpu: Enabled xstate features 0x7, context size is 832 bytes, using 'standard' format.
Dec  9 18:47:03 ubuntu kernel: [    0.000000] BIOS-provided physical RAM map:
Dec  9 18:47:03 ubuntu kernel: [    0.000000] BIOS-e820: [mem 0x0000000000000000-0x000000000009fbff] usable
Dec  9 18:47:03 ubuntu kernel: [    0.000000] BIOS-e820: [mem 0x000000000009fc00-0x000000000009ffff] reserved
Dec  9 18:47:03 ubuntu kernel: [    0.000000] BIOS-e820: [mem 0x00000000000f0000-0x00000000000fffff] reserved
Dec  9 18:47:03 ubuntu kernel: [    0.000000] BIOS-e820: [mem 0x0000000000100000-0x000000007ffeffff] usable
Dec  9 18:47:03 ubuntu kernel: [    0.000000] BIOS-e820: [mem 0x000000007fff0000-0x000000007fffffff] ACPI data
Dec  9 18:47:03 ubuntu kernel: [    0.000000] BIOS-e820: [mem 0x00000000fec00000-0x00000000fec00fff] reserved
Dec  9 18:47:03 ubuntu kernel: [    0.000000] BIOS-e820: [mem 0x00000000fee00000-0x00000000fee00fff] reserved
Dec  9 18:47:03 ubuntu kernel: [    0.000000] BIOS-e820: [mem 0x00000000fffc0000-0x00000000ffffffff] reserved
Dec  9 18:47:03 ubuntu kernel: [    0.000000] NX (Execute Disable) protection: active
Dec  9 18:47:03 ubuntu kernel: [    0.000000] SMBIOS 2.5 present.
Dec  9 18:47:03 ubuntu kernel: [    0.000000] DMI: innotek GmbH VirtualBox/VirtualBox, BIOS VirtualBox 12/01/2006
Dec  9 18:47:03 ubuntu kernel: [    0.000000] Hypervisor detected: KVM
Dec  9 18:47:03 ubuntu kernel: [    0.000000] kvm-clock: Using msrs 4b564d01 and 4b564d00
Dec  9 18:47:03 ubuntu kernel: [    0.000000] kvm-clock: cpu 0, msr 18e01001, primary cpu clock
Dec  9 18:47:03 ubuntu kernel: [    0.000000] kvm-clock: using sched offset of 9948544117 cycles
Dec  9 18:47:03 ubuntu kernel: [    0.000002] clocksource: kvm-clock: mask: 0xffffffffffffffff max_cycles: 0x1cd42e4dffb, max_idle_ns: 881590591483 ns
Dec  9 18:47:03 ubuntu kernel: [    0.000004] tsc: Detected 1991.999 MHz processor
Dec  9 18:47:03 ubuntu kernel: [    0.003435] e820: update [mem 0x00000000-0x00000fff] usable ==> reserved
Dec  9 18:47:03 ubuntu kernel: [    0.003437] e820: remove [mem 0x000a0000-0x000fffff] usable
Dec  9 18:47:03 ubuntu kernel: [    0.003440] last_pfn = 0x7fff0 max_arch_pfn = 0x400000000
Dec  9 18:47:03 ubuntu kernel: [    0.003450] MTRR default type: uncachable
Dec  9 18:47:03 ubuntu kernel: [    0.003451] MTRR variable ranges disabled:
Dec  9 18:47:03 ubuntu kernel: [    0.003453] Disabled
Dec  9 18:47:03 ubuntu kernel: [    0.003454] x86/PAT: MTRRs disabled, skipping PAT initialization too.
Dec  9 18:47:03 ubuntu kernel: [    0.003456] CPU MTRRs all blank - virtualized system.
Dec  9 18:47:03 ubuntu kernel: [    0.003458] x86/PAT: Configuration [0-7]: WB  WT  UC- UC  WB  WT  UC- UC  
Dec  9 18:47:03 ubuntu kernel: [    0.003521] found SMP MP-table at [mem 0x0009fff0-0x0009ffff]
Dec  9 18:47:03 ubuntu kernel: [    0.188512] check: Scanning 1 areas for low memory corruption
Dec  9 18:47:03 ubuntu kernel: [    0.188545] BRK [0x19001000, 0x19001fff] PGTABLE
Dec  9 18:47:03 ubuntu kernel: [    0.188547] BRK [0x19002000, 0x19002fff] PGTABLE
Dec  9 18:47:03 ubuntu kernel: [    0.188548] BRK [0x19003000, 0x19003fff] PGTABLE
Dec  9 18:47:03 ubuntu kernel: [    0.188566] BRK [0x19004000, 0x19004fff] PGTABLE
Dec  9 18:47:03 ubuntu kernel: [    0.188567] BRK [0x19005000, 0x19005fff] PGTABLE
Dec  9 18:47:03 ubuntu kernel: [    0.188614] BRK [0x19006000, 0x19006fff] PGTABLE
Dec  9 18:47:03 ubuntu kernel: [    0.188625] RAMDISK: [mem 0x7a952000-0x7ffeffff]
Dec  9 18:47:03 ubuntu kernel: [    0.188638] ACPI: Early table checksum verification disabled
Dec  9 18:47:03 ubuntu kernel: [    0.188643] ACPI: RSDP 0x00000000000E0000 000024 (v02 VBOX  )
Dec  9 18:47:03 ubuntu kernel: [    0.188647] ACPI: XSDT 0x000000007FFF0030 00003C (v01 VBOX   VBOXXSDT 00000001 ASL  00000061)
Dec  9 18:47:03 ubuntu kernel: [    0.188653] ACPI: FACP 0x000000007FFF00F0 0000F4 (v04 VBOX   VBOXFACP 00000001 ASL  00000061)
Dec  9 18:47:03 ubuntu kernel: [    0.188659] ACPI: DSDT 0x000000007FFF0470 002325 (v02 VBOX   VBOXBIOS 00000002 INTL 20120111)
Dec  9 18:47:03 ubuntu kernel: [    0.188662] ACPI: FACS 0x000000007FFF0200 000040
Dec  9 18:47:03 ubuntu kernel: [    0.188665] ACPI: FACS 0x000000007FFF0200 000040
Dec  9 18:47:03 ubuntu kernel: [    0.188668] ACPI: APIC 0x000000007FFF0240 000054 (v02 VBOX   VBOXAPIC 00000001 ASL  00000061)
Dec  9 18:47:03 ubuntu kernel: [    0.188671] ACPI: SSDT 0x000000007FFF02A0 0001CC (v01 VBOX   VBOXCPUT 00000002 INTL 20120111)
Dec  9 18:47:03 ubuntu kernel: [    0.188681] ACPI: Local APIC address 0xfee00000
Dec  9 18:47:03 ubuntu kernel: [    0.188960] No NUMA configuration found
Dec  9 18:47:03 ubuntu kernel: [    0.188961] Faking a node at [mem 0x0000000000000000-0x000000007ffeffff]
Dec  9 18:47:03 ubuntu kernel: [    0.188970] NODE_DATA(0) allocated [mem 0x7a927000-0x7a951fff]
Dec  9 18:47:03 ubuntu kernel: [    0.190409] Zone ranges:
Dec  9 18:47:03 ubuntu kernel: [    0.190411]   DMA      [mem 0x0000000000001000-0x0000000000ffffff]
Dec  9 18:47:03 ubuntu kernel: [    0.190413]   DMA32    [mem 0x0000000001000000-0x000000007ffeffff]
Dec  9 18:47:03 ubuntu kernel: [    0.190414]   Normal   empty
Dec  9 18:47:03 ubuntu kernel: [    0.190414]   Device   empty
Dec  9 18:47:03 ubuntu kernel: [    0.190415] Movable zone start for each node
Dec  9 18:47:03 ubuntu kernel: [    0.190418] Early memory node ranges
Dec  9 18:47:03 ubuntu kernel: [    0.190418]   node   0: [mem 0x0000000000001000-0x000000000009efff]
Dec  9 18:47:03 ubuntu kernel: [    0.190419]   node   0: [mem 0x0000000000100000-0x000000007ffeffff]
Dec  9 18:47:03 ubuntu kernel: [    0.192935] Zeroed struct page in unavailable ranges: 114 pages
Dec  9 18:47:03 ubuntu kernel: [    0.192938] Initmem setup node 0 [mem 0x0000000000001000-0x000000007ffeffff]
Dec  9 18:47:03 ubuntu kernel: [    0.192939] On node 0 totalpages: 524174
Dec  9 18:47:03 ubuntu kernel: [    0.192941]   DMA zone: 64 pages used for memmap
Dec  9 18:47:03 ubuntu kernel: [    0.192942]   DMA zone: 21 pages reserved
Dec  9 18:47:03 ubuntu kernel: [    0.192942]   DMA zone: 3998 pages, LIFO batch:0
Dec  9 18:47:03 ubuntu kernel: [    0.192975]   DMA32 zone: 8128 pages used for memmap
Dec  9 18:47:03 ubuntu kernel: [    0.192976]   DMA32 zone: 520176 pages, LIFO batch:63
Dec  9 18:47:03 ubuntu kernel: [    0.213101] ACPI: PM-Timer IO Port: 0x4008
Dec  9 18:47:03 ubuntu kernel: [    0.213105] ACPI: Local APIC address 0xfee00000
Dec  9 18:47:03 ubuntu kernel: [    0.213166] IOAPIC[0]: apic_id 1, version 32, address 0xfec00000, GSI 0-23
Dec  9 18:47:03 ubuntu kernel: [    0.213169] ACPI: INT_SRC_OVR (bus 0 bus_irq 0 global_irq 2 dfl dfl)
Dec  9 18:47:03 ubuntu kernel: [    0.213171] ACPI: INT_SRC_OVR (bus 0 bus_irq 9 global_irq 9 low level)
Dec  9 18:47:03 ubuntu kernel: [    0.213172] ACPI: IRQ0 used by override.
Dec  9 18:47:03 ubuntu kernel: [    0.213173] ACPI: IRQ9 used by override.
Dec  9 18:47:03 ubuntu kernel: [    0.213175] Using ACPI (MADT) for SMP configuration information
Dec  9 18:47:03 ubuntu kernel: [    0.213182] smpboot: Allowing 1 CPUs, 0 hotplug CPUs
Dec  9 18:47:03 ubuntu kernel: [    0.213203] PM: Registered nosave memory: [mem 0x00000000-0x00000fff]
Dec  9 18:47:03 ubuntu kernel: [    0.213204] PM: Registered nosave memory: [mem 0x0009f000-0x0009ffff]
Dec  9 18:47:03 ubuntu kernel: [    0.213204] PM: Registered nosave memory: [mem 0x000a0000-0x000effff]
Dec  9 18:47:03 ubuntu kernel: [    0.213205] PM: Registered nosave memory: [mem 0x000f0000-0x000fffff]
Dec  9 18:47:03 ubuntu kernel: [    0.213206] [mem 0x80000000-0xfebfffff] available for PCI devices
Dec  9 18:47:03 ubuntu kernel: [    0.213207] Booting paravirtualized kernel on KVM
Dec  9 18:47:03 ubuntu kernel: [    0.213210] clocksource: refined-jiffies: mask: 0xffffffff max_cycles: 0xffffffff, max_idle_ns: 7645519600211568 ns
Dec  9 18:47:03 ubuntu kernel: [    0.213213] setup_percpu: NR_CPUS:8192 nr_cpumask_bits:1 nr_cpu_ids:1 nr_node_ids:1
Dec  9 18:47:03 ubuntu kernel: [    0.214398] percpu: Embedded 54 pages/cpu s184320 r8192 d28672 u2097152
Dec  9 18:47:03 ubuntu kernel: [    0.214404] pcpu-alloc: s184320 r8192 d28672 u2097152 alloc=1*2097152
Dec  9 18:47:03 ubuntu kernel: [    0.214405] pcpu-alloc: [0] 0 
Dec  9 18:47:03 ubuntu kernel: [    0.214639] Built 1 zonelists, mobility grouping on.  Total pages: 515961
Dec  9 18:47:03 ubuntu kernel: [    0.214641] Policy zone: DMA32
Dec  9 18:47:03 ubuntu kernel: [    0.214643] Kernel command line: file=/cdrom/preseed/ubuntu.seed initrd=/casper/initrd quiet splash --- maybe-ubiquity
Dec  9 18:47:03 ubuntu kernel: [    0.216222] Dentry cache hash table entries: 262144 (order: 9, 2097152 bytes, linear)
Dec  9 18:47:03 ubuntu kernel: [    0.216274] Inode-cache hash table entries: 131072 (order: 8, 1048576 bytes, linear)
Dec  9 18:47:03 ubuntu kernel: [    0.216322] mem auto-init: stack:off, heap alloc:on, heap free:off
Dec  9 18:47:03 ubuntu kernel: [    0.216326] Calgary: detecting Calgary via BIOS EBDA area
Dec  9 18:47:03 ubuntu kernel: [    0.216327] Calgary: Unable to locate Rio Grande table in EBDA - bailing!
Dec  9 18:47:03 ubuntu kernel: [    0.220075] Memory: 1938816K/2096696K available (14339K kernel code, 2397K rwdata, 4952K rodata, 2712K init, 4992K bss, 157880K reserved, 0K cma-reserved)
Dec  9 18:47:03 ubuntu kernel: [    0.220082] random: get_random_u64 called from kmem_cache_open+0x2d/0x410 with crng_init=0
Dec  9 18:47:03 ubuntu kernel: [    0.221213] SLUB: HWalign=64, Order=0-3, MinObjects=0, CPUs=1, Nodes=1
Dec  9 18:47:03 ubuntu kernel: [    0.221225] Kernel/User page tables isolation: enabled
Dec  9 18:47:03 ubuntu kernel: [    0.221237] ftrace: allocating 44488 entries in 174 pages
Dec  9 18:47:03 ubuntu kernel: [    0.238726] rcu: Hierarchical RCU implementation.
Dec  9 18:47:03 ubuntu kernel: [    0.238729] rcu: 	RCU restricting CPUs from NR_CPUS=8192 to nr_cpu_ids=1.
Dec  9 18:47:03 ubuntu kernel: [    0.238730] 	Tasks RCU enabled.
Dec  9 18:47:03 ubuntu kernel: [    0.238731] rcu: RCU calculated value of scheduler-enlistment delay is 25 jiffies.
Dec  9 18:47:03 ubuntu kernel: [    0.238732] rcu: Adjusting geometry for rcu_fanout_leaf=16, nr_cpu_ids=1
Dec  9 18:47:03 ubuntu kernel: [    0.241606] NR_IRQS: 524544, nr_irqs: 256, preallocated irqs: 16
Dec  9 18:47:03 ubuntu kernel: [    0.242005] random: crng done (trusting CPU's manufacturer)
Dec  9 18:47:03 ubuntu kernel: [    0.250525] Console: colour VGA+ 80x25
Dec  9 18:47:03 ubuntu kernel: [    0.250529] printk: console [tty0] enabled
Dec  9 18:47:03 ubuntu kernel: [    0.250554] ACPI: Core revision 20190816
Dec  9 18:47:03 ubuntu kernel: [    0.250668] APIC: Switch to symmetric I/O mode setup
Dec  9 18:47:03 ubuntu kernel: [    0.250879] x2apic enabled
Dec  9 18:47:03 ubuntu kernel: [    0.251075] Switched APIC routing to physical x2apic.
Dec  9 18:47:03 ubuntu kernel: [    0.252110] ..TIMER: vector=0x30 apic1=0 pin1=2 apic2=-1 pin2=-1
Dec  9 18:47:03 ubuntu kernel: [    0.252130] clocksource: tsc-early: mask: 0xffffffffffffffff max_cycles: 0x396d4ffc055, max_idle_ns: 881590662783 ns
Dec  9 18:47:03 ubuntu kernel: [    0.252134] Calibrating delay loop (skipped) preset value.. 3983.99 BogoMIPS (lpj=7967996)
Dec  9 18:47:03 ubuntu kernel: [    0.252136] pid_max: default: 32768 minimum: 301
Dec  9 18:47:03 ubuntu kernel: [    0.252169] LSM: Security Framework initializing
Dec  9 18:47:03 ubuntu kernel: [    0.252178] Yama: becoming mindful.
Dec  9 18:47:03 ubuntu kernel: [    0.252196] AppArmor: AppArmor initialized
Dec  9 18:47:03 ubuntu kernel: [    0.252225] Mount-cache hash table entries: 4096 (order: 3, 32768 bytes, linear)
Dec  9 18:47:03 ubuntu kernel: [    0.252228] Mountpoint-cache hash table entries: 4096 (order: 3, 32768 bytes, linear)
Dec  9 18:47:03 ubuntu kernel: [    0.252242] *** VALIDATE tmpfs ***
Dec  9 18:47:03 ubuntu kernel: [    0.252352] *** VALIDATE proc ***
Dec  9 18:47:03 ubuntu kernel: [    0.252388] *** VALIDATE cgroup1 ***
Dec  9 18:47:03 ubuntu kernel: [    0.252389] *** VALIDATE cgroup2 ***
Dec  9 18:47:03 ubuntu kernel: [    0.252518] process: using mwait in idle threads
Dec  9 18:47:03 ubuntu kernel: [    0.252523] Last level iTLB entries: 4KB 64, 2MB 8, 4MB 8
Dec  9 18:47:03 ubuntu kernel: [    0.252523] Last level dTLB entries: 4KB 64, 2MB 0, 4MB 0, 1GB 4
Dec  9 18:47:03 ubuntu kernel: [    0.252525] Spectre V1 : Mitigation: usercopy/swapgs barriers and __user pointer sanitization
Dec  9 18:47:03 ubuntu kernel: [    0.252526] Spectre V2 : Mitigation: Full generic retpoline
Dec  9 18:47:03 ubuntu kernel: [    0.252527] Spectre V2 : Spectre v2 / SpectreRSB mitigation: Filling RSB on context switch
Dec  9 18:47:03 ubuntu kernel: [    0.252527] Speculative Store Bypass: Vulnerable
Dec  9 18:47:03 ubuntu kernel: [    0.252529] SRBDS: Unknown: Dependent on hypervisor status
Dec  9 18:47:03 ubuntu kernel: [    0.252530] MDS: Mitigation: Clear CPU buffers
Dec  9 18:47:03 ubuntu kernel: [    0.259391] Freeing SMP alternatives memory: 40K
Dec  9 18:47:03 ubuntu kernel: [    0.368694] smpboot: CPU0: Intel(R) Core(TM) i5-6360U CPU @ 2.00GHz (family: 0x6, model: 0x4e, stepping: 0x3)
Dec  9 18:47:03 ubuntu kernel: [    0.368911] Performance Events: unsupported p6 CPU model 78 no PMU driver, software events only.
Dec  9 18:47:03 ubuntu kernel: [    0.368945] rcu: Hierarchical SRCU implementation.
Dec  9 18:47:03 ubuntu kernel: [    0.369686] NMI watchdog: Perf NMI watchdog permanently disabled
Dec  9 18:47:03 ubuntu kernel: [    0.369709] smp: Bringing up secondary CPUs ...
Dec  9 18:47:03 ubuntu kernel: [    0.369710] smp: Brought up 1 node, 1 CPU
Dec  9 18:47:03 ubuntu kernel: [    0.369711] smpboot: Max logical packages: 1
Dec  9 18:47:03 ubuntu kernel: [    0.369712] smpboot: Total of 1 processors activated (3983.99 BogoMIPS)
Dec  9 18:47:03 ubuntu kernel: [    0.370972] devtmpfs: initialized
Dec  9 18:47:03 ubuntu kernel: [    0.371014] x86/mm: Memory block size: 128MB
Dec  9 18:47:03 ubuntu kernel: [    0.371325] clocksource: jiffies: mask: 0xffffffff max_cycles: 0xffffffff, max_idle_ns: 7645041785100000 ns
Dec  9 18:47:03 ubuntu kernel: [    0.371329] futex hash table entries: 256 (order: 2, 16384 bytes, linear)
Dec  9 18:47:03 ubuntu kernel: [    0.371376] pinctrl core: initialized pinctrl subsystem
Dec  9 18:47:03 ubuntu kernel: [    0.371469] PM: RTC time: 18:46:30, date: 2020-12-09
Dec  9 18:47:03 ubuntu kernel: [    0.371554] NET: Registered protocol family 16
Dec  9 18:47:03 ubuntu kernel: [    0.371622] audit: initializing netlink subsys (disabled)
Dec  9 18:47:03 ubuntu kernel: [    0.371722] EISA bus registered
Dec  9 18:47:03 ubuntu kernel: [    0.371724] cpuidle: using governor ladder
Dec  9 18:47:03 ubuntu kernel: [    0.371724] cpuidle: using governor menu
Dec  9 18:47:03 ubuntu kernel: [    0.371762] ACPI: bus type PCI registered
Dec  9 18:47:03 ubuntu kernel: [    0.371763] acpiphp: ACPI Hot Plug PCI Controller Driver version: 0.5
Dec  9 18:47:03 ubuntu kernel: [    0.371878] PCI: Using configuration type 1 for base access
Dec  9 18:47:03 ubuntu kernel: [    0.372131] audit: type=2000 audit(1607539602.484:1): state=initialized audit_enabled=0 res=1
Dec  9 18:47:03 ubuntu kernel: [    0.372196] HugeTLB registered 2.00 MiB page size, pre-allocated 0 pages
Dec  9 18:47:03 ubuntu kernel: [    0.373528] ACPI: Added _OSI(Module Device)
Dec  9 18:47:03 ubuntu kernel: [    0.373529] ACPI: Added _OSI(Processor Device)
Dec  9 18:47:03 ubuntu kernel: [    0.373530] ACPI: Added _OSI(3.0 _SCP Extensions)
Dec  9 18:47:03 ubuntu kernel: [    0.373530] ACPI: Added _OSI(Processor Aggregator Device)
Dec  9 18:47:03 ubuntu kernel: [    0.373531] ACPI: Added _OSI(Linux-Dell-Video)
Dec  9 18:47:03 ubuntu kernel: [    0.373532] ACPI: Added _OSI(Linux-Lenovo-NV-HDMI-Audio)
Dec  9 18:47:03 ubuntu kernel: [    0.373532] ACPI: Added _OSI(Linux-HPI-Hybrid-Graphics)
Dec  9 18:47:03 ubuntu kernel: [    0.375561] ACPI: 2 ACPI AML tables successfully acquired and loaded
Dec  9 18:47:03 ubuntu kernel: [    0.377787] ACPI: Interpreter enabled
Dec  9 18:47:03 ubuntu kernel: [    0.377797] ACPI: (supports S0 S5)
Dec  9 18:47:03 ubuntu kernel: [    0.377798] ACPI: Using IOAPIC for interrupt routing
Dec  9 18:47:03 ubuntu kernel: [    0.378007] PCI: Using host bridge windows from ACPI; if necessary, use "pci=nocrs" and report a bug
Dec  9 18:47:03 ubuntu kernel: [    0.378147] ACPI: Enabled 2 GPEs in block 00 to 07
Dec  9 18:47:03 ubuntu kernel: [    0.385160] ACPI: PCI Root Bridge [PCI0] (domain 0000 [bus 00-ff])
Dec  9 18:47:03 ubuntu kernel: [    0.385165] acpi PNP0A03:00: _OSC: OS supports [ASPM ClockPM Segments MSI HPX-Type3]
Dec  9 18:47:03 ubuntu kernel: [    0.385609] acpi PNP0A03:00: _OSC: not requesting OS control; OS requires [ExtendedConfig ASPM ClockPM MSI]
Dec  9 18:47:03 ubuntu kernel: [    0.385617] acpi PNP0A03:00: fail to add MMCONFIG information, can't access extended PCI configuration space under this bridge.
Dec  9 18:47:03 ubuntu kernel: [    0.386172] PCI host bridge to bus 0000:00
Dec  9 18:47:03 ubuntu kernel: [    0.386174] pci_bus 0000:00: root bus resource [io  0x0000-0x0cf7 window]
Dec  9 18:47:03 ubuntu kernel: [    0.386175] pci_bus 0000:00: root bus resource [io  0x0d00-0xffff window]
Dec  9 18:47:03 ubuntu kernel: [    0.386176] pci_bus 0000:00: root bus resource [mem 0x000a0000-0x000bffff window]
Dec  9 18:47:03 ubuntu kernel: [    0.386177] pci_bus 0000:00: root bus resource [mem 0x80000000-0xfdffffff window]
Dec  9 18:47:03 ubuntu kernel: [    0.386178] pci_bus 0000:00: root bus resource [bus 00-ff]
Dec  9 18:47:03 ubuntu kernel: [    0.386246] pci 0000:00:00.0: [8086:1237] type 00 class 0x060000
Dec  9 18:47:03 ubuntu kernel: [    0.387572] pci 0000:00:01.0: [8086:7000] type 00 class 0x060100
Dec  9 18:47:03 ubuntu kernel: [    0.388798] pci 0000:00:01.1: [8086:7111] type 00 class 0x01018a
Dec  9 18:47:03 ubuntu kernel: [    0.389401] pci 0000:00:01.1: reg 0x20: [io  0xd000-0xd00f]
Dec  9 18:47:03 ubuntu kernel: [    0.389688] pci 0000:00:01.1: legacy IDE quirk: reg 0x10: [io  0x01f0-0x01f7]
Dec  9 18:47:03 ubuntu kernel: [    0.389689] pci 0000:00:01.1: legacy IDE quirk: reg 0x14: [io  0x03f6]
Dec  9 18:47:03 ubuntu kernel: [    0.389689] pci 0000:00:01.1: legacy IDE quirk: reg 0x18: [io  0x0170-0x0177]
Dec  9 18:47:03 ubuntu kernel: [    0.389690] pci 0000:00:01.1: legacy IDE quirk: reg 0x1c: [io  0x0376]
Dec  9 18:47:03 ubuntu kernel: [    0.390427] pci 0000:00:02.0: [15ad:0405] type 00 class 0x030000
Dec  9 18:47:03 ubuntu kernel: [    0.391865] pci 0000:00:02.0: reg 0x10: [io  0xd010-0xd01f]
Dec  9 18:47:03 ubuntu kernel: [    0.392498] pci 0000:00:02.0: reg 0x14: [mem 0xe0000000-0xe0ffffff pref]
Dec  9 18:47:03 ubuntu kernel: [    0.393599] pci 0000:00:02.0: reg 0x18: [mem 0xf0000000-0xf01fffff]
Dec  9 18:47:03 ubuntu kernel: [    0.399597] pci 0000:00:03.0: [8086:100e] type 00 class 0x020000
Dec  9 18:47:03 ubuntu kernel: [    0.400718] pci 0000:00:03.0: reg 0x10: [mem 0xf0200000-0xf021ffff]
Dec  9 18:47:03 ubuntu kernel: [    0.402399] pci 0000:00:03.0: reg 0x18: [io  0xd020-0xd027]
Dec  9 18:47:03 ubuntu kernel: [    0.407739] pci 0000:00:04.0: [80ee:cafe] type 00 class 0x088000
Dec  9 18:47:03 ubuntu kernel: [    0.408261] pci 0000:00:04.0: reg 0x10: [io  0xd040-0xd05f]
Dec  9 18:47:03 ubuntu kernel: [    0.409067] pci 0000:00:04.0: reg 0x14: [mem 0xf0400000-0xf07fffff]
Dec  9 18:47:03 ubuntu kernel: [    0.409868] pci 0000:00:04.0: reg 0x18: [mem 0xf0800000-0xf0803fff pref]
Dec  9 18:47:03 ubuntu kernel: [    0.413868] pci 0000:00:05.0: [8086:2415] type 00 class 0x040100
Dec  9 18:47:03 ubuntu kernel: [    0.414064] pci 0000:00:05.0: reg 0x10: [io  0xd100-0xd1ff]
Dec  9 18:47:03 ubuntu kernel: [    0.414161] pci 0000:00:05.0: reg 0x14: [io  0xd200-0xd23f]
Dec  9 18:47:03 ubuntu kernel: [    0.415297] pci 0000:00:06.0: [106b:003f] type 00 class 0x0c0310
Dec  9 18:47:03 ubuntu kernel: [    0.416260] pci 0000:00:06.0: reg 0x10: [mem 0xf0804000-0xf0804fff]
Dec  9 18:47:03 ubuntu kernel: [    0.421195] pci 0000:00:07.0: [8086:7113] type 00 class 0x068000
Dec  9 18:47:03 ubuntu kernel: [    0.422025] pci 0000:00:07.0: quirk: [io  0x4000-0x403f] claimed by PIIX4 ACPI
Dec  9 18:47:03 ubuntu kernel: [    0.422040] pci 0000:00:07.0: quirk: [io  0x4100-0x410f] claimed by PIIX4 SMB
Dec  9 18:47:03 ubuntu kernel: [    0.424220] pci 0000:00:0d.0: [8086:2829] type 00 class 0x010601
Dec  9 18:47:03 ubuntu kernel: [    0.425517] pci 0000:00:0d.0: reg 0x10: [io  0xd240-0xd247]
Dec  9 18:47:03 ubuntu kernel: [    0.426365] pci 0000:00:0d.0: reg 0x14: [io  0xd248-0xd24b]
Dec  9 18:47:03 ubuntu kernel: [    0.428260] pci 0000:00:0d.0: reg 0x18: [io  0xd250-0xd257]
Dec  9 18:47:03 ubuntu kernel: [    0.429066] pci 0000:00:0d.0: reg 0x1c: [io  0xd258-0xd25b]
Dec  9 18:47:03 ubuntu kernel: [    0.429866] pci 0000:00:0d.0: reg 0x20: [io  0xd260-0xd26f]
Dec  9 18:47:03 ubuntu kernel: [    0.430668] pci 0000:00:0d.0: reg 0x24: [mem 0xf0806000-0xf0807fff]
Dec  9 18:47:03 ubuntu kernel: [    0.440084] ACPI: PCI Interrupt Link [LNKA] (IRQs 5 9 10 *11)
Dec  9 18:47:03 ubuntu kernel: [    0.440249] ACPI: PCI Interrupt Link [LNKB] (IRQs 5 9 *10 11)
Dec  9 18:47:03 ubuntu kernel: [    0.440380] ACPI: PCI Interrupt Link [LNKC] (IRQs 5 *9 10 11)
Dec  9 18:47:03 ubuntu kernel: [    0.440509] ACPI: PCI Interrupt Link [LNKD] (IRQs 5 9 10 *11)
Dec  9 18:47:03 ubuntu kernel: [    0.440790] iommu: Default domain type: Translated 
Dec  9 18:47:03 ubuntu kernel: [    0.441040] SCSI subsystem initialized
Dec  9 18:47:03 ubuntu kernel: [    0.441069] libata version 3.00 loaded.
Dec  9 18:47:03 ubuntu kernel: [    0.441132] pci 0000:00:02.0: vgaarb: setting as boot VGA device
Dec  9 18:47:03 ubuntu kernel: [    0.441136] pci 0000:00:02.0: vgaarb: VGA device added: decodes=io+mem,owns=io+mem,locks=none
Dec  9 18:47:03 ubuntu kernel: [    0.441138] pci 0000:00:02.0: vgaarb: bridge control possible
Dec  9 18:47:03 ubuntu kernel: [    0.441139] vgaarb: loaded
Dec  9 18:47:03 ubuntu kernel: [    0.441161] ACPI: bus type USB registered
Dec  9 18:47:03 ubuntu kernel: [    0.441176] usbcore: registered new interface driver usbfs
Dec  9 18:47:03 ubuntu kernel: [    0.441182] usbcore: registered new interface driver hub
Dec  9 18:47:03 ubuntu kernel: [    0.441187] usbcore: registered new device driver usb
Dec  9 18:47:03 ubuntu kernel: [    0.441211] pps_core: LinuxPPS API ver. 1 registered
Dec  9 18:47:03 ubuntu kernel: [    0.441212] pps_core: Software ver. 5.3.6 - Copyright 2005-2007 Rodolfo Giometti <giometti@linux.it>
Dec  9 18:47:03 ubuntu kernel: [    0.441213] PTP clock support registered
Dec  9 18:47:03 ubuntu kernel: [    0.441254] EDAC MC: Ver: 3.0.0
Dec  9 18:47:03 ubuntu kernel: [    0.441638] PCI: Using ACPI for IRQ routing
Dec  9 18:47:03 ubuntu kernel: [    0.441639] PCI: pci_cache_line_size set to 64 bytes
Dec  9 18:47:03 ubuntu kernel: [    0.441927] e820: reserve RAM buffer [mem 0x0009fc00-0x0009ffff]
Dec  9 18:47:03 ubuntu kernel: [    0.441930] e820: reserve RAM buffer [mem 0x7fff0000-0x7fffffff]
Dec  9 18:47:03 ubuntu kernel: [    0.442034] NetLabel: Initializing
Dec  9 18:47:03 ubuntu kernel: [    0.442035] NetLabel:  domain hash size = 128
Dec  9 18:47:03 ubuntu kernel: [    0.442035] NetLabel:  protocols = UNLABELED CIPSOv4 CALIPSO
Dec  9 18:47:03 ubuntu kernel: [    0.442051] NetLabel:  unlabeled traffic allowed by default
Dec  9 18:47:03 ubuntu kernel: [    0.442694] clocksource: Switched to clocksource kvm-clock
Dec  9 18:47:03 ubuntu kernel: [    0.452617] *** VALIDATE bpf ***
Dec  9 18:47:03 ubuntu kernel: [    0.452617] VFS: Disk quotas dquot_6.6.0
Dec  9 18:47:03 ubuntu kernel: [    0.452617] VFS: Dquot-cache hash table entries: 512 (order 0, 4096 bytes)
Dec  9 18:47:03 ubuntu kernel: [    0.452617] *** VALIDATE ramfs ***
Dec  9 18:47:03 ubuntu kernel: [    0.452617] *** VALIDATE hugetlbfs ***
Dec  9 18:47:03 ubuntu kernel: [    0.452617] AppArmor: AppArmor Filesystem Enabled
Dec  9 18:47:03 ubuntu kernel: [    0.452617] pnp: PnP ACPI init
Dec  9 18:47:03 ubuntu kernel: [    0.452617] pnp 00:00: Plug and Play ACPI device, IDs PNP0303 (active)
Dec  9 18:47:03 ubuntu kernel: [    0.455109] pnp 00:01: Plug and Play ACPI device, IDs PNP0f03 (active)
Dec  9 18:47:03 ubuntu kernel: [    0.456511] pnp: PnP ACPI: found 2 devices
Dec  9 18:47:03 ubuntu kernel: [    0.457478] thermal_sys: Registered thermal governor 'fair_share'
Dec  9 18:47:03 ubuntu kernel: [    0.457479] thermal_sys: Registered thermal governor 'bang_bang'
Dec  9 18:47:03 ubuntu kernel: [    0.457480] thermal_sys: Registered thermal governor 'step_wise'
Dec  9 18:47:03 ubuntu kernel: [    0.457480] thermal_sys: Registered thermal governor 'user_space'
Dec  9 18:47:03 ubuntu kernel: [    0.457481] thermal_sys: Registered thermal governor 'power_allocator'
Dec  9 18:47:03 ubuntu kernel: [    0.462014] clocksource: acpi_pm: mask: 0xffffff max_cycles: 0xffffff, max_idle_ns: 2085701024 ns
Dec  9 18:47:03 ubuntu kernel: [    0.462066] pci_bus 0000:00: resource 4 [io  0x0000-0x0cf7 window]
Dec  9 18:47:03 ubuntu kernel: [    0.462068] pci_bus 0000:00: resource 5 [io  0x0d00-0xffff window]
Dec  9 18:47:03 ubuntu kernel: [    0.462069] pci_bus 0000:00: resource 6 [mem 0x000a0000-0x000bffff window]
Dec  9 18:47:03 ubuntu kernel: [    0.462070] pci_bus 0000:00: resource 7 [mem 0x80000000-0xfdffffff window]
Dec  9 18:47:03 ubuntu kernel: [    0.462129] NET: Registered protocol family 2
Dec  9 18:47:03 ubuntu kernel: [    0.462264] tcp_listen_portaddr_hash hash table entries: 1024 (order: 2, 16384 bytes, linear)
Dec  9 18:47:03 ubuntu kernel: [    0.462278] TCP established hash table entries: 16384 (order: 5, 131072 bytes, linear)
Dec  9 18:47:03 ubuntu kernel: [    0.462311] TCP bind hash table entries: 16384 (order: 6, 262144 bytes, linear)
Dec  9 18:47:03 ubuntu kernel: [    0.462326] TCP: Hash tables configured (established 16384 bind 16384)
Dec  9 18:47:03 ubuntu kernel: [    0.462352] UDP hash table entries: 1024 (order: 3, 32768 bytes, linear)
Dec  9 18:47:03 ubuntu kernel: [    0.462357] UDP-Lite hash table entries: 1024 (order: 3, 32768 bytes, linear)
Dec  9 18:47:03 ubuntu kernel: [    0.462419] NET: Registered protocol family 1
Dec  9 18:47:03 ubuntu kernel: [    0.462425] NET: Registered protocol family 44
Dec  9 18:47:03 ubuntu kernel: [    0.462462] pci 0000:00:00.0: Limiting direct PCI/PCI transfers
Dec  9 18:47:03 ubuntu kernel: [    0.462481] pci 0000:00:01.0: Activating ISA DMA hang workarounds
Dec  9 18:47:03 ubuntu kernel: [    0.462556] pci 0000:00:02.0: Video device with shadowed ROM at [mem 0x000c0000-0x000dffff]
Dec  9 18:47:03 ubuntu kernel: [    0.463971] PCI: CLS 0 bytes, default 64
Dec  9 18:47:03 ubuntu kernel: [    0.464014] Trying to unpack rootfs image as initramfs...
Dec  9 18:47:03 ubuntu kernel: [    0.818370] Freeing initrd memory: 88696K
Dec  9 18:47:03 ubuntu kernel: [    0.818517] clocksource: tsc: mask: 0xffffffffffffffff max_cycles: 0x396d4ffc055, max_idle_ns: 881590662783 ns
Dec  9 18:47:03 ubuntu kernel: [    0.818527] clocksource: Switched to clocksource tsc
Dec  9 18:47:03 ubuntu kernel: [    0.818560] platform rtc_cmos: registered platform RTC device (no PNP device found)
Dec  9 18:47:03 ubuntu kernel: [    0.818583] check: Scanning for low memory corruption every 60 seconds
Dec  9 18:47:03 ubuntu kernel: [    0.820408] Initialise system trusted keyrings
Dec  9 18:47:03 ubuntu kernel: [    0.820422] Key type blacklist registered
Dec  9 18:47:03 ubuntu kernel: [    0.820448] workingset: timestamp_bits=36 max_order=19 bucket_order=0
Dec  9 18:47:03 ubuntu kernel: [    0.820601] zbud: loaded
Dec  9 18:47:03 ubuntu kernel: [    0.820601] squashfs: version 4.0 (2009/01/31) Phillip Lougher
Dec  9 18:47:03 ubuntu kernel: [    0.820601] fuse: init (API version 7.31)
Dec  9 18:47:03 ubuntu kernel: [    0.820601] *** VALIDATE fuse ***
Dec  9 18:47:03 ubuntu kernel: [    0.820601] *** VALIDATE fuse ***
Dec  9 18:47:03 ubuntu kernel: [    0.820601] Platform Keyring initialized
Dec  9 18:47:03 ubuntu kernel: [    0.826548] Key type asymmetric registered
Dec  9 18:47:03 ubuntu kernel: [    0.826549] Asymmetric key parser 'x509' registered
Dec  9 18:47:03 ubuntu kernel: [    0.826564] Block layer SCSI generic (bsg) driver version 0.4 loaded (major 244)
Dec  9 18:47:03 ubuntu kernel: [    0.826603] io scheduler mq-deadline registered
Dec  9 18:47:03 ubuntu kernel: [    0.826702] shpchp: Standard Hot Plug PCI Controller Driver version: 0.4
Dec  9 18:47:03 ubuntu kernel: [    0.827264] ACPI: AC Adapter [AC] (off-line)
Dec  9 18:47:03 ubuntu kernel: [    0.827309] input: Power Button as /devices/LNXSYSTM:00/LNXPWRBN:00/input/input0
Dec  9 18:47:03 ubuntu kernel: [    0.827338] ACPI: Power Button [PWRF]
Dec  9 18:47:03 ubuntu kernel: [    0.827435] input: Sleep Button as /devices/LNXSYSTM:00/LNXSLPBN:00/input/input1
Dec  9 18:47:03 ubuntu kernel: [    0.827448] ACPI: Sleep Button [SLPF]
Dec  9 18:47:03 ubuntu kernel: [    0.829147] battery: ACPI: Battery Slot [BAT0] (battery present)
Dec  9 18:47:03 ubuntu kernel: [    0.829190] Serial: 8250/16550 driver, 32 ports, IRQ sharing enabled
Dec  9 18:47:03 ubuntu kernel: [    0.830198] Linux agpgart interface v0.103
Dec  9 18:47:03 ubuntu kernel: [    0.831393] loop: module loaded
Dec  9 18:47:03 ubuntu kernel: [    0.831771] ata_piix 0000:00:01.1: version 2.13
Dec  9 18:47:03 ubuntu kernel: [    0.832170] scsi host0: ata_piix
Dec  9 18:47:03 ubuntu kernel: [    0.832170] scsi host1: ata_piix
Dec  9 18:47:03 ubuntu kernel: [    0.832170] ata1: PATA max UDMA/33 cmd 0x1f0 ctl 0x3f6 bmdma 0xd000 irq 14
Dec  9 18:47:03 ubuntu kernel: [    0.832170] ata2: PATA max UDMA/33 cmd 0x170 ctl 0x376 bmdma 0xd008 irq 15
Dec  9 18:47:03 ubuntu kernel: [    0.832170] libphy: Fixed MDIO Bus: probed
Dec  9 18:47:03 ubuntu kernel: [    0.832170] tun: Universal TUN/TAP device driver, 1.6
Dec  9 18:47:03 ubuntu kernel: [    0.832834] PPP generic driver version 2.4.2
Dec  9 18:47:03 ubuntu kernel: [    0.832902] VFIO - User Level meta-driver version: 0.3
Dec  9 18:47:03 ubuntu kernel: [    0.833532] ehci_hcd: USB 2.0 'Enhanced' Host Controller (EHCI) Driver
Dec  9 18:47:03 ubuntu kernel: [    0.833538] ehci-pci: EHCI PCI platform driver
Dec  9 18:47:03 ubuntu kernel: [    0.833548] ehci-platform: EHCI generic platform driver
Dec  9 18:47:03 ubuntu kernel: [    0.833557] ohci_hcd: USB 1.1 'Open' Host Controller (OHCI) Driver
Dec  9 18:47:03 ubuntu kernel: [    0.833558] ohci-pci: OHCI PCI platform driver
Dec  9 18:47:03 ubuntu kernel: [    0.834301] ohci-pci 0000:00:06.0: OHCI PCI host controller
Dec  9 18:47:03 ubuntu kernel: [    0.834308] ohci-pci 0000:00:06.0: new USB bus registered, assigned bus number 1
Dec  9 18:47:03 ubuntu kernel: [    0.834377] ohci-pci 0000:00:06.0: irq 22, io mem 0xf0804000
Dec  9 18:47:03 ubuntu kernel: [    0.893545] usb usb1: New USB device found, idVendor=1d6b, idProduct=0001, bcdDevice= 5.04
Dec  9 18:47:03 ubuntu kernel: [    0.893547] usb usb1: New USB device strings: Mfr=3, Product=2, SerialNumber=1
Dec  9 18:47:03 ubuntu kernel: [    0.893548] usb usb1: Product: OHCI PCI host controller
Dec  9 18:47:03 ubuntu kernel: [    0.893550] usb usb1: Manufacturer: Linux 5.4.0-42-generic ohci_hcd
Dec  9 18:47:03 ubuntu kernel: [    0.893551] usb usb1: SerialNumber: 0000:00:06.0
Dec  9 18:47:03 ubuntu kernel: [    0.893665] hub 1-0:1.0: USB hub found
Dec  9 18:47:03 ubuntu kernel: [    0.893683] hub 1-0:1.0: 12 ports detected
Dec  9 18:47:03 ubuntu kernel: [    0.894115] ohci-platform: OHCI generic platform driver
Dec  9 18:47:03 ubuntu kernel: [    0.894126] uhci_hcd: USB Universal Host Controller Interface driver
Dec  9 18:47:03 ubuntu kernel: [    0.894172] i8042: PNP: PS/2 Controller [PNP0303:PS2K,PNP0f03:PS2M] at 0x60,0x64 irq 1,12
Dec  9 18:47:03 ubuntu kernel: [    0.894620] serio: i8042 KBD port at 0x60,0x64 irq 1
Dec  9 18:47:03 ubuntu kernel: [    0.894623] serio: i8042 AUX port at 0x60,0x64 irq 12
Dec  9 18:47:03 ubuntu kernel: [    0.894674] mousedev: PS/2 mouse device common for all mice
Dec  9 18:47:03 ubuntu kernel: [    0.895247] input: AT Translated Set 2 keyboard as /devices/platform/i8042/serio0/input/input2
Dec  9 18:47:03 ubuntu kernel: [    0.895303] rtc_cmos rtc_cmos: registered as rtc0
Dec  9 18:47:03 ubuntu kernel: [    0.895315] rtc_cmos rtc_cmos: alarms up to one day, 114 bytes nvram
Dec  9 18:47:03 ubuntu kernel: [    0.895320] i2c /dev entries driver
Dec  9 18:47:03 ubuntu kernel: [    0.895362] device-mapper: uevent: version 1.0.3
Dec  9 18:47:03 ubuntu kernel: [    0.896107] device-mapper: ioctl: 4.41.0-ioctl (2019-09-16) initialised: dm-devel@redhat.com
Dec  9 18:47:03 ubuntu kernel: [    0.896139] platform eisa.0: Probing EISA bus 0
Dec  9 18:47:03 ubuntu kernel: [    0.896141] platform eisa.0: EISA: Cannot allocate resource for mainboard
Dec  9 18:47:03 ubuntu kernel: [    0.896142] platform eisa.0: Cannot allocate resource for EISA slot 1
Dec  9 18:47:03 ubuntu kernel: [    0.896143] platform eisa.0: Cannot allocate resource for EISA slot 2
Dec  9 18:47:03 ubuntu kernel: [    0.896145] platform eisa.0: Cannot allocate resource for EISA slot 3
Dec  9 18:47:03 ubuntu kernel: [    0.896146] platform eisa.0: Cannot allocate resource for EISA slot 4
Dec  9 18:47:03 ubuntu kernel: [    0.896147] platform eisa.0: Cannot allocate resource for EISA slot 5
Dec  9 18:47:03 ubuntu kernel: [    0.896148] platform eisa.0: Cannot allocate resource for EISA slot 6
Dec  9 18:47:03 ubuntu kernel: [    0.896149] platform eisa.0: Cannot allocate resource for EISA slot 7
Dec  9 18:47:03 ubuntu kernel: [    0.896150] platform eisa.0: Cannot allocate resource for EISA slot 8
Dec  9 18:47:03 ubuntu kernel: [    0.896152] platform eisa.0: EISA: Detected 0 cards
Dec  9 18:47:03 ubuntu kernel: [    0.896155] intel_pstate: CPU model not supported
Dec  9 18:47:03 ubuntu kernel: [    0.896167] ledtrig-cpu: registered to indicate activity on CPUs
Dec  9 18:47:03 ubuntu kernel: [    0.896321] intel_pmc_core intel_pmc_core.0:  initialized
Dec  9 18:47:03 ubuntu kernel: [    0.896344] drop_monitor: Initializing network drop monitor service
Dec  9 18:47:03 ubuntu kernel: [    0.896499] NET: Registered protocol family 10
Dec  9 18:47:03 ubuntu kernel: [    0.905193] Segment Routing with IPv6
Dec  9 18:47:03 ubuntu kernel: [    0.905221] NET: Registered protocol family 17
Dec  9 18:47:03 ubuntu kernel: [    0.905265] Key type dns_resolver registered
Dec  9 18:47:03 ubuntu kernel: [    0.905377] RAS: Correctable Errors collector initialized.
Dec  9 18:47:03 ubuntu kernel: [    0.905389] IPI shorthand broadcast: enabled
Dec  9 18:47:03 ubuntu kernel: [    0.905395] sched_clock: Marking stable (894395174, 10300016)->(907904503, -3209313)
Dec  9 18:47:03 ubuntu kernel: [    0.905452] registered taskstats version 1
Dec  9 18:47:03 ubuntu kernel: [    0.905459] Loading compiled-in X.509 certificates
Dec  9 18:47:03 ubuntu kernel: [    0.907784] Loaded X.509 cert 'Build time autogenerated kernel key: 9e1aeb581c5145b0cc48f50fdf6e09edec23120f'
Dec  9 18:47:03 ubuntu kernel: [    0.907811] zswap: loaded using pool lzo/zbud
Dec  9 18:47:03 ubuntu kernel: [    0.907875] Key type ._fscrypt registered
Dec  9 18:47:03 ubuntu kernel: [    0.907876] Key type .fscrypt registered
Dec  9 18:47:03 ubuntu kernel: [    0.916406] Key type big_key registered
Dec  9 18:47:03 ubuntu kernel: [    0.920179] Key type encrypted registered
Dec  9 18:47:03 ubuntu kernel: [    0.920184] AppArmor: AppArmor sha1 policy hashing enabled
Dec  9 18:47:03 ubuntu kernel: [    0.920192] ima: No TPM chip found, activating TPM-bypass!
Dec  9 18:47:03 ubuntu kernel: [    0.920202] ima: Allocated hash algorithm: sha1
Dec  9 18:47:03 ubuntu kernel: [    0.920208] ima: No architecture policies found
Dec  9 18:47:03 ubuntu kernel: [    0.920221] evm: Initialising EVM extended attributes:
Dec  9 18:47:03 ubuntu kernel: [    0.920221] evm: security.selinux
Dec  9 18:47:03 ubuntu kernel: [    0.920222] evm: security.SMACK64
Dec  9 18:47:03 ubuntu kernel: [    0.920223] evm: security.SMACK64EXEC
Dec  9 18:47:03 ubuntu kernel: [    0.920223] evm: security.SMACK64TRANSMUTE
Dec  9 18:47:03 ubuntu kernel: [    0.920224] evm: security.SMACK64MMAP
Dec  9 18:47:03 ubuntu kernel: [    0.920224] evm: security.apparmor
Dec  9 18:47:03 ubuntu kernel: [    0.920225] evm: security.ima
Dec  9 18:47:03 ubuntu kernel: [    0.920225] evm: security.capability
Dec  9 18:47:03 ubuntu kernel: [    0.920226] evm: HMAC attrs: 0x1
Dec  9 18:47:03 ubuntu kernel: [    0.920593] PM:   Magic number: 0:858:796
Dec  9 18:47:03 ubuntu kernel: [    0.920668] rtc_cmos rtc_cmos: setting system clock to 2020-12-09T18:46:30 UTC (1607539590)
Dec  9 18:47:03 ubuntu kernel: [    0.993946] ata1.00: ATAPI: VBOX CD-ROM, 1.0, max UDMA/133
Dec  9 18:47:03 ubuntu kernel: [    0.994288] ata2.00: ATAPI: VBOX CD-ROM, 1.0, max UDMA/133
Dec  9 18:47:03 ubuntu kernel: [    0.995670] scsi 0:0:0:0: CD-ROM            VBOX     CD-ROM           1.0  PQ: 0 ANSI: 5
Dec  9 18:47:03 ubuntu kernel: [    0.996839] sr 0:0:0:0: [sr0] scsi3-mmc drive: 32x/32x xa/form2 tray
Dec  9 18:47:03 ubuntu kernel: [    0.996841] cdrom: Uniform CD-ROM driver Revision: 3.20
Dec  9 18:47:03 ubuntu kernel: [    0.997026] sr 0:0:0:0: Attached scsi CD-ROM sr0
Dec  9 18:47:03 ubuntu kernel: [    0.997238] sr 0:0:0:0: Attached scsi generic sg0 type 5
Dec  9 18:47:03 ubuntu kernel: [    0.997661] scsi 1:0:0:0: CD-ROM            VBOX     CD-ROM           1.0  PQ: 0 ANSI: 5
Dec  9 18:47:03 ubuntu kernel: [    0.998440] sr 1:0:0:0: [sr1] scsi3-mmc drive: 32x/32x xa/form2 tray
Dec  9 18:47:03 ubuntu kernel: [    0.998566] sr 1:0:0:0: Attached scsi CD-ROM sr1
Dec  9 18:47:03 ubuntu kernel: [    0.998607] sr 1:0:0:0: Attached scsi generic sg1 type 5
Dec  9 18:47:03 ubuntu kernel: [    0.999917] Freeing unused decrypted memory: 2040K
Dec  9 18:47:03 ubuntu kernel: [    1.000346] Freeing unused kernel image memory: 2712K
Dec  9 18:47:03 ubuntu kernel: [    1.008499] Write protecting the kernel read-only data: 22528k
Dec  9 18:47:03 ubuntu kernel: [    1.008970] Freeing unused kernel image memory: 2008K
Dec  9 18:47:03 ubuntu kernel: [    1.009217] Freeing unused kernel image memory: 1192K
Dec  9 18:47:03 ubuntu kernel: [    1.018244] x86/mm: Checked W+X mappings: passed, no W+X pages found.
Dec  9 18:47:03 ubuntu kernel: [    1.018245] x86/mm: Checking user space page tables
Dec  9 18:47:03 ubuntu kernel: [    1.026919] x86/mm: Checked W+X mappings: passed, no W+X pages found.
Dec  9 18:47:03 ubuntu kernel: [    1.026923] Run /init as init process
Dec  9 18:47:03 ubuntu kernel: [    1.132984] ACPI: Video Device [GFX0] (multi-head: yes  rom: no  post: no)
Dec  9 18:47:03 ubuntu kernel: [    1.133046] input: Video Bus as /devices/LNXSYSTM:00/LNXSYBUS:00/PNP0A03:00/LNXVIDEO:00/input/input5
Dec  9 18:47:03 ubuntu kernel: [    1.161210] e1000: Intel(R) PRO/1000 Network Driver - version 7.3.21-k8-NAPI
Dec  9 18:47:03 ubuntu kernel: [    1.161211] e1000: Copyright (c) 1999-2006 Intel Corporation.
Dec  9 18:47:03 ubuntu kernel: [    1.167513] piix4_smbus 0000:00:07.0: SMBus Host Controller at 0x4100, revision 0
Dec  9 18:47:03 ubuntu kernel: [    1.170456] ahci 0000:00:0d.0: version 3.0
Dec  9 18:47:03 ubuntu kernel: [    1.171122] ahci 0000:00:0d.0: SSS flag set, parallel bus scan disabled
Dec  9 18:47:03 ubuntu kernel: [    1.171261] ahci 0000:00:0d.0: AHCI 0001.0100 32 slots 1 ports 3 Gbps 0x1 impl SATA mode
Dec  9 18:47:03 ubuntu kernel: [    1.171263] ahci 0000:00:0d.0: flags: 64bit ncq stag only ccc 
Dec  9 18:47:03 ubuntu kernel: [    1.192123] scsi host2: ahci
Dec  9 18:47:03 ubuntu kernel: [    1.192528] ata3: SATA max UDMA/133 abar m8192@0xf0806000 port 0xf0806100 irq 21
Dec  9 18:47:03 ubuntu kernel: [    1.219185] cryptd: max_cpu_qlen set to 1000
Dec  9 18:47:03 ubuntu kernel: [    1.222633] AVX2 version of gcm_enc/dec engaged.
Dec  9 18:47:03 ubuntu kernel: [    1.222633] AES CTR mode by8 optimization enabled
Dec  9 18:47:03 ubuntu kernel: [    1.301672] [drm] DMA map mode: Caching DMA mappings.
Dec  9 18:47:03 ubuntu kernel: [    1.301728] [drm] Capabilities:
Dec  9 18:47:03 ubuntu kernel: [    1.301728] [drm]   Cursor.
Dec  9 18:47:03 ubuntu kernel: [    1.301729] [drm]   Cursor bypass 2.
Dec  9 18:47:03 ubuntu kernel: [    1.301729] [drm]   Alpha cursor.
Dec  9 18:47:03 ubuntu kernel: [    1.301729] [drm]   3D.
Dec  9 18:47:03 ubuntu kernel: [    1.301729] [drm]   Extended Fifo.
Dec  9 18:47:03 ubuntu kernel: [    1.301730] [drm]   Pitchlock.
Dec  9 18:47:03 ubuntu kernel: [    1.301730] [drm]   Irq mask.
Dec  9 18:47:03 ubuntu kernel: [    1.301730] [drm]   GMR.
Dec  9 18:47:03 ubuntu kernel: [    1.301730] [drm]   Traces.
Dec  9 18:47:03 ubuntu kernel: [    1.301731] [drm]   GMR2.
Dec  9 18:47:03 ubuntu kernel: [    1.301731] [drm]   Screen Object 2.
Dec  9 18:47:03 ubuntu kernel: [    1.301732] [drm] Max GMR ids is 8192
Dec  9 18:47:03 ubuntu kernel: [    1.301733] [drm] Max number of GMR pages is 1048576
Dec  9 18:47:03 ubuntu kernel: [    1.301733] [drm] Max dedicated hypervisor surface memory is 507904 kiB
Dec  9 18:47:03 ubuntu kernel: [    1.301733] [drm] Maximum display memory size is 16384 kiB
Dec  9 18:47:03 ubuntu kernel: [    1.301734] [drm] VRAM at 0xe0000000 size is 16384 kiB
Dec  9 18:47:03 ubuntu kernel: [    1.301735] [drm] MMIO at 0xf0000000 size is 2048 kiB
Dec  9 18:47:03 ubuntu kernel: [    1.308540] [TTM] Zone  kernel: Available graphics memory: 1017752 KiB
Dec  9 18:47:03 ubuntu kernel: [    1.308543] [TTM] Initializing pool allocator
Dec  9 18:47:03 ubuntu kernel: [    1.308552] [TTM] Initializing DMA pool allocator
Dec  9 18:47:03 ubuntu kernel: [    1.308573] [drm] Supports vblank timestamp caching Rev 2 (21.10.2013).
Dec  9 18:47:03 ubuntu kernel: [    1.308574] [drm] No driver support for vblank timestamp query.
Dec  9 18:47:03 ubuntu kernel: [    1.308935] [drm] Screen Objects Display Unit initialized
Dec  9 18:47:03 ubuntu kernel: [    1.309039] [drm] width 720
Dec  9 18:47:03 ubuntu kernel: [    1.309054] [drm] height 400
Dec  9 18:47:03 ubuntu kernel: [    1.309068] [drm] bpp 32
Dec  9 18:47:03 ubuntu kernel: [    1.309436] [drm] Fifo max 0x00200000 min 0x00001000 cap 0x00000355
Dec  9 18:47:03 ubuntu kernel: [    1.309445] [drm] DX: no.
Dec  9 18:47:03 ubuntu kernel: [    1.309446] [drm] Atomic: yes.
Dec  9 18:47:03 ubuntu kernel: [    1.309446] [drm] SM4_1: no.
Dec  9 18:47:03 ubuntu kernel: [    1.309462] [drm:vmw_host_log [vmwgfx]] *ERROR* Failed to send host log message.
Dec  9 18:47:03 ubuntu kernel: [    1.310698] [drm:vmw_host_log [vmwgfx]] *ERROR* Failed to send host log message.
Dec  9 18:47:03 ubuntu kernel: [    1.346201] fbcon: svgadrmfb (fb0) is primary device
Dec  9 18:47:03 ubuntu kernel: [    1.348544] Console: switching to colour frame buffer device 100x37
Dec  9 18:47:03 ubuntu kernel: [    1.348573] usb 1-1: new full-speed USB device number 2 using ohci-pci
Dec  9 18:47:03 ubuntu kernel: [    1.357715] [drm] Initialized vmwgfx 2.15.0 20180704 for 0000:00:02.0 on minor 0
Dec  9 18:47:03 ubuntu kernel: [    1.392691] input: ImExPS/2 Generic Explorer Mouse as /devices/platform/i8042/serio1/input/input6
Dec  9 18:47:03 ubuntu kernel: [    1.509506] ata3: SATA link up 3.0 Gbps (SStatus 123 SControl 300)
Dec  9 18:47:03 ubuntu kernel: [    1.509757] ata3.00: ATA-6: VBOX HARDDISK, 1.0, max UDMA/133
Dec  9 18:47:03 ubuntu kernel: [    1.509759] ata3.00: 20971520 sectors, multi 128: LBA48 NCQ (depth 32)
Dec  9 18:47:03 ubuntu kernel: [    1.516163] ata3.00: configured for UDMA/133
Dec  9 18:47:03 ubuntu kernel: [    1.516261] scsi 2:0:0:0: Direct-Access     ATA      VBOX HARDDISK    1.0  PQ: 0 ANSI: 5
Dec  9 18:47:03 ubuntu kernel: [    1.516585] sd 2:0:0:0: [sda] 20971520 512-byte logical blocks: (10.7 GB/10.0 GiB)
Dec  9 18:47:03 ubuntu kernel: [    1.516594] sd 2:0:0:0: [sda] Write Protect is off
Dec  9 18:47:03 ubuntu kernel: [    1.516596] sd 2:0:0:0: [sda] Mode Sense: 00 3a 00 00
Dec  9 18:47:03 ubuntu kernel: [    1.516612] sd 2:0:0:0: [sda] Write cache: enabled, read cache: enabled, doesn't support DPO or FUA
Dec  9 18:47:03 ubuntu kernel: [    1.516891] sd 2:0:0:0: Attached scsi generic sg2 type 0
Dec  9 18:47:03 ubuntu kernel: [    1.517714] sd 2:0:0:0: [sda] Attached SCSI disk
Dec  9 18:47:03 ubuntu kernel: [    1.695428] usb 1-1: New USB device found, idVendor=80ee, idProduct=0021, bcdDevice= 1.00
Dec  9 18:47:03 ubuntu kernel: [    1.695430] usb 1-1: New USB device strings: Mfr=1, Product=3, SerialNumber=0
Dec  9 18:47:03 ubuntu kernel: [    1.695432] usb 1-1: Product: USB Tablet
Dec  9 18:47:03 ubuntu kernel: [    1.695433] usb 1-1: Manufacturer: VirtualBox
Dec  9 18:47:03 ubuntu kernel: [    1.706038] hidraw: raw HID events driver (C) Jiri Kosina
Dec  9 18:47:03 ubuntu kernel: [    1.724966] usbcore: registered new interface driver usbhid
Dec  9 18:47:03 ubuntu kernel: [    1.724968] usbhid: USB HID core driver
Dec  9 18:47:03 ubuntu kernel: [    1.727808] input: VirtualBox USB Tablet as /devices/pci0000:00/0000:00:06.0/usb1/1-1/1-1:1.0/0003:80EE:0021.0001/input/input7
Dec  9 18:47:03 ubuntu kernel: [    1.727999] hid-generic 0003:80EE:0021.0001: input,hidraw0: USB HID v1.10 Mouse [VirtualBox USB Tablet] on usb-0000:00:06.0-1/input0
Dec  9 18:47:03 ubuntu kernel: [    1.820017] e1000 0000:00:03.0 eth0: (PCI:33MHz:32-bit) 08:00:27:66:bd:8a
Dec  9 18:47:03 ubuntu kernel: [    1.820021] e1000 0000:00:03.0 eth0: Intel(R) PRO/1000 Network Connection
Dec  9 18:47:03 ubuntu kernel: [    1.821314] e1000 0000:00:03.0 enp0s3: renamed from eth0
Dec  9 18:47:03 ubuntu kernel: [    2.020412] ISO 9660 Extensions: Microsoft Joliet Level 3
Dec  9 18:47:03 ubuntu kernel: [    2.023788] ISO 9660 Extensions: RRIP_1991A
Dec  9 18:47:03 ubuntu kernel: [   25.734728] systemd[1]: Inserted module 'autofs4'
Dec  9 18:47:03 ubuntu kernel: [   25.747604] systemd[1]: systemd 245.4-4ubuntu3.2 running in system mode. (+PAM +AUDIT +SELINUX +IMA +APPARMOR +SMACK +SYSVINIT +UTMP +LIBCRYPTSETUP +GCRYPT +GNUTLS +ACL +XZ +LZ4 +SECCOMP +BLKID +ELFUTILS +KMOD +IDN2 -IDN +PCRE2 default-hierarchy=hybrid)
Dec  9 18:47:03 ubuntu kernel: [   25.747640] systemd[1]: Detected virtualization oracle.
Dec  9 18:47:03 ubuntu kernel: [   25.747644] systemd[1]: Detected architecture x86-64.
Dec  9 18:47:03 ubuntu kernel: [   25.749039] systemd[1]: Set hostname to <ubuntu>.
Dec  9 18:47:03 ubuntu kernel: [   25.749202] systemd[1]: Initializing machine ID from random generator.
Dec  9 18:47:03 ubuntu kernel: [   25.967120] systemd[1]: /lib/systemd/system/dbus.socket:5: ListenStream= references a path below legacy directory /var/run/, updating /var/run/dbus/system_bus_socket â†’ /run/dbus/system_bus_socket; please update the unit file accordingly.
Dec  9 18:47:03 ubuntu kernel: [   26.009564] systemd[1]: Created slice system-modprobe.slice.
Dec  9 18:47:03 ubuntu kernel: [   26.010062] systemd[1]: Created slice User and Session Slice.
Dec  9 18:47:03 ubuntu kernel: [   26.010143] systemd[1]: Started Forward Password Requests to Wall Directory Watch.
Dec  9 18:47:03 ubuntu kernel: [   26.010354] systemd[1]: Set up automount Arbitrary Executable File Formats File System Automount Point.
Dec  9 18:47:03 ubuntu kernel: [   26.010393] systemd[1]: Reached target User and Group Name Lookups.
Dec  9 18:47:03 ubuntu kernel: [   26.010406] systemd[1]: Reached target Remote File Systems.
Dec  9 18:47:03 ubuntu kernel: [   26.010419] systemd[1]: Reached target Slices.
Dec  9 18:47:03 ubuntu kernel: [   26.010433] systemd[1]: Reached target Swap.
Dec  9 18:47:03 ubuntu kernel: [   26.010520] systemd[1]: Listening on Device-mapper event daemon FIFOs.
Dec  9 18:47:03 ubuntu kernel: [   26.010914] systemd[1]: Listening on LVM2 poll daemon socket.
Dec  9 18:47:03 ubuntu kernel: [   26.011094] systemd[1]: Listening on Syslog Socket.
Dec  9 18:47:03 ubuntu kernel: [   26.011150] systemd[1]: Listening on initctl Compatibility Named Pipe.
Dec  9 18:47:03 ubuntu kernel: [   26.011467] systemd[1]: Listening on Journal Audit Socket.
Dec  9 18:47:03 ubuntu kernel: [   26.011550] systemd[1]: Listening on Journal Socket (/dev/log).
Dec  9 18:47:03 ubuntu kernel: [   26.011652] systemd[1]: Listening on Journal Socket.
Dec  9 18:47:03 ubuntu kernel: [   26.011754] systemd[1]: Listening on udev Control Socket.
Dec  9 18:47:03 ubuntu kernel: [   26.011835] systemd[1]: Listening on udev Kernel Socket.
Dec  9 18:47:03 ubuntu kernel: [   26.013102] systemd[1]: Mounting Huge Pages File System...
Dec  9 18:47:03 ubuntu kernel: [   26.014113] systemd[1]: Mounting POSIX Message Queue File System...
Dec  9 18:47:03 ubuntu kernel: [   26.015007] systemd[1]: Mounting Kernel Debug File System...
Dec  9 18:47:03 ubuntu kernel: [   26.015993] systemd[1]: Mounting Kernel Trace File System...
Dec  9 18:47:03 ubuntu kernel: [   26.021953] systemd[1]: Starting Journal Service...
Dec  9 18:47:03 ubuntu kernel: [   26.031856] systemd[1]: Starting Availability of block devices...
Dec  9 18:47:03 ubuntu kernel: [   26.052975] systemd[1]: Starting Set the console keyboard layout...
Dec  9 18:47:03 ubuntu kernel: [   26.061419] systemd[1]: Starting Create list of static device nodes for the current kernel...
Dec  9 18:47:03 ubuntu kernel: [   26.070998] systemd[1]: Starting Monitoring of LVM2 mirrors, snapshots etc. using dmeventd or progress polling...
Dec  9 18:47:03 ubuntu kernel: [   26.071051] systemd[1]: Condition check resulted in Load Kernel Module drm being skipped.
Dec  9 18:47:03 ubuntu kernel: [   26.076685] systemd[1]: Condition check resulted in Set Up Additional Binary Formats being skipped.
Dec  9 18:47:03 ubuntu kernel: [   26.092906] systemd[1]: Starting Load Kernel Modules...
Dec  9 18:47:03 ubuntu kernel: [   26.102043] systemd[1]: Starting Remount Root and Kernel File Systems...
Dec  9 18:47:03 ubuntu kernel: [   26.111398] systemd[1]: Starting udev Coldplug all Devices...
Dec  9 18:47:03 ubuntu kernel: [   26.128859] systemd[1]: Starting Uncomplicated firewall...
Dec  9 18:47:03 ubuntu kernel: [   26.131050] systemd[1]: Mounted Huge Pages File System.
Dec  9 18:47:03 ubuntu kernel: [   26.158250] systemd[1]: Mounted POSIX Message Queue File System.
Dec  9 18:47:03 ubuntu kernel: [   26.159990] systemd[1]: Mounted Kernel Debug File System.
Dec  9 18:47:03 ubuntu kernel: [   26.162167] systemd[1]: Mounted Kernel Trace File System.
Dec  9 18:47:03 ubuntu kernel: [   26.165546] systemd[1]: Finished Availability of block devices.
Dec  9 18:47:03 ubuntu kernel: [   26.173048] systemd[1]: Finished Create list of static device nodes for the current kernel.
Dec  9 18:47:03 ubuntu kernel: [   26.178095] systemd[1]: Finished Uncomplicated firewall.
Dec  9 18:47:03 ubuntu kernel: [   26.192108] systemd[1]: Finished Remount Root and Kernel File Systems.
Dec  9 18:47:03 ubuntu kernel: [   26.198591] systemd[1]: Finished Monitoring of LVM2 mirrors, snapshots etc. using dmeventd or progress polling.
Dec  9 18:47:03 ubuntu kernel: [   26.199416] systemd[1]: Condition check resulted in Rebuild Hardware Database being skipped.
Dec  9 18:47:03 ubuntu kernel: [   26.199457] systemd[1]: Condition check resulted in Platform Persistent Storage Archival being skipped.
Dec  9 18:47:03 ubuntu kernel: [   26.209536] systemd[1]: Starting Create System Users...
Dec  9 18:47:03 ubuntu kernel: [   26.219683] lp: driver loaded but no devices found
Dec  9 18:47:03 ubuntu kernel: [   26.242228] ppdev: user-space parallel port driver
Dec  9 18:47:03 ubuntu kernel: [   26.263153] systemd[1]: Finished Load Kernel Modules.
Dec  9 18:47:03 ubuntu kernel: [   26.264323] systemd[1]: Mounting FUSE Control File System...
Dec  9 18:47:03 ubuntu kernel: [   26.266189] systemd[1]: Mounting Kernel Configuration File System...
Dec  9 18:47:03 ubuntu kernel: [   26.288365] systemd[1]: Starting Apply Kernel Variables...
Dec  9 18:47:03 ubuntu kernel: [   26.305325] systemd[1]: Mounted FUSE Control File System.
Dec  9 18:47:03 ubuntu kernel: [   26.333397] systemd[1]: Mounted Kernel Configuration File System.
Dec  9 18:47:03 ubuntu kernel: [   26.338256] systemd[1]: Finished Apply Kernel Variables.
Dec  9 18:47:03 ubuntu kernel: [   26.343245] systemd[1]: Finished Create System Users.
Dec  9 18:47:03 ubuntu kernel: [   26.349646] systemd[1]: Starting Create Static Device Nodes in /dev...
Dec  9 18:47:03 ubuntu kernel: [   26.399404] systemd[1]: Finished Create Static Device Nodes in /dev.
Dec  9 18:47:03 ubuntu kernel: [   26.400710] systemd[1]: Starting udev Kernel Device Manager...
Dec  9 18:47:03 ubuntu kernel: [   26.454373] systemd[1]: Started Journal Service.
Dec  9 18:47:03 ubuntu kernel: [   26.479584] systemd-journald[959]: Received client request to flush runtime journal.
Dec  9 18:47:03 ubuntu kernel: [   27.536755] vboxguest: loading out-of-tree module taints kernel.
Dec  9 18:47:03 ubuntu kernel: [   27.614593] vgdrvHeartbeatInit: Setting up heartbeat to trigger every 2000 milliseconds
Dec  9 18:47:03 ubuntu kernel: [   27.614741] input: Unspecified device as /devices/pci0000:00/0000:00:04.0/input/input8
Dec  9 18:47:03 ubuntu kernel: [   27.632481] vboxguest: Successfully loaded version 6.1.6_Ubuntu
Dec  9 18:47:03 ubuntu kernel: [   27.632551] vboxguest: misc device minor 58, IRQ 20, I/O port d040, MMIO at 00000000f0400000 (size 0x400000)
Dec  9 18:47:03 ubuntu kernel: [   27.632552] vboxguest: Successfully loaded version 6.1.6_Ubuntu (interface 0x00010004)
Dec  9 18:47:03 ubuntu kernel: [   27.962006] RAPL PMU: API unit is 2^-32 Joules, 0 fixed counters, 10737418240 ms ovfl timer
Dec  9 18:47:03 ubuntu kernel: [   30.691765] snd_intel8x0 0000:00:05.0: white list rate for 1028:0177 is 48000
Dec  9 18:47:03 ubuntu kernel: [   30.826085] zlua: module license 'MIT' taints kernel.
Dec  9 18:47:03 ubuntu kernel: [   30.826086] Disabling lock debugging due to kernel taint
Dec  9 18:47:03 ubuntu kernel: [   32.910186] ZFS: Loaded module v0.8.3-1ubuntu12.1, ZFS pool version 5000, ZFS filesystem version 5
Dec  9 18:47:03 ubuntu systemd-modules-load[967]: Inserted module 'lp'
Dec  9 18:47:03 ubuntu systemd-modules-load[967]: Inserted module 'ppdev'
Dec  9 18:47:03 ubuntu systemd-modules-load[967]: Inserted module 'parport_pc'
Dec  9 18:47:03 ubuntu systemd-sysusers[975]: Creating group systemd-coredump with gid 998.
Dec  9 18:47:03 ubuntu systemd-sysctl[981]: Not setting net/ipv4/conf/all/promote_secondaries (explicit setting exists).
Dec  9 18:47:03 ubuntu systemd-sysctl[981]: Not setting net/ipv4/conf/default/promote_secondaries (explicit setting exists).
Dec  9 18:47:03 ubuntu systemd-sysusers[975]: Creating user systemd-coredump (systemd Core Dumper) with uid 998 and gid 998.
Dec  9 18:47:03 ubuntu systemd[1]: Starting Flush Journal to Persistent Storage...
Dec  9 18:47:03 ubuntu systemd[1]: Finished Set the console keyboard layout.
Dec  9 18:47:03 ubuntu systemd[1]: Reached target Local File Systems (Pre).
Dec  9 18:47:03 ubuntu systemd[1]: tmp.mount: Directory /tmp to mount over is not empty, mounting anyway.
Dec  9 18:47:03 ubuntu systemd[1]: Mounting /tmp...
Dec  9 18:47:03 ubuntu systemd[1]: Finished udev Coldplug all Devices.
Dec  9 18:47:03 ubuntu systemd[1]: Mounted /tmp.
Dec  9 18:47:03 ubuntu systemd[1]: Starting udev Wait for Complete Device Initialization...
Dec  9 18:47:03 ubuntu systemd[1]: Finished Flush Journal to Persistent Storage.
Dec  9 18:47:03 ubuntu systemd[1]: Started udev Kernel Device Manager.
Dec  9 18:47:03 ubuntu systemd[1]: Starting Show Plymouth Boot Screen...
Dec  9 18:47:03 ubuntu systemd[1]: plymouth-start.service: Succeeded.
Dec  9 18:47:03 ubuntu systemd[1]: Started Show Plymouth Boot Screen.
Dec  9 18:47:03 ubuntu systemd[1]: Condition check resulted in Dispatch Password Requests to Console Directory Watch being skipped.
Dec  9 18:47:03 ubuntu systemd[1]: Started Forward Password Requests to Plymouth Directory Watch.
Dec  9 18:47:03 ubuntu systemd[1]: Reached target Local Encrypted Volumes.
Dec  9 18:47:03 ubuntu systemd-udevd[1004]: Using default interface naming scheme 'v245'.
Dec  9 18:47:03 ubuntu systemd-udevd[1004]: ethtool: autonegotiation is unset or enabled, the speed and duplex are not writable.
Dec  9 18:47:03 ubuntu mtp-probe: checking bus 1, device 2: "/sys/devices/pci0000:00/0000:00:06.0/usb1/1-1"
Dec  9 18:47:03 ubuntu mtp-probe: bus: 1, device: 2 was not an MTP device
Dec  9 18:47:03 ubuntu systemd[1]: Listening on Load/Save RF Kill Switch Status /dev/rfkill Watch.
Dec  9 18:47:03 ubuntu systemd-udevd[991]: ethtool: autonegotiation is unset or enabled, the speed and duplex are not writable.
Dec  9 18:47:03 ubuntu udevadm[989]: systemd-udev-settle.service is deprecated.
Dec  9 18:47:03 ubuntu systemd[1]: Starting Show Plymouth Boot Screen...
Dec  9 18:47:03 ubuntu systemd[1]: Condition check resulted in Set Up Additional Binary Formats being skipped.
Dec  9 18:47:03 ubuntu systemd[1]: Condition check resulted in Rebuild Hardware Database being skipped.
Dec  9 18:47:03 ubuntu systemd[1]: Condition check resulted in Platform Persistent Storage Archival being skipped.
Dec  9 18:47:03 ubuntu systemd[1]: plymouth-start.service: Succeeded.
Dec  9 18:47:03 ubuntu systemd[1]: Started Show Plymouth Boot Screen.
Dec  9 18:47:03 ubuntu systemd[1]: Condition check resulted in Dispatch Password Requests to Console Directory Watch being skipped.
Dec  9 18:47:03 ubuntu systemd-udevd[992]: controlC0: Process '/usr/sbin/alsactl -E HOME=/run/alsa -E XDG_RUNTIME_DIR=/run/alsa/runtime restore 0' failed with exit code 99.
Dec  9 18:47:03 ubuntu systemd[1]: Finished udev Wait for Complete Device Initialization.
Dec  9 18:47:03 ubuntu systemd[1]: Starting Install ZFS kernel module...
Dec  9 18:47:03 ubuntu systemd[1]: Finished Install ZFS kernel module.
Dec  9 18:47:03 ubuntu systemd[1]: Condition check resulted in Import ZFS pools by cache file being skipped.
Dec  9 18:47:03 ubuntu systemd[1]: Reached target ZFS pool import target.
Dec  9 18:47:03 ubuntu systemd[1]: Starting Mount ZFS filesystems...
Dec  9 18:47:03 ubuntu systemd[1]: Starting Wait for ZFS Volume (zvol) links in /dev...
Dec  9 18:47:03 ubuntu systemd[1]: Finished Mount ZFS filesystems.
Dec  9 18:47:03 ubuntu systemd[1]: Reached target Local File Systems.
Dec  9 18:47:03 ubuntu systemd[1]: Condition check resulted in Load AppArmor profiles being skipped.
Dec  9 18:47:03 ubuntu systemd[1]: Starting Set console font and keymap...
Dec  9 18:47:03 ubuntu zvol_wait[1124]: No zvols found, nothing to do.
Dec  9 18:47:03 ubuntu systemd[1]: Starting Create final runtime dir for shutdown pivot root...
Dec  9 18:47:03 ubuntu systemd[1]: Starting Tell Plymouth To Write Out Runtime Data...
Dec  9 18:47:03 ubuntu systemd[1]: Starting Load AppArmor profiles managed internally by snapd...
Dec  9 18:47:03 ubuntu systemd[1]: Condition check resulted in Commit a transient machine-id on disk being skipped.
Dec  9 18:47:03 ubuntu systemd[1]: Starting Load/Save Random Seed...
Dec  9 18:47:03 ubuntu systemd[1]: Starting Create Volatile Files and Directories...
Dec  9 18:47:03 ubuntu systemd[1]: Finished Wait for ZFS Volume (zvol) links in /dev.
Dec  9 18:47:03 ubuntu systemd[1]: Finished Set console font and keymap.
Dec  9 18:47:03 ubuntu systemd[1]: Finished Create final runtime dir for shutdown pivot root.
Dec  9 18:47:03 ubuntu snapd-apparmor[1140]: find: â€˜/var/lib/snapd/apparmor/profiles/â€™: No such file or directory
Dec  9 18:47:03 ubuntu systemd[1]: plymouth-read-write.service: Succeeded.
Dec  9 18:47:03 ubuntu systemd[1]: Finished Tell Plymouth To Write Out Runtime Data.
Dec  9 18:47:03 ubuntu systemd[1]: Finished Load/Save Random Seed.
Dec  9 18:47:03 ubuntu systemd[1]: Received SIGRTMIN+20 from PID 293 (plymouthd).
Dec  9 18:47:03 ubuntu systemd[1]: Reached target ZFS volumes are ready.
Dec  9 18:47:03 ubuntu systemd[1]: Condition check resulted in Store a System Token in an EFI Variable being skipped.
Dec  9 18:47:03 ubuntu systemd[1]: Finished Load AppArmor profiles managed internally by snapd.
Dec  9 18:47:03 ubuntu systemd[1]: Finished Create Volatile Files and Directories.
Dec  9 18:47:03 ubuntu systemd[1]: Starting Network Name Resolution...
Dec  9 18:47:03 ubuntu systemd[1]: Starting Network Time Synchronization...
Dec  9 18:47:03 ubuntu systemd[1]: Starting Update UTMP about System Boot/Shutdown...
Dec  9 18:47:03 ubuntu systemd[1]: Finished Update UTMP about System Boot/Shutdown.
Dec  9 18:47:03 ubuntu systemd[1]: Started Network Time Synchronization.
Dec  9 18:47:03 ubuntu systemd[1]: Reached target System Initialization.
Dec  9 18:47:03 ubuntu systemd[1]: Started ACPI Events Check.
Dec  9 18:47:03 ubuntu systemd[1]: Condition check resulted in Process error reports when automatic reporting is enabled (file watch) being skipped.
Dec  9 18:47:03 ubuntu systemd[1]: Started CUPS Scheduler.
Dec  9 18:47:03 ubuntu systemd[1]: Started Daily Cleanup of Temporary Directories.
Dec  9 18:47:03 ubuntu systemd[1]: Started Clean up old snapshots to free space.
Dec  9 18:47:03 ubuntu systemd[1]: Reached target Paths.
Dec  9 18:47:03 ubuntu systemd[1]: Reached target System Time Set.
Dec  9 18:47:03 ubuntu systemd[1]: Reached target System Time Synchronized.
Dec  9 18:47:03 ubuntu systemd[1]: Started Trigger anacron every hour.
Dec  9 18:47:03 ubuntu systemd[1]: Started Daily apt download activities.
Dec  9 18:47:03 ubuntu systemd[1]: Started Daily apt upgrade and clean activities.
Dec  9 18:47:03 ubuntu systemd[1]: Started Periodic ext4 Online Metadata Check for All Filesystems.
Dec  9 18:47:03 ubuntu systemd[1]: Started Discard unused blocks once a week.
Dec  9 18:47:03 ubuntu systemd[1]: Started Refresh fwupd metadata regularly.
Dec  9 18:47:03 ubuntu systemd[1]: Started Daily rotation of log files.
Dec  9 18:47:03 ubuntu systemd[1]: Started Daily man-db regeneration.
Dec  9 18:47:03 ubuntu systemd[1]: Started Message of the Day.
Dec  9 18:47:03 ubuntu systemd[1]: Condition check resulted in Timer to automatically fetch and run repair assertions being skipped.
Dec  9 18:47:03 ubuntu systemd[1]: Reached target Timers.
Dec  9 18:47:03 ubuntu systemd[1]: Listening on ACPID Listen Socket.
Dec  9 18:47:03 ubuntu systemd[1]: Condition check resulted in Unix socket for apport crash forwarding being skipped.
Dec  9 18:47:03 ubuntu systemd[1]: Listening on Avahi mDNS/DNS-SD Stack Activation Socket.
Dec  9 18:47:03 ubuntu systemd[1]: Listening on CUPS Scheduler.
Dec  9 18:47:03 ubuntu systemd[1]: Listening on D-Bus System Message Bus Socket.
Dec  9 18:47:03 ubuntu systemd[1]: Starting Socket activation for snappy daemon.
Dec  9 18:47:03 ubuntu systemd[1]: Listening on UUID daemon activation socket.
Dec  9 18:47:03 ubuntu systemd[1]: Listening on Socker activation for zsys daemon.
Dec  9 18:47:03 ubuntu systemd[1]: Listening on Socket activation for snappy daemon.
Dec  9 18:47:03 ubuntu systemd[1]: Reached target Sockets.
Dec  9 18:47:03 ubuntu systemd[1]: Reached target Basic System.
Dec  9 18:47:03 ubuntu systemd[1]: Starting Accounts Service...
Dec  9 18:47:03 ubuntu systemd[1]: Started ACPI event daemon.
Dec  9 18:47:03 ubuntu systemd[1]: Condition check resulted in Run anacron jobs being skipped.
Dec  9 18:47:03 ubuntu systemd[1]: Starting LSB: automatic crash report generation...
Dec  9 18:47:03 ubuntu systemd[1]: Starting Avahi mDNS/DNS-SD Stack...
Dec  9 18:47:03 ubuntu avahi-daemon[1150]: Found user 'avahi' (UID 115) and group 'avahi' (GID 121).
Dec  9 18:47:03 ubuntu systemd[1]: Started Regular background program processing daemon.
Dec  9 18:47:03 ubuntu acpid: starting up with netlink and the input layer
Dec  9 18:47:03 ubuntu acpid: 8 rules loaded
Dec  9 18:47:03 ubuntu acpid: waiting for events: event logging is off
Dec  9 18:47:03 ubuntu systemd-resolved[1142]: Positive Trust Anchors:
Dec  9 18:47:03 ubuntu cron[1152]: (CRON) INFO (pidfile fd = 3)
Dec  9 18:47:03 ubuntu systemd[1]: Started CUPS Scheduler.
Dec  9 18:47:03 ubuntu cron[1152]: (CRON) INFO (Running @reboot jobs)
Dec  9 18:47:03 ubuntu systemd-resolved[1142]: . IN DS 20326 8 2 e06d44b80b8f1d39a95c0b0d7c65d08458e880409bbc683457104237c7f8ec8d
Dec  9 18:47:03 ubuntu systemd-resolved[1142]: Negative trust anchors: 10.in-addr.arpa 16.172.in-addr.arpa 17.172.in-addr.arpa 18.172.in-addr.arpa 19.172.in-addr.arpa 20.172.in-addr.arpa 21.172.in-addr.arpa 22.172.in-addr.arpa 23.172.in-addr.arpa 24.172.in-addr.arpa 25.172.in-addr.arpa 26.172.in-addr.arpa 27.172.in-addr.arpa 28.172.in-addr.arpa 29.172.in-addr.arpa 30.172.in-addr.arpa 31.172.in-addr.arpa 168.192.in-addr.arpa d.f.ip6.arpa corp home internal intranet lan local private test
Dec  9 18:47:03 ubuntu systemd[1]: Started D-Bus System Message Bus.
Dec  9 18:47:03 ubuntu systemd[1]: Starting Network Manager...
Dec  9 18:47:03 ubuntu systemd[1]: Started Save initial kernel messages after boot.
Dec  9 18:47:03 ubuntu systemd[1]: Starting Remove Stale Online ext4 Metadata Check Snapshots...
Dec  9 18:47:03 ubuntu systemd[1]: Condition check resulted in getty on tty2-tty6 if dbus and logind are not available being skipped.
Dec  9 18:47:03 ubuntu systemd[1]: Reached target Login Prompts.
Dec  9 18:47:03 ubuntu systemd[1]: Starting Detect the available GPUs and deal with any system changes...
Dec  9 18:47:03 ubuntu systemd[1]: Starting LSB: Record successful boot for GRUB...
Dec  9 18:47:03 ubuntu systemd-resolved[1142]: Using system hostname 'ubuntu'.
Dec  9 18:47:03 ubuntu systemd[1]: Starting GRUB failed boot detection...
Dec  9 18:47:03 ubuntu systemd[1]: Started irqbalance daemon.
Dec  9 18:47:03 ubuntu systemd[1]: Starting Dispatcher daemon for systemd-networkd...
Dec  9 18:47:03 ubuntu systemd[1]: Condition check resulted in Set the CPU Frequency Scaling governor being skipped.
Dec  9 18:47:03 ubuntu systemd[1]: Starting Authorization Manager...
Dec  9 18:47:03 ubuntu /usr/sbin/irqbalance: Balancing is ineffective on systems with a single cpu.  Shutting down
Dec  9 18:47:03 ubuntu systemd[1]: Starting Restore /etc/resolv.conf if the system crashed before the ppp link was shut down...
Dec  9 18:47:03 ubuntu systemd[1]: Starting System Logging Service...
Dec  9 18:47:03 ubuntu systemd[1]: Condition check resulted in Secure Boot updates for DB and DBX being skipped.
Dec  9 18:47:03 ubuntu systemd[1]: Condition check resulted in Automatically repair incorrect owner/permissions on core devices being skipped.
Dec  9 18:47:03 ubuntu systemd[1]: Condition check resulted in Wait for the Ubuntu Core chooser trigger being skipped.
Dec  9 18:47:03 ubuntu systemd[1]: Starting Snap Daemon...
Dec  9 18:47:03 ubuntu systemd[1]: Starting Switcheroo Control Proxy service...
Dec  9 18:47:03 ubuntu systemd[1]: Starting Login Service...
Dec  9 18:47:03 ubuntu systemd[1]: Starting Thermal Daemon Service...
Dec  9 18:47:03 ubuntu systemd[1]: Starting Ubuntu live CD installer...
Dec  9 18:47:03 ubuntu systemd[1]: Starting Disk Manager...
Dec  9 18:47:03 ubuntu systemd[1]: Starting WPA supplicant...
Dec  9 18:47:03 ubuntu systemd[1]: Starting ZFS file system shares...
Dec  9 18:47:03 ubuntu systemd[1]: Started ZFS Event Daemon (zed).
Dec  9 18:47:03 ubuntu systemd[1]: Starting ZSYS daemon service...
Dec  9 18:47:03 ubuntu systemd[1]: Started Network Name Resolution.
Dec  9 18:47:03 ubuntu systemd[1]: e2scrub_reap.service: Succeeded.
Dec  9 18:47:03 ubuntu systemd[1]: Finished Remove Stale Online ext4 Metadata Check Snapshots.
Dec  9 18:47:03 ubuntu systemd[1]: gpu-manager.service: Succeeded.
Dec  9 18:47:03 ubuntu udisksd[1197]: udisks daemon version 2.8.4 starting
Dec  9 18:47:03 ubuntu systemd[1]: Finished Detect the available GPUs and deal with any system changes.
Dec  9 18:47:03 ubuntu systemd[1]: irqbalance.service: Succeeded.
Dec  9 18:47:03 ubuntu systemd[1]: pppd-dns.service: Succeeded.
Dec  9 18:47:03 ubuntu systemd[1]: Finished Restore /etc/resolv.conf if the system crashed before the ppp link was shut down.
Dec  9 18:47:03 ubuntu systemd[1]: grub-initrd-fallback.service: Succeeded.
Dec  9 18:47:03 ubuntu systemd[1]: Finished GRUB failed boot detection.
Dec  9 18:47:03 ubuntu systemd[1]: Finished ZFS file system shares.
Dec  9 18:47:03 ubuntu avahi-daemon[1150]: Successfully dropped root privileges.
Dec  9 18:47:03 ubuntu avahi-daemon[1150]: avahi-daemon 0.7 starting up.
Dec  9 18:47:03 ubuntu rsyslogd: imuxsock: Acquired UNIX socket '/run/systemd/journal/syslog' (fd 3) from systemd.  [v8.2001.0]
Dec  9 18:47:03 ubuntu rsyslogd: rsyslogd's groupid changed to 110
Dec  9 18:47:03 ubuntu rsyslogd: rsyslogd's userid changed to 104
Dec  9 18:47:03 ubuntu rsyslogd: [origin software="rsyslogd" swVersion="8.2001.0" x-pid="1185" x-info="https://www.rsyslog.com"] start
Dec  9 18:47:03 ubuntu systemd[1]: Started System Logging Service.
Dec  9 18:47:03 ubuntu apport[1149]:  * Starting automatic crash report generation: apport
Dec  9 18:47:03 ubuntu grub-common[1162]:  * Recording successful boot for GRUB
Dec  9 18:47:03 ubuntu grub-common[1162]:    ...done.
Dec  9 18:47:03 ubuntu systemd[1]: Started LSB: Record successful boot for GRUB.
Dec  9 18:47:03 ubuntu systemd[1]: Reached target Host and Network Name Lookups.
Dec  9 18:47:03 ubuntu systemd[1]: Reached target ZFS startup target.
Dec  9 18:47:03 ubuntu apport[1149]:    ...done.
Dec  9 18:47:03 ubuntu systemd[1]: Started LSB: automatic crash report generation.
Dec  9 18:47:03 ubuntu dbus-daemon[1157]: dbus[1157]: Unknown group "power" in message bus configuration file
Dec  9 18:47:03 ubuntu dbus-daemon[1157]: [system] AppArmor D-Bus mediation is enabled
Dec  9 18:47:04 ubuntu thermald[1192]: [WARN]NO RAPL sysfs present
Dec  9 18:47:04 ubuntu thermald[1192]: [WARN]22 CPUID levels; family:model:stepping 0x6:4e:3 (6:78:3)
Dec  9 18:47:04 ubuntu thermald[1192]: [WARN]Polling mode is enabled: 4
Dec  9 18:47:04 ubuntu thermald[1192]: [WARN]Thermal DTS: No coretemp sysfs found
Dec  9 18:47:04 ubuntu thermald[1192]: [WARN]sensor id 0 : No temp sysfs for reading raw temp
Dec  9 18:47:04 ubuntu thermald[1192]: message repeated 2 times: [ [WARN]sensor id 0 : No temp sysfs for reading raw temp]
Dec  9 18:47:04 ubuntu systemd[1]: Started Thermal Daemon Service.
Dec  9 18:47:04 ubuntu systemd[1]: Started Avahi mDNS/DNS-SD Stack.
Dec  9 18:47:04 ubuntu systemd[1]: Started Make remote CUPS printers available locally.
Dec  9 18:47:04 ubuntu wpa_supplicant[1200]: Successfully initialized wpa_supplicant
Dec  9 18:47:04 ubuntu systemd[1]: Started WPA supplicant.
Dec  9 18:47:04 ubuntu polkitd[1176]: started daemon version 0.105 using authority implementation `local' version `0.105'
Dec  9 18:47:04 ubuntu systemd[1]: Started ZSYS daemon service.
Dec  9 18:47:04 ubuntu avahi-daemon[1150]: Successfully called chroot().
Dec  9 18:47:04 ubuntu avahi-daemon[1150]: Successfully dropped remaining capabilities.
Dec  9 18:47:04 ubuntu avahi-daemon[1150]: No service file found in /etc/avahi/services.
Dec  9 18:47:04 ubuntu avahi-daemon[1150]: Joining mDNS multicast group on interface lo.IPv6 with address ::1.
Dec  9 18:47:04 ubuntu avahi-daemon[1150]: New relevant interface lo.IPv6 for mDNS.
Dec  9 18:47:04 ubuntu avahi-daemon[1150]: Joining mDNS multicast group on interface lo.IPv4 with address 127.0.0.1.
Dec  9 18:47:04 ubuntu avahi-daemon[1150]: New relevant interface lo.IPv4 for mDNS.
Dec  9 18:47:04 ubuntu avahi-daemon[1150]: Network interface enumeration completed.
Dec  9 18:47:04 ubuntu avahi-daemon[1150]: Registering new address record for ::1 on lo.*.
Dec  9 18:47:04 ubuntu avahi-daemon[1150]: Registering new address record for 127.0.0.1 on lo.IPv4.
Dec  9 18:47:04 ubuntu systemd[1]: Started Authorization Manager.
Dec  9 18:47:04 ubuntu systemd[1]: Starting Modem Manager...
Dec  9 18:47:04 ubuntu systemd[1]: Started Switcheroo Control Proxy service.
Dec  9 18:47:04 ubuntu systemd[1]: Condition check resulted in Manage Sound Card State (restore and store) being skipped.
Dec  9 18:47:04 ubuntu NetworkManager[1158]: <info>  [1607539624.1020] NetworkManager (version 1.22.10) is starting... (for the first time)
Dec  9 18:47:04 ubuntu NetworkManager[1158]: <info>  [1607539624.1031] Read config: /etc/NetworkManager/NetworkManager.conf (lib: 10-dns-resolved.conf, 20-connectivity-ubuntu.conf, no-mac-addr-change.conf) (run: 10-globally-managed-devices.conf) (etc: default-wifi-powersave-on.conf)
Dec  9 18:47:04 ubuntu systemd[1]: Starting Save/Restore Sound Card State...
Dec  9 18:47:04 ubuntu NetworkManager[1158]: <info>  [1607539624.1268] bus-manager: acquired D-Bus service "org.freedesktop.NetworkManager"
Dec  9 18:47:04 ubuntu systemd[1]: Started Network Manager.
Dec  9 18:47:04 ubuntu alsactl[1243]: /usr/sbin/alsactl: load_state:1683: Cannot open /var/lib/alsa/asound.state for reading: No such file or directory
Dec  9 18:47:04 ubuntu systemd[1]: Reached target Network.
Dec  9 18:47:04 ubuntu alsactl[1243]: Found hardware: "ICH" "Analog Devices AD1980" "AC97a:41445370" "0x1028" "0x0177"
Dec  9 18:47:04 ubuntu alsactl[1243]: Hardware is initialized using a generic method
Dec  9 18:47:04 ubuntu systemd[1]: Starting Network Manager Wait Online...
Dec  9 18:47:04 ubuntu thermald[1192]: I/O warning : failed to load external entity "/etc/thermald/thermal-conf.xml"
Dec  9 18:47:04 ubuntu thermald[1192]: [WARN]error: could not parse file /etc/thermald/thermal-conf.xml
Dec  9 18:47:04 ubuntu thermald[1192]: [WARN]sysfs open failed
Dec  9 18:47:04 ubuntu systemd[1]: Starting OpenVPN service...
Dec  9 18:47:04 ubuntu thermald[1192]: I/O warning : failed to load external entity "/etc/thermald/thermal-conf.xml"
Dec  9 18:47:04 ubuntu thermald[1192]: [WARN]error: could not parse file /etc/thermald/thermal-conf.xml
Dec  9 18:47:04 ubuntu thermald[1192]: [ERR]Thermal DTS or hwmon: No Zones present Need to configure manually
Dec  9 18:47:04 ubuntu thermald[1192]: I/O warning : failed to load external entity "/etc/thermald/thermal-conf.xml"
Dec  9 18:47:04 ubuntu thermald[1192]: [WARN]error: could not parse file /etc/thermald/thermal-conf.xml
Dec  9 18:47:04 ubuntu systemd[1]: Condition check resulted in fast remote file copy program daemon being skipped.
Dec  9 18:47:04 ubuntu thermald[1192]: [ERR]No thermal sensors found
Dec  9 18:47:04 ubuntu thermald[1192]: [ERR]THD engine start failed
Dec  9 18:47:04 ubuntu systemd[1]: Starting Permit User Sessions...
Dec  9 18:47:04 ubuntu NetworkManager[1158]: <info>  [1607539624.2495] manager[0x555db187a030]: monitoring kernel firmware directory '/lib/firmware'.
Dec  9 18:47:04 ubuntu NetworkManager[1158]: <info>  [1607539624.2560] monitoring ifupdown state file '/run/network/ifstate'.
Dec  9 18:47:04 ubuntu systemd[1]: Finished Save/Restore Sound Card State.
Dec  9 18:47:04 ubuntu systemd[1]: thermald.service: Succeeded.
Dec  9 18:47:04 ubuntu dbus-daemon[1157]: [system] Activating via systemd: service name='org.freedesktop.hostname1' unit='dbus-org.freedesktop.hostname1.service' requested by ':1.12' (uid=0 pid=1158 comm="/usr/sbin/NetworkManager --no-daemon " label="unconfined")
Dec  9 18:47:04 ubuntu systemd[1]: Finished OpenVPN service.
Dec  9 18:47:04 ubuntu systemd[1]: Finished Permit User Sessions.
Dec  9 18:47:04 ubuntu systemd[1]: Started Login Service.
Dec  9 18:47:04 ubuntu systemd[1]: Reached target Sound Card.
Dec  9 18:47:04 ubuntu udisksd[1197]: failed to load module mdraid: libbd_mdraid.so.2: cannot open shared object file: No such file or directory
Dec  9 18:47:04 ubuntu systemd[1]: Starting Hold until boot process finishes up...
Dec  9 18:47:04 ubuntu systemd[1]: Starting Hostname Service...
Dec  9 18:47:04 ubuntu systemd[1]: Started Unattended Upgrades Shutdown.
Dec  9 18:47:04 ubuntu accounts-daemon[1147]: started daemon version 0.6.55
Dec  9 18:47:04 ubuntu systemd[1]: Started Accounts Service.
Dec  9 18:47:04 ubuntu ModemManager[1238]: <info>  ModemManager (version 1.12.8) starting in system bus...
Dec  9 18:47:04 ubuntu udisksd[1197]: Failed to load the 'mdraid' libblockdev plugin
Dec  9 18:47:04 ubuntu systemd[1]: Started Modem Manager.
Dec  9 18:47:04 ubuntu systemd[1]: Started Disk Manager.
Dec  9 18:47:04 ubuntu udisksd[1197]: Acquired the name org.freedesktop.UDisks2 on the system message bus
Dec  9 18:47:05 ubuntu avahi-daemon[1150]: Server startup complete. Host name is ubuntu.local. Local service cookie is 3321258751.
Dec  9 18:47:05 ubuntu dbus-daemon[1157]: [system] Successfully activated service 'org.freedesktop.hostname1'
Dec  9 18:47:05 ubuntu systemd[1]: Started Hostname Service.
Dec  9 18:47:05 ubuntu NetworkManager[1158]: <info>  [1607539625.2023] hostname: hostname: using hostnamed
Dec  9 18:47:05 ubuntu NetworkManager[1158]: <info>  [1607539625.2023] hostname: hostname changed from (none) to "ubuntu"
Dec  9 18:47:05 ubuntu NetworkManager[1158]: <info>  [1607539625.2028] dns-mgr[0x555db1860290]: init: dns=systemd-resolved rc-manager=symlink, plugin=systemd-resolved
Dec  9 18:47:05 ubuntu NetworkManager[1158]: <info>  [1607539625.2031] manager[0x555db187a030]: rfkill: Wi-Fi hardware radio set enabled
Dec  9 18:47:05 ubuntu NetworkManager[1158]: <info>  [1607539625.2031] manager[0x555db187a030]: rfkill: WWAN hardware radio set enabled
Dec  9 18:47:05 ubuntu NetworkManager[1158]: <info>  [1607539625.2169] Loaded device plugin: NMAtmManager (/usr/lib/x86_64-linux-gnu/NetworkManager/1.22.10/libnm-device-plugin-adsl.so)
Dec  9 18:47:05 ubuntu NetworkManager[1158]: <info>  [1607539625.2486] Loaded device plugin: NMBluezManager (/usr/lib/x86_64-linux-gnu/NetworkManager/1.22.10/libnm-device-plugin-bluetooth.so)
Dec  9 18:47:05 ubuntu NetworkManager[1158]: <info>  [1607539625.2977] Loaded device plugin: NMTeamFactory (/usr/lib/x86_64-linux-gnu/NetworkManager/1.22.10/libnm-device-plugin-team.so)
Dec  9 18:47:05 ubuntu NetworkManager[1158]: <info>  [1607539625.3109] Loaded device plugin: NMWifiFactory (/usr/lib/x86_64-linux-gnu/NetworkManager/1.22.10/libnm-device-plugin-wifi.so)
Dec  9 18:47:05 ubuntu NetworkManager[1158]: <info>  [1607539625.3154] Loaded device plugin: NMWwanFactory (/usr/lib/x86_64-linux-gnu/NetworkManager/1.22.10/libnm-device-plugin-wwan.so)
Dec  9 18:47:05 ubuntu NetworkManager[1158]: <info>  [1607539625.3240] manager: rfkill: Wi-Fi enabled by radio killswitch; enabled by state file
Dec  9 18:47:05 ubuntu NetworkManager[1158]: <info>  [1607539625.3279] manager: rfkill: WWAN enabled by radio killswitch; enabled by state file
Dec  9 18:47:05 ubuntu NetworkManager[1158]: <info>  [1607539625.3305] manager: Networking is enabled by state file
Dec  9 18:47:05 ubuntu dbus-daemon[1157]: [system] Activating via systemd: service name='org.freedesktop.nm_dispatcher' unit='dbus-org.freedesktop.nm-dispatcher.service' requested by ':1.12' (uid=0 pid=1158 comm="/usr/sbin/NetworkManager --no-daemon " label="unconfined")
Dec  9 18:47:05 ubuntu systemd[1]: Starting Network Manager Script Dispatcher Service...
Dec  9 18:47:05 ubuntu NetworkManager[1158]: <info>  [1607539625.3424] dhcp-init: Using DHCP client 'internal'
Dec  9 18:47:05 ubuntu NetworkManager[1158]: <info>  [1607539625.3460] settings: Loaded settings plugin: ifupdown ("/usr/lib/x86_64-linux-gnu/NetworkManager/1.22.10/libnm-settings-plugin-ifupdown.so")
Dec  9 18:47:05 ubuntu NetworkManager[1158]: <info>  [1607539625.3467] settings: Loaded settings plugin: keyfile (internal)
Dec  9 18:47:05 ubuntu NetworkManager[1158]: <info>  [1607539625.3474] ifupdown: management mode: unmanaged
Dec  9 18:47:05 ubuntu NetworkManager[1158]: <warn>  [1607539625.3499] ifupdown: interfaces file /etc/network/interfaces doesn't exist
Dec  9 18:47:05 ubuntu NetworkManager[1158]: <info>  [1607539625.3609] device (lo): carrier: link connected
Dec  9 18:47:05 ubuntu NetworkManager[1158]: <info>  [1607539625.3694] manager: (lo): new Generic device (/org/freedesktop/NetworkManager/Devices/1)
Dec  9 18:47:05 ubuntu dbus-daemon[1157]: [system] Successfully activated service 'org.freedesktop.nm_dispatcher'
Dec  9 18:47:05 ubuntu systemd[1]: Started Network Manager Script Dispatcher Service.
Dec  9 18:47:05 ubuntu NetworkManager[1158]: <info>  [1607539625.3851] manager: (enp0s3): new Ethernet device (/org/freedesktop/NetworkManager/Devices/2)
Dec  9 18:47:05 ubuntu NetworkManager[1158]: <info>  [1607539625.4205] settings: (enp0s3): created default wired connection 'Wired connection 1'
Dec  9 18:47:05 ubuntu NetworkManager[1158]: <info>  [1607539625.4326] device (enp0s3): state change: unmanaged -> unavailable (reason 'managed', sys-iface-state: 'external')
Dec  9 18:47:05 ubuntu kernel: [   35.860949] e1000: enp0s3 NIC Link is Up 1000 Mbps Full Duplex, Flow Control: RX
Dec  9 18:47:05 ubuntu kernel: [   35.866345] IPv6: ADDRCONF(NETDEV_CHANGE): enp0s3: link becomes ready
Dec  9 18:47:05 ubuntu NetworkManager[1158]: <info>  [1607539625.4601] device (enp0s3): carrier: link connected
Dec  9 18:47:05 ubuntu snapd[1188]: AppArmor status: apparmor is enabled and all features are available
Dec  9 18:47:05 ubuntu NetworkManager[1158]: <warn>  [1607539625.4919] Error: failed to open /run/network/ifstate
Dec  9 18:47:05 ubuntu networkd-dispatcher[1279]: WARNING: systemd-networkd is not running, output will be incomplete.
Dec  9 18:47:05 ubuntu NetworkManager[1158]: <info>  [1607539625.5288] modem-manager: ModemManager available
Dec  9 18:47:05 ubuntu systemd[1]: Started Dispatcher daemon for systemd-networkd.
Dec  9 18:47:05 ubuntu NetworkManager[1158]: <info>  [1607539625.5647] device (enp0s3): state change: unavailable -> disconnected (reason 'none', sys-iface-state: 'managed')
Dec  9 18:47:05 ubuntu NetworkManager[1158]: <info>  [1607539625.5776] policy: auto-activating connection 'Wired connection 1' (87632f91-c48b-3751-914b-e4efcf3a1981)
Dec  9 18:47:05 ubuntu NetworkManager[1158]: <info>  [1607539625.5850] device (enp0s3): Activation: starting connection 'Wired connection 1' (87632f91-c48b-3751-914b-e4efcf3a1981)
Dec  9 18:47:05 ubuntu NetworkManager[1158]: <info>  [1607539625.5858] device (enp0s3): state change: disconnected -> prepare (reason 'none', sys-iface-state: 'managed')
Dec  9 18:47:05 ubuntu NetworkManager[1158]: <info>  [1607539625.5942] manager: NetworkManager state is now CONNECTING
Dec  9 18:47:05 ubuntu NetworkManager[1158]: <info>  [1607539625.6052] device (enp0s3): state change: prepare -> config (reason 'none', sys-iface-state: 'managed')
Dec  9 18:47:05 ubuntu NetworkManager[1158]: <info>  [1607539625.6102] device (enp0s3): state change: config -> ip-config (reason 'none', sys-iface-state: 'managed')
Dec  9 18:47:05 ubuntu NetworkManager[1158]: <info>  [1607539625.6133] dhcp4 (enp0s3): activation: beginning transaction (timeout in 45 seconds)
Dec  9 18:47:05 ubuntu avahi-daemon[1150]: Joining mDNS multicast group on interface enp0s3.IPv6 with address fe80::9cac:142a:e4e2:d9e2.
Dec  9 18:47:05 ubuntu avahi-daemon[1150]: New relevant interface enp0s3.IPv6 for mDNS.
Dec  9 18:47:05 ubuntu avahi-daemon[1150]: Registering new address record for fe80::9cac:142a:e4e2:d9e2 on enp0s3.*.
Dec  9 18:47:05 ubuntu snapd[1188]: daemon.go:343: started snapd/2.45.1+20.04.2 (series 16; classic) ubuntu/20.04 (amd64) linux/5.4.0-42-generic.
Dec  9 18:47:05 ubuntu NetworkManager[1158]: <info>  [1607539625.6398] dhcp4 (enp0s3): option dhcp_lease_time      => '86400'
Dec  9 18:47:05 ubuntu NetworkManager[1158]: <info>  [1607539625.6400] dhcp4 (enp0s3): option domain_name          => 'lan'
Dec  9 18:47:05 ubuntu NetworkManager[1158]: <info>  [1607539625.6401] dhcp4 (enp0s3): option domain_name_servers  => '192.168.1.254'
Dec  9 18:47:05 ubuntu NetworkManager[1158]: <info>  [1607539625.6402] dhcp4 (enp0s3): option expiry               => '1607626025'
Dec  9 18:47:05 ubuntu NetworkManager[1158]: <info>  [1607539625.6403] dhcp4 (enp0s3): option ip_address           => '10.0.2.15'
Dec  9 18:47:05 ubuntu NetworkManager[1158]: <info>  [1607539625.6404] dhcp4 (enp0s3): option next_server          => '10.0.2.4'
Dec  9 18:47:05 ubuntu NetworkManager[1158]: <info>  [1607539625.6405] dhcp4 (enp0s3): option requested_broadcast_address => '1'
Dec  9 18:47:05 ubuntu NetworkManager[1158]: <info>  [1607539625.6406] dhcp4 (enp0s3): option requested_domain_name => '1'
Dec  9 18:47:05 ubuntu NetworkManager[1158]: <info>  [1607539625.6406] dhcp4 (enp0s3): option requested_domain_name_servers => '1'
Dec  9 18:47:05 ubuntu NetworkManager[1158]: <info>  [1607539625.6407] dhcp4 (enp0s3): option requested_domain_search => '1'
Dec  9 18:47:05 ubuntu NetworkManager[1158]: <info>  [1607539625.6408] dhcp4 (enp0s3): option requested_host_name  => '1'
Dec  9 18:47:05 ubuntu NetworkManager[1158]: <info>  [1607539625.6409] dhcp4 (enp0s3): option requested_interface_mtu => '1'
Dec  9 18:47:05 ubuntu NetworkManager[1158]: <info>  [1607539625.6410] dhcp4 (enp0s3): option requested_ms_classless_static_routes => '1'
Dec  9 18:47:05 ubuntu NetworkManager[1158]: <info>  [1607539625.6411] dhcp4 (enp0s3): option requested_nis_domain => '1'
Dec  9 18:47:05 ubuntu NetworkManager[1158]: <info>  [1607539625.6412] dhcp4 (enp0s3): option requested_nis_servers => '1'
Dec  9 18:47:05 ubuntu NetworkManager[1158]: <info>  [1607539625.6413] dhcp4 (enp0s3): option requested_ntp_servers => '1'
Dec  9 18:47:05 ubuntu NetworkManager[1158]: <info>  [1607539625.6414] dhcp4 (enp0s3): option requested_rfc3442_classless_static_routes => '1'
Dec  9 18:47:05 ubuntu NetworkManager[1158]: <info>  [1607539625.6415] dhcp4 (enp0s3): option requested_root_path  => '1'
Dec  9 18:47:05 ubuntu NetworkManager[1158]: <info>  [1607539625.6423] dhcp4 (enp0s3): option requested_routers    => '1'
Dec  9 18:47:05 ubuntu NetworkManager[1158]: <info>  [1607539625.6428] dhcp4 (enp0s3): option requested_static_routes => '1'
Dec  9 18:47:05 ubuntu NetworkManager[1158]: <info>  [1607539625.6429] dhcp4 (enp0s3): option requested_subnet_mask => '1'
Dec  9 18:47:05 ubuntu NetworkManager[1158]: <info>  [1607539625.6430] dhcp4 (enp0s3): option requested_time_offset => '1'
Dec  9 18:47:05 ubuntu NetworkManager[1158]: <info>  [1607539625.6431] dhcp4 (enp0s3): option requested_wpad       => '1'
Dec  9 18:47:05 ubuntu NetworkManager[1158]: <info>  [1607539625.6433] dhcp4 (enp0s3): option routers              => '10.0.2.2'
Dec  9 18:47:05 ubuntu NetworkManager[1158]: <info>  [1607539625.6434] dhcp4 (enp0s3): option subnet_mask          => '255.255.255.0'
Dec  9 18:47:05 ubuntu NetworkManager[1158]: <info>  [1607539625.6436] dhcp4 (enp0s3): state changed unknown -> bound
Dec  9 18:47:05 ubuntu avahi-daemon[1150]: Joining mDNS multicast group on interface enp0s3.IPv4 with address 10.0.2.15.
Dec  9 18:47:05 ubuntu avahi-daemon[1150]: New relevant interface enp0s3.IPv4 for mDNS.
Dec  9 18:47:05 ubuntu avahi-daemon[1150]: Registering new address record for 10.0.2.15 on enp0s3.IPv4.
Dec  9 18:47:05 ubuntu NetworkManager[1158]: <info>  [1607539625.6536] device (enp0s3): state change: ip-config -> ip-check (reason 'none', sys-iface-state: 'managed')
Dec  9 18:47:05 ubuntu NetworkManager[1158]: <info>  [1607539625.6641] device (enp0s3): state change: ip-check -> secondaries (reason 'none', sys-iface-state: 'managed')
Dec  9 18:47:05 ubuntu NetworkManager[1158]: <info>  [1607539625.6666] device (enp0s3): state change: secondaries -> activated (reason 'none', sys-iface-state: 'managed')
Dec  9 18:47:05 ubuntu NetworkManager[1158]: <info>  [1607539625.6798] manager: NetworkManager state is now CONNECTED_LOCAL
Dec  9 18:47:05 ubuntu NetworkManager[1158]: <info>  [1607539625.6943] manager: NetworkManager state is now CONNECTED_SITE
Dec  9 18:47:05 ubuntu NetworkManager[1158]: <info>  [1607539625.6966] policy: set 'Wired connection 1' (enp0s3) as default for IPv4 routing and DNS
Dec  9 18:47:05 ubuntu NetworkManager[1158]: <info>  [1607539625.7117] device (enp0s3): Activation: successful, device activated.
Dec  9 18:47:05 ubuntu NetworkManager[1158]: <info>  [1607539625.7338] manager: startup complete
Dec  9 18:47:05 ubuntu systemd[1]: Finished Network Manager Wait Online.
Dec  9 18:47:05 ubuntu systemd[1]: Reached target Network is Online.
Dec  9 18:47:05 ubuntu systemd[1]: Starting Tool to automatically collect and submit kernel crash signatures...
Dec  9 18:47:05 ubuntu systemd-resolved[1142]: Server returned error NXDOMAIN, mitigating potential DNS violation DVE-2018-0001, retrying transaction with reduced feature level UDP.
Dec  9 18:47:05 ubuntu systemd[1]: Started crash report submission daemon.
Dec  9 18:47:05 ubuntu systemd[1]: tmp-sanity\x2dmountpoint\x2d856303335.mount: Succeeded.
Dec  9 18:47:05 ubuntu snapd[1188]: daemon.go:436: adjusting startup timeout by 30s (pessimistic estimate of 30s plus 5s per snap)
Dec  9 18:47:05 ubuntu systemd[1]: kerneloops.service: Found left-over process 1299 (kerneloops) in control group while starting unit. Ignoring.
Dec  9 18:47:05 ubuntu systemd[1]: This usually indicates unclean termination of a previous run, or service implementation deficiencies.
Dec  9 18:47:05 ubuntu whoopsie[1295]: [18:47:05] Using lock path: /var/lock/whoopsie/lock
Dec  9 18:47:05 ubuntu systemd[1]: Started Tool to automatically collect and submit kernel crash signatures.
Dec  9 18:47:05 ubuntu whoopsie[1295]: [18:47:05] offline
Dec  9 18:47:06 ubuntu snapd[1188]: backend.go:134: snapd enabled root filesystem on overlay support, additional upperdir permissions granted
Dec  9 18:47:06 ubuntu zed[1202]: ZFS Event Daemon 0.8.3-1ubuntu12.2 (PID 1202)
Dec  9 18:47:06 ubuntu zed[1202]: Processing events since eid=0
Dec  9 18:47:06 ubuntu NetworkManager[1158]: <info>  [1607539626.6841] manager: NetworkManager state is now CONNECTED_GLOBAL
Dec  9 18:47:06 ubuntu whoopsie[1295]: [18:47:06] The default IPv4 route is: /org/freedesktop/NetworkManager/ActiveConnection/1
Dec  9 18:47:06 ubuntu whoopsie[1295]: [18:47:06] Not a paid data plan: /org/freedesktop/NetworkManager/ActiveConnection/1
Dec  9 18:47:06 ubuntu whoopsie[1295]: [18:47:06] Found usable connection: /org/freedesktop/NetworkManager/ActiveConnection/1
Dec  9 18:47:06 ubuntu whoopsie[1295]: [18:47:06] online
Dec  9 18:47:06 ubuntu systemd[1]: Received SIGRTMIN+21 from PID 293 (plymouthd).
Dec  9 18:47:07 ubuntu ModemManager[1238]: <info>  Couldn't check support for device '/sys/devices/pci0000:00/0000:00:03.0': not supported by any plugin
Dec  9 18:47:07 ubuntu systemd-resolved[1142]: Server returned error NXDOMAIN, mitigating potential DNS violation DVE-2018-0001, retrying transaction with reduced feature level UDP.
Dec  9 18:47:08 ubuntu kernel: [   38.493205] audit: type=1400 audit(1607539628.067:2): apparmor="STATUS" operation="profile_load" profile="unconfined" name="/usr/lib/snapd/snap-confine" pid=1322 comm="apparmor_parser"
Dec  9 18:47:08 ubuntu kernel: [   38.495282] audit: type=1400 audit(1607539628.067:3): apparmor="STATUS" operation="profile_load" profile="unconfined" name="/usr/lib/snapd/snap-confine//mount-namespace-capture-helper" pid=1322 comm="apparmor_parser"
Dec  9 18:47:08 ubuntu snapd[1188]: helpers.go:105: error trying to compare the snap system key: system-key missing on disk
Dec  9 18:47:08 ubuntu systemd[1]: Started Snap Daemon.
Dec  9 18:47:08 ubuntu systemd[1]: Starting Holds Snappy daemon refresh...
Dec  9 18:47:08 ubuntu systemd[1]: Starting Wait until snapd is fully seeded...
Dec  9 18:47:08 ubuntu systemd[1]: Received SIGRTMIN+21 from PID 293 (plymouthd).
Dec  9 18:47:08 ubuntu systemd[1]: plymouth-quit-wait.service: Succeeded.
Dec  9 18:47:08 ubuntu systemd[1]: Finished Hold until boot process finishes up.
Dec  9 18:47:08 ubuntu systemd[1]: Starting Set console scheme...
Dec  9 18:47:08 ubuntu systemd[1]: Finished Set console scheme.
Dec  9 18:47:08 ubuntu systemd[1]: Created slice system-getty.slice.
Dec  9 18:47:08 ubuntu systemd[1]: Created slice User Slice of UID 999.
Dec  9 18:47:08 ubuntu systemd[1]: Starting User Runtime Directory /run/user/999...
Dec  9 18:47:08 ubuntu systemd[1]: Finished User Runtime Directory /run/user/999.
Dec  9 18:47:08 ubuntu systemd[1]: Starting User Manager for UID 999...
Dec  9 18:47:09 ubuntu systemd[1362]: Started Pending report trigger for Ubuntu Report.
Dec  9 18:47:09 ubuntu systemd[1362]: Condition check resulted in Save current user state periodically being skipped.
Dec  9 18:47:09 ubuntu systemd[1362]: Reached target Paths.
Dec  9 18:47:09 ubuntu systemd[1362]: Reached target Timers.
Dec  9 18:47:09 ubuntu systemd[1362]: Starting D-Bus User Message Bus Socket.
Dec  9 18:47:09 ubuntu systemd[1362]: Listening on GnuPG network certificate management daemon.
Dec  9 18:47:09 ubuntu systemd[1362]: Listening on GnuPG cryptographic agent and passphrase cache (access for web browsers).
Dec  9 18:47:09 ubuntu systemd[1362]: Listening on GnuPG cryptographic agent and passphrase cache (restricted).
Dec  9 18:47:09 ubuntu systemd[1362]: Listening on GnuPG cryptographic agent (ssh-agent emulation).
Dec  9 18:47:09 ubuntu systemd[1362]: Listening on GnuPG cryptographic agent and passphrase cache.
Dec  9 18:47:09 ubuntu systemd[1362]: Listening on debconf communication socket.
Dec  9 18:47:09 ubuntu systemd[1362]: Listening on Sound System.
Dec  9 18:47:09 ubuntu systemd[1362]: Listening on REST API socket for snapd user session agent.
Dec  9 18:47:09 ubuntu systemd[1362]: Listening on D-Bus User Message Bus Socket.
Dec  9 18:47:09 ubuntu systemd[1362]: Reached target Sockets.
Dec  9 18:47:09 ubuntu systemd[1362]: Reached target Basic System.
Dec  9 18:47:09 ubuntu systemd[1]: Started User Manager for UID 999.
Dec  9 18:47:09 ubuntu systemd[1]: Started Session c1 of user ubuntu.
Dec  9 18:47:09 ubuntu systemd[1362]: Starting Sound Service...
Dec  9 18:47:09 ubuntu systemd[1362]: Starting Tracker metadata extractor...
Dec  9 18:47:09 ubuntu systemd[1362]: Starting Tracker file system data miner...
Dec  9 18:47:09 ubuntu systemd[1362]: Started D-Bus User Message Bus.
Dec  9 18:47:09 ubuntu dbus-daemon[1386]: [session uid=999 pid=1386] AppArmor D-Bus mediation is enabled
Dec  9 18:47:09 ubuntu dbus-daemon[1386]: [session uid=999 pid=1386] Activating service name='ca.desrt.dconf' requested by ':1.2' (uid=999 pid=1385 comm="gsettings set org.gnome.desktop.lockdown disable-l" label="unconfined")
Dec  9 18:47:09 ubuntu dbus-daemon[1386]: [session uid=999 pid=1386] Successfully activated service 'ca.desrt.dconf'
Dec  9 18:47:09 ubuntu tracker-extract[1376]: Set scheduler policy to SCHED_IDLE
Dec  9 18:47:09 ubuntu tracker-miner-f[1377]: Set scheduler policy to SCHED_IDLE
Dec  9 18:47:09 ubuntu tracker-miner-f[1377]: Setting priority nice level to 19
Dec  9 18:47:09 ubuntu tracker-extract[1376]: Setting priority nice level to 19
Dec  9 18:47:09 ubuntu dbus-daemon[1386]: [session uid=999 pid=1386] Activating via systemd: service name='org.gtk.vfs.Daemon' unit='gvfs-daemon.service' requested by ':1.4' (uid=999 pid=1377 comm="/usr/libexec/tracker-miner-fs " label="unconfined")
Dec  9 18:47:09 ubuntu systemd[1362]: Starting Virtual filesystem service...
Dec  9 18:47:09 ubuntu dbus-daemon[1386]: [session uid=999 pid=1386] Successfully activated service 'org.gtk.vfs.Daemon'
Dec  9 18:47:09 ubuntu systemd[1362]: Started Virtual filesystem service.
Dec  9 18:47:09 ubuntu tracker-miner-f[1377]: Unable to get XDG user directory path for special directory &DOCUMENTS. Ignoring this location.
Dec  9 18:47:09 ubuntu tracker-miner-f[1377]: Unable to get XDG user directory path for special directory &MUSIC. Ignoring this location.
Dec  9 18:47:09 ubuntu tracker-miner-f[1377]: Unable to get XDG user directory path for special directory &PICTURES. Ignoring this location.
Dec  9 18:47:09 ubuntu tracker-miner-f[1377]: Unable to get XDG user directory path for special directory &VIDEOS. Ignoring this location.
Dec  9 18:47:09 ubuntu tracker-miner-f[1377]: Unable to get XDG user directory path for special directory &DOWNLOAD. Ignoring this location.
Dec  9 18:47:09 ubuntu tracker-miner-f[1377]: Unable to get XDG user directory path for special directory &DOCUMENTS. Ignoring this location.
Dec  9 18:47:09 ubuntu tracker-miner-f[1377]: Unable to get XDG user directory path for special directory &MUSIC. Ignoring this location.
Dec  9 18:47:09 ubuntu tracker-miner-f[1377]: Unable to get XDG user directory path for special directory &PICTURES. Ignoring this location.
Dec  9 18:47:09 ubuntu tracker-miner-f[1377]: Unable to get XDG user directory path for special directory &VIDEOS. Ignoring this location.
Dec  9 18:47:09 ubuntu dbus-daemon[1386]: [session uid=999 pid=1386] Activating via systemd: service name='org.gtk.vfs.UDisks2VolumeMonitor' unit='gvfs-udisks2-volume-monitor.service' requested by ':1.4' (uid=999 pid=1377 comm="/usr/libexec/tracker-miner-fs " label="unconfined")
Dec  9 18:47:09 ubuntu systemd[1362]: Starting Virtual filesystem service - disk device monitor...
Dec  9 18:47:09 ubuntu dbus-daemon[1157]: [system] Activating via systemd: service name='org.freedesktop.RealtimeKit1' unit='rtkit-daemon.service' requested by ':1.31' (uid=999 pid=1374 comm="/usr/bin/pulseaudio --daemonize=no --log-target=jo" label="unconfined")
Dec  9 18:47:09 ubuntu systemd[1]: Starting RealtimeKit Scheduling Policy Service...
Dec  9 18:47:09 ubuntu dbus-daemon[1157]: [system] Successfully activated service 'org.freedesktop.RealtimeKit1'
Dec  9 18:47:09 ubuntu systemd[1]: Started RealtimeKit Scheduling Policy Service.
Dec  9 18:47:09 ubuntu rtkit-daemon[1442]: Successfully called chroot.
Dec  9 18:47:09 ubuntu rtkit-daemon[1442]: Successfully dropped privileges.
Dec  9 18:47:09 ubuntu rtkit-daemon[1442]: Successfully limited resources.
Dec  9 18:47:09 ubuntu rtkit-daemon[1442]: Running.
Dec  9 18:47:09 ubuntu rtkit-daemon[1442]: Watchdog thread running.
Dec  9 18:47:09 ubuntu rtkit-daemon[1442]: Canary thread running.
Dec  9 18:47:09 ubuntu dbus-daemon[1386]: [session uid=999 pid=1386] Successfully activated service 'org.gtk.vfs.UDisks2VolumeMonitor'
Dec  9 18:47:09 ubuntu systemd[1362]: Started Virtual filesystem service - disk device monitor.
Dec  9 18:47:09 ubuntu dbus-daemon[1386]: [session uid=999 pid=1386] Activating via systemd: service name='org.gtk.vfs.MTPVolumeMonitor' unit='gvfs-mtp-volume-monitor.service' requested by ':1.4' (uid=999 pid=1377 comm="/usr/libexec/tracker-miner-fs " label="unconfined")
Dec  9 18:47:09 ubuntu systemd[1362]: Starting Virtual filesystem service - Media Transfer Protocol monitor...
Dec  9 18:47:09 ubuntu dbus-daemon[1386]: [session uid=999 pid=1386] Successfully activated service 'org.gtk.vfs.MTPVolumeMonitor'
Dec  9 18:47:09 ubuntu systemd[1362]: Started Virtual filesystem service - Media Transfer Protocol monitor.
Dec  9 18:47:09 ubuntu dbus-daemon[1386]: [session uid=999 pid=1386] Activating via systemd: service name='org.gtk.vfs.GPhoto2VolumeMonitor' unit='gvfs-gphoto2-volume-monitor.service' requested by ':1.4' (uid=999 pid=1377 comm="/usr/libexec/tracker-miner-fs " label="unconfined")
Dec  9 18:47:09 ubuntu systemd[1362]: Starting Virtual filesystem service - digital camera monitor...
