Dec  9 21:39:24 alicia-VirtualBox kernel: [    0.000000] Linux version 5.4.0-53-generic (buildd@lcy01-amd64-007) (gcc version 9.3.0 (Ubuntu 9.3.0-17ubuntu1~20.04)) #59-Ubuntu SMP Wed Oct 21 09:38:44 UTC 2020 (Ubuntu 5.4.0-53.59-generic 5.4.65)
Dec  9 21:39:24 alicia-VirtualBox kernel: [    0.000000] Command line: BOOT_IMAGE=/boot/vmlinuz-5.4.0-53-generic root=UUID=112864ad-9d37-4318-a112-e120d4e795e9 ro quiet splash
Dec  9 21:39:24 alicia-VirtualBox kernel: [    0.000000] KERNEL supported cpus:
Dec  9 21:39:24 alicia-VirtualBox kernel: [    0.000000]   Intel GenuineIntel
Dec  9 21:39:24 alicia-VirtualBox kernel: [    0.000000]   AMD AuthenticAMD
Dec  9 21:39:24 alicia-VirtualBox kernel: [    0.000000]   Hygon HygonGenuine
Dec  9 21:39:24 alicia-VirtualBox kernel: [    0.000000]   Centaur CentaurHauls
Dec  9 21:39:24 alicia-VirtualBox kernel: [    0.000000]   zhaoxin   Shanghai  
Dec  9 21:39:24 alicia-VirtualBox kernel: [    0.000000] x86/fpu: Supporting XSAVE feature 0x001: 'x87 floating point registers'
Dec  9 21:39:24 alicia-VirtualBox kernel: [    0.000000] x86/fpu: Supporting XSAVE feature 0x002: 'SSE registers'
Dec  9 21:39:24 alicia-VirtualBox kernel: [    0.000000] x86/fpu: Supporting XSAVE feature 0x004: 'AVX registers'
Dec  9 21:39:24 alicia-VirtualBox kernel: [    0.000000] x86/fpu: xstate_offset[2]:  576, xstate_sizes[2]:  256
Dec  9 21:39:24 alicia-VirtualBox kernel: [    0.000000] x86/fpu: Enabled xstate features 0x7, context size is 832 bytes, using 'standard' format.
Dec  9 21:39:24 alicia-VirtualBox kernel: [    0.000000] BIOS-provided physical RAM map:
Dec  9 21:39:24 alicia-VirtualBox kernel: [    0.000000] BIOS-e820: [mem 0x0000000000000000-0x000000000009fbff] usable
Dec  9 21:39:24 alicia-VirtualBox kernel: [    0.000000] BIOS-e820: [mem 0x000000000009fc00-0x000000000009ffff] reserved
Dec  9 21:39:24 alicia-VirtualBox kernel: [    0.000000] BIOS-e820: [mem 0x00000000000f0000-0x00000000000fffff] reserved
Dec  9 21:39:24 alicia-VirtualBox kernel: [    0.000000] BIOS-e820: [mem 0x0000000000100000-0x000000007ffeffff] usable
Dec  9 21:39:24 alicia-VirtualBox kernel: [    0.000000] BIOS-e820: [mem 0x000000007fff0000-0x000000007fffffff] ACPI data
Dec  9 21:39:24 alicia-VirtualBox kernel: [    0.000000] BIOS-e820: [mem 0x00000000fec00000-0x00000000fec00fff] reserved
Dec  9 21:39:24 alicia-VirtualBox kernel: [    0.000000] BIOS-e820: [mem 0x00000000fee00000-0x00000000fee00fff] reserved
Dec  9 21:39:24 alicia-VirtualBox kernel: [    0.000000] BIOS-e820: [mem 0x00000000fffc0000-0x00000000ffffffff] reserved
Dec  9 21:39:24 alicia-VirtualBox kernel: [    0.000000] NX (Execute Disable) protection: active
Dec  9 21:39:24 alicia-VirtualBox kernel: [    0.000000] SMBIOS 2.5 present.
Dec  9 21:39:24 alicia-VirtualBox kernel: [    0.000000] DMI: innotek GmbH VirtualBox/VirtualBox, BIOS VirtualBox 12/01/2006
Dec  9 21:39:24 alicia-VirtualBox kernel: [    0.000000] Hypervisor detected: KVM
Dec  9 21:39:24 alicia-VirtualBox kernel: [    0.000000] kvm-clock: Using msrs 4b564d01 and 4b564d00
Dec  9 21:39:24 alicia-VirtualBox kernel: [    0.000000] kvm-clock: cpu 0, msr 70e01001, primary cpu clock
Dec  9 21:39:24 alicia-VirtualBox kernel: [    0.000000] kvm-clock: using sched offset of 8660793647 cycles
Dec  9 21:39:24 alicia-VirtualBox kernel: [    0.000002] clocksource: kvm-clock: mask: 0xffffffffffffffff max_cycles: 0x1cd42e4dffb, max_idle_ns: 881590591483 ns
Dec  9 21:39:24 alicia-VirtualBox kernel: [    0.000005] tsc: Detected 1991.999 MHz processor
Dec  9 21:39:24 alicia-VirtualBox kernel: [    0.003863] e820: update [mem 0x00000000-0x00000fff] usable ==> reserved
Dec  9 21:39:24 alicia-VirtualBox kernel: [    0.003865] e820: remove [mem 0x000a0000-0x000fffff] usable
Dec  9 21:39:24 alicia-VirtualBox kernel: [    0.003869] last_pfn = 0x7fff0 max_arch_pfn = 0x400000000
Dec  9 21:39:24 alicia-VirtualBox kernel: [    0.003880] MTRR default type: uncachable
Dec  9 21:39:24 alicia-VirtualBox kernel: [    0.003881] MTRR variable ranges disabled:
Dec  9 21:39:24 alicia-VirtualBox kernel: [    0.003885] Disabled
Dec  9 21:39:24 alicia-VirtualBox kernel: [    0.003886] x86/PAT: MTRRs disabled, skipping PAT initialization too.
Dec  9 21:39:24 alicia-VirtualBox kernel: [    0.003888] CPU MTRRs all blank - virtualized system.
Dec  9 21:39:24 alicia-VirtualBox kernel: [    0.003890] x86/PAT: Configuration [0-7]: WB  WT  UC- UC  WB  WT  UC- UC  
Dec  9 21:39:24 alicia-VirtualBox kernel: [    0.003993] found SMP MP-table at [mem 0x0009fff0-0x0009ffff]
Dec  9 21:39:24 alicia-VirtualBox kernel: [    0.187099] check: Scanning 1 areas for low memory corruption
Dec  9 21:39:24 alicia-VirtualBox kernel: [    0.187227] RAMDISK: [mem 0x3216b000-0x350acfff]
Dec  9 21:39:24 alicia-VirtualBox kernel: [    0.187239] ACPI: Early table checksum verification disabled
Dec  9 21:39:24 alicia-VirtualBox kernel: [    0.187245] ACPI: RSDP 0x00000000000E0000 000024 (v02 VBOX  )
Dec  9 21:39:24 alicia-VirtualBox kernel: [    0.187248] ACPI: XSDT 0x000000007FFF0030 00003C (v01 VBOX   VBOXXSDT 00000001 ASL  00000061)
Dec  9 21:39:24 alicia-VirtualBox kernel: [    0.187254] ACPI: FACP 0x000000007FFF00F0 0000F4 (v04 VBOX   VBOXFACP 00000001 ASL  00000061)
Dec  9 21:39:24 alicia-VirtualBox kernel: [    0.187259] ACPI: DSDT 0x000000007FFF0470 002325 (v02 VBOX   VBOXBIOS 00000002 INTL 20120111)
Dec  9 21:39:24 alicia-VirtualBox kernel: [    0.187263] ACPI: FACS 0x000000007FFF0200 000040
Dec  9 21:39:24 alicia-VirtualBox kernel: [    0.187266] ACPI: FACS 0x000000007FFF0200 000040
Dec  9 21:39:24 alicia-VirtualBox kernel: [    0.187268] ACPI: APIC 0x000000007FFF0240 000054 (v02 VBOX   VBOXAPIC 00000001 ASL  00000061)
Dec  9 21:39:24 alicia-VirtualBox kernel: [    0.187271] ACPI: SSDT 0x000000007FFF02A0 0001CC (v01 VBOX   VBOXCPUT 00000002 INTL 20120111)
Dec  9 21:39:24 alicia-VirtualBox kernel: [    0.187281] ACPI: Local APIC address 0xfee00000
Dec  9 21:39:24 alicia-VirtualBox kernel: [    0.187684] No NUMA configuration found
Dec  9 21:39:24 alicia-VirtualBox kernel: [    0.187685] Faking a node at [mem 0x0000000000000000-0x000000007ffeffff]
Dec  9 21:39:24 alicia-VirtualBox kernel: [    0.187694] NODE_DATA(0) allocated [mem 0x7ffc5000-0x7ffeffff]
Dec  9 21:39:24 alicia-VirtualBox kernel: [    0.187889] Zone ranges:
Dec  9 21:39:24 alicia-VirtualBox kernel: [    0.187890]   DMA      [mem 0x0000000000001000-0x0000000000ffffff]
Dec  9 21:39:24 alicia-VirtualBox kernel: [    0.187891]   DMA32    [mem 0x0000000001000000-0x000000007ffeffff]
Dec  9 21:39:24 alicia-VirtualBox kernel: [    0.187892]   Normal   empty
Dec  9 21:39:24 alicia-VirtualBox kernel: [    0.187892]   Device   empty
Dec  9 21:39:24 alicia-VirtualBox kernel: [    0.187893] Movable zone start for each node
Dec  9 21:39:24 alicia-VirtualBox kernel: [    0.187895] Early memory node ranges
Dec  9 21:39:24 alicia-VirtualBox kernel: [    0.187896]   node   0: [mem 0x0000000000001000-0x000000000009efff]
Dec  9 21:39:24 alicia-VirtualBox kernel: [    0.187897]   node   0: [mem 0x0000000000100000-0x000000007ffeffff]
Dec  9 21:39:24 alicia-VirtualBox kernel: [    0.187899] Zeroed struct page in unavailable ranges: 114 pages
Dec  9 21:39:24 alicia-VirtualBox kernel: [    0.187900] Initmem setup node 0 [mem 0x0000000000001000-0x000000007ffeffff]
Dec  9 21:39:24 alicia-VirtualBox kernel: [    0.187901] On node 0 totalpages: 524174
Dec  9 21:39:24 alicia-VirtualBox kernel: [    0.187902]   DMA zone: 64 pages used for memmap
Dec  9 21:39:24 alicia-VirtualBox kernel: [    0.187902]   DMA zone: 21 pages reserved
Dec  9 21:39:24 alicia-VirtualBox kernel: [    0.187903]   DMA zone: 3998 pages, LIFO batch:0
Dec  9 21:39:24 alicia-VirtualBox kernel: [    0.187940]   DMA32 zone: 8128 pages used for memmap
Dec  9 21:39:24 alicia-VirtualBox kernel: [    0.187940]   DMA32 zone: 520176 pages, LIFO batch:63
Dec  9 21:39:24 alicia-VirtualBox kernel: [    0.193198] ACPI: PM-Timer IO Port: 0x4008
Dec  9 21:39:24 alicia-VirtualBox kernel: [    0.193200] ACPI: Local APIC address 0xfee00000
Dec  9 21:39:24 alicia-VirtualBox kernel: [    0.193260] IOAPIC[0]: apic_id 1, version 32, address 0xfec00000, GSI 0-23
Dec  9 21:39:24 alicia-VirtualBox kernel: [    0.193263] ACPI: INT_SRC_OVR (bus 0 bus_irq 0 global_irq 2 dfl dfl)
Dec  9 21:39:24 alicia-VirtualBox kernel: [    0.193265] ACPI: INT_SRC_OVR (bus 0 bus_irq 9 global_irq 9 low level)
Dec  9 21:39:24 alicia-VirtualBox kernel: [    0.193266] ACPI: IRQ0 used by override.
Dec  9 21:39:24 alicia-VirtualBox kernel: [    0.193267] ACPI: IRQ9 used by override.
Dec  9 21:39:24 alicia-VirtualBox kernel: [    0.193269] Using ACPI (MADT) for SMP configuration information
Dec  9 21:39:24 alicia-VirtualBox kernel: [    0.193275] smpboot: Allowing 1 CPUs, 0 hotplug CPUs
Dec  9 21:39:24 alicia-VirtualBox kernel: [    0.193294] PM: Registered nosave memory: [mem 0x00000000-0x00000fff]
Dec  9 21:39:24 alicia-VirtualBox kernel: [    0.193295] PM: Registered nosave memory: [mem 0x0009f000-0x0009ffff]
Dec  9 21:39:24 alicia-VirtualBox kernel: [    0.193295] PM: Registered nosave memory: [mem 0x000a0000-0x000effff]
Dec  9 21:39:24 alicia-VirtualBox kernel: [    0.193296] PM: Registered nosave memory: [mem 0x000f0000-0x000fffff]
Dec  9 21:39:24 alicia-VirtualBox kernel: [    0.193297] [mem 0x80000000-0xfebfffff] available for PCI devices
Dec  9 21:39:24 alicia-VirtualBox kernel: [    0.193298] Booting paravirtualized kernel on KVM
Dec  9 21:39:24 alicia-VirtualBox kernel: [    0.193301] clocksource: refined-jiffies: mask: 0xffffffff max_cycles: 0xffffffff, max_idle_ns: 7645519600211568 ns
Dec  9 21:39:24 alicia-VirtualBox kernel: [    0.193304] setup_percpu: NR_CPUS:8192 nr_cpumask_bits:1 nr_cpu_ids:1 nr_node_ids:1
Dec  9 21:39:24 alicia-VirtualBox kernel: [    0.193674] percpu: Embedded 54 pages/cpu s184320 r8192 d28672 u2097152
Dec  9 21:39:24 alicia-VirtualBox kernel: [    0.193677] pcpu-alloc: s184320 r8192 d28672 u2097152 alloc=1*2097152
Dec  9 21:39:24 alicia-VirtualBox kernel: [    0.193678] pcpu-alloc: [0] 0 
Dec  9 21:39:24 alicia-VirtualBox kernel: [    0.193699] Built 1 zonelists, mobility grouping on.  Total pages: 515961
Dec  9 21:39:24 alicia-VirtualBox kernel: [    0.193700] Policy zone: DMA32
Dec  9 21:39:24 alicia-VirtualBox kernel: [    0.193701] Kernel command line: BOOT_IMAGE=/boot/vmlinuz-5.4.0-53-generic root=UUID=112864ad-9d37-4318-a112-e120d4e795e9 ro quiet splash
Dec  9 21:39:24 alicia-VirtualBox kernel: [    0.194169] Dentry cache hash table entries: 262144 (order: 9, 2097152 bytes, linear)
Dec  9 21:39:24 alicia-VirtualBox kernel: [    0.194209] Inode-cache hash table entries: 131072 (order: 8, 1048576 bytes, linear)
Dec  9 21:39:24 alicia-VirtualBox kernel: [    0.194246] mem auto-init: stack:off, heap alloc:on, heap free:off
Dec  9 21:39:24 alicia-VirtualBox kernel: [    0.194249] Calgary: detecting Calgary via BIOS EBDA area
Dec  9 21:39:24 alicia-VirtualBox kernel: [    0.194250] Calgary: Unable to locate Rio Grande table in EBDA - bailing!
Dec  9 21:39:24 alicia-VirtualBox kernel: [    0.197388] Memory: 1979120K/2096696K available (14339K kernel code, 2398K rwdata, 4956K rodata, 2716K init, 4988K bss, 117576K reserved, 0K cma-reserved)
Dec  9 21:39:24 alicia-VirtualBox kernel: [    0.197395] random: get_random_u64 called from kmem_cache_open+0x2d/0x410 with crng_init=0
Dec  9 21:39:24 alicia-VirtualBox kernel: [    0.197807] SLUB: HWalign=64, Order=0-3, MinObjects=0, CPUs=1, Nodes=1
Dec  9 21:39:24 alicia-VirtualBox kernel: [    0.197818] Kernel/User page tables isolation: enabled
Dec  9 21:39:24 alicia-VirtualBox kernel: [    0.197833] ftrace: allocating 44527 entries in 174 pages
Dec  9 21:39:24 alicia-VirtualBox kernel: [    0.212976] rcu: Hierarchical RCU implementation.
Dec  9 21:39:24 alicia-VirtualBox kernel: [    0.212977] rcu: 	RCU restricting CPUs from NR_CPUS=8192 to nr_cpu_ids=1.
Dec  9 21:39:24 alicia-VirtualBox kernel: [    0.212978] 	Tasks RCU enabled.
Dec  9 21:39:24 alicia-VirtualBox kernel: [    0.212979] rcu: RCU calculated value of scheduler-enlistment delay is 25 jiffies.
Dec  9 21:39:24 alicia-VirtualBox kernel: [    0.212979] rcu: Adjusting geometry for rcu_fanout_leaf=16, nr_cpu_ids=1
Dec  9 21:39:24 alicia-VirtualBox kernel: [    0.215249] NR_IRQS: 524544, nr_irqs: 256, preallocated irqs: 16
Dec  9 21:39:24 alicia-VirtualBox kernel: [    0.215703] random: crng done (trusting CPU's manufacturer)
Dec  9 21:39:24 alicia-VirtualBox kernel: [    0.223913] Console: colour VGA+ 80x25
Dec  9 21:39:24 alicia-VirtualBox kernel: [    0.223915] printk: console [tty0] enabled
Dec  9 21:39:24 alicia-VirtualBox systemd-modules-load[233]: Inserted module 'lp'
Dec  9 21:39:24 alicia-VirtualBox systemd-modules-load[233]: Inserted module 'ppdev'
Dec  9 21:39:24 alicia-VirtualBox systemd-modules-load[233]: Inserted module 'parport_pc'
Dec  9 21:39:24 alicia-VirtualBox systemd-modules-load[233]: Module 'fuse' is built in
Dec  9 21:39:24 alicia-VirtualBox systemd-sysusers[242]: Creating group systemd-coredump with gid 999.
Dec  9 21:39:24 alicia-VirtualBox systemd-sysusers[242]: Creating user systemd-coredump (systemd Core Dumper) with uid 999 and gid 999.
Dec  9 21:39:24 alicia-VirtualBox systemd-modules-load[233]: Inserted module 'vmwgfx'
Dec  9 21:39:24 alicia-VirtualBox systemd-sysctl[253]: Not setting net/ipv4/conf/all/promote_secondaries (explicit setting exists).
Dec  9 21:39:24 alicia-VirtualBox systemd-sysctl[253]: Not setting net/ipv4/conf/default/promote_secondaries (explicit setting exists).
Dec  9 21:39:24 alicia-VirtualBox systemd[1]: Starting Flush Journal to Persistent Storage...
Dec  9 21:39:24 alicia-VirtualBox systemd[1]: Finished Flush Journal to Persistent Storage.
Dec  9 21:39:24 alicia-VirtualBox systemd[1]: Started udev Kernel Device Manager.
Dec  9 21:39:24 alicia-VirtualBox systemd[1]: Starting Show Plymouth Boot Screen...
Dec  9 21:39:24 alicia-VirtualBox systemd[1]: Received SIGRTMIN+20 from PID 267 (plymouthd).
Dec  9 21:39:24 alicia-VirtualBox systemd[1]: Started Show Plymouth Boot Screen.
Dec  9 21:39:24 alicia-VirtualBox systemd[1]: Condition check resulted in Dispatch Password Requests to Console Directory Watch being skipped.
Dec  9 21:39:24 alicia-VirtualBox systemd[1]: Started Forward Password Requests to Plymouth Directory Watch.
Dec  9 21:39:24 alicia-VirtualBox systemd[1]: Reached target Local Encrypted Volumes.
Dec  9 21:39:24 alicia-VirtualBox systemd-udevd[265]: Using default interface naming scheme 'v245'.
Dec  9 21:39:24 alicia-VirtualBox systemd-udevd[265]: ethtool: autonegotiation is unset or enabled, the speed and duplex are not writable.
Dec  9 21:39:24 alicia-VirtualBox mtp-probe: checking bus 1, device 2: "/sys/devices/pci0000:00/0000:00:06.0/usb1/1-1"
Dec  9 21:39:24 alicia-VirtualBox mtp-probe: bus: 1, device: 2 was not an MTP device
Dec  9 21:39:24 alicia-VirtualBox systemd[1]: Listening on Load/Save RF Kill Switch Status /dev/rfkill Watch.
Dec  9 21:39:24 alicia-VirtualBox systemd-udevd[262]: ethtool: autonegotiation is unset or enabled, the speed and duplex are not writable.
Dec  9 21:39:24 alicia-VirtualBox systemd[1]: Found device VBOX_HARDDISK 1.
Dec  9 21:39:24 alicia-VirtualBox systemd[1]: Starting File System Check on /dev/disk/by-uuid/CE19-AA4A...
Dec  9 21:39:24 alicia-VirtualBox systemd[1]: Started File System Check Daemon to report status.
Dec  9 21:39:24 alicia-VirtualBox systemd-fsck[401]: fsck.fat 4.1 (2017-01-24)
Dec  9 21:39:24 alicia-VirtualBox systemd-fsck[401]: /dev/sda1: 0 files, 1/130812 clusters
Dec  9 21:39:24 alicia-VirtualBox systemd[1]: Finished File System Check on /dev/disk/by-uuid/CE19-AA4A.
Dec  9 21:39:24 alicia-VirtualBox systemd[1]: Mounting /boot/efi...
Dec  9 21:39:24 alicia-VirtualBox systemd[1]: Mounted /boot/efi.
Dec  9 21:39:24 alicia-VirtualBox systemd[1]: Reached target Local File Systems.
Dec  9 21:39:24 alicia-VirtualBox systemd[1]: Starting Load AppArmor profiles...
Dec  9 21:39:24 alicia-VirtualBox systemd[1]: Starting Set console font and keymap...
Dec  9 21:39:24 alicia-VirtualBox systemd[1]: Starting Tell Plymouth To Write Out Runtime Data...
Dec  9 21:39:24 alicia-VirtualBox systemd[1]: Condition check resulted in Store a System Token in an EFI Variable being skipped.
Dec  9 21:39:24 alicia-VirtualBox systemd[1]: Starting Commit a transient machine-id on disk...
Dec  9 21:39:24 alicia-VirtualBox systemd[1]: Starting Create Volatile Files and Directories...
Dec  9 21:39:24 alicia-VirtualBox systemd[1]: Finished Set console font and keymap.
Dec  9 21:39:24 alicia-VirtualBox systemd[1]: etc-machine\x2did.mount: Succeeded.
Dec  9 21:39:24 alicia-VirtualBox systemd[1]: plymouth-read-write.service: Succeeded.
Dec  9 21:39:24 alicia-VirtualBox apparmor.systemd[404]: Restarting AppArmor
Dec  9 21:39:24 alicia-VirtualBox apparmor.systemd[404]: Reloading AppArmor profiles
Dec  9 21:39:24 alicia-VirtualBox systemd[1]: Finished Tell Plymouth To Write Out Runtime Data.
Dec  9 21:39:24 alicia-VirtualBox systemd[1]: Finished Commit a transient machine-id on disk.
Dec  9 21:39:24 alicia-VirtualBox systemd[1]: Received SIGRTMIN+20 from PID 267 (plymouthd).
Dec  9 21:39:24 alicia-VirtualBox systemd[1]: Finished Create Volatile Files and Directories.
Dec  9 21:39:24 alicia-VirtualBox systemd[1]: Starting Network Name Resolution...
Dec  9 21:39:24 alicia-VirtualBox systemd[1]: Starting Network Time Synchronization...
Dec  9 21:39:24 alicia-VirtualBox systemd[1]: Starting Update UTMP about System Boot/Shutdown...
Dec  9 21:39:24 alicia-VirtualBox systemd[1]: Finished Update UTMP about System Boot/Shutdown.
Dec  9 21:39:24 alicia-VirtualBox systemd[1]: Started Network Time Synchronization.
Dec  9 21:39:24 alicia-VirtualBox systemd[1]: Reached target System Time Set.
Dec  9 21:39:24 alicia-VirtualBox systemd[1]: Reached target System Time Synchronized.
Dec  9 21:39:24 alicia-VirtualBox systemd-resolved[416]: Positive Trust Anchors:
Dec  9 21:39:24 alicia-VirtualBox systemd-resolved[416]: . IN DS 20326 8 2 e06d44b80b8f1d39a95c0b0d7c65d08458e880409bbc683457104237c7f8ec8d
Dec  9 21:39:24 alicia-VirtualBox systemd-resolved[416]: Negative trust anchors: 10.in-addr.arpa 16.172.in-addr.arpa 17.172.in-addr.arpa 18.172.in-addr.arpa 19.172.in-addr.arpa 20.172.in-addr.arpa 21.172.in-addr.arpa 22.172.in-addr.arpa 23.172.in-addr.arpa 24.172.in-addr.arpa 25.172.in-addr.arpa 26.172.in-addr.arpa 27.172.in-addr.arpa 28.172.in-addr.arpa 29.172.in-addr.arpa 30.172.in-addr.arpa 31.172.in-addr.arpa 168.192.in-addr.arpa d.f.ip6.arpa corp home internal intranet lan local private test
Dec  9 21:39:24 alicia-VirtualBox systemd-resolved[416]: Using system hostname 'alicia-VirtualBox'.
Dec  9 21:39:24 alicia-VirtualBox systemd[1]: Started Network Name Resolution.
Dec  9 21:39:24 alicia-VirtualBox systemd[1]: Reached target Host and Network Name Lookups.
Dec  9 21:39:24 alicia-VirtualBox apparmor.systemd[421]: Skipping profile in /etc/apparmor.d/disable: usr.bin.firefox
Dec  9 21:39:24 alicia-VirtualBox kernel: [    0.223934] ACPI: Core revision 20190816
Dec  9 21:39:24 alicia-VirtualBox kernel: [    0.224035] APIC: Switch to symmetric I/O mode setup
Dec  9 21:39:24 alicia-VirtualBox kernel: [    0.224244] x2apic enabled
Dec  9 21:39:24 alicia-VirtualBox kernel: [    0.224441] Switched APIC routing to physical x2apic.
Dec  9 21:39:24 alicia-VirtualBox kernel: [    0.225387] ..TIMER: vector=0x30 apic1=0 pin1=2 apic2=-1 pin2=-1
Dec  9 21:39:24 alicia-VirtualBox kernel: [    0.225407] clocksource: tsc-early: mask: 0xffffffffffffffff max_cycles: 0x396d4ffc055, max_idle_ns: 881590662783 ns
Dec  9 21:39:24 alicia-VirtualBox kernel: [    0.225411] Calibrating delay loop (skipped) preset value.. 3983.99 BogoMIPS (lpj=7967996)
Dec  9 21:39:24 alicia-VirtualBox kernel: [    0.225413] pid_max: default: 32768 minimum: 301
Dec  9 21:39:24 alicia-VirtualBox kernel: [    0.225441] LSM: Security Framework initializing
Dec  9 21:39:24 alicia-VirtualBox kernel: [    0.225449] Yama: becoming mindful.
Dec  9 21:39:24 alicia-VirtualBox kernel: [    0.225465] AppArmor: AppArmor initialized
Dec  9 21:39:24 alicia-VirtualBox kernel: [    0.225494] Mount-cache hash table entries: 4096 (order: 3, 32768 bytes, linear)
Dec  9 21:39:24 alicia-VirtualBox kernel: [    0.225496] Mountpoint-cache hash table entries: 4096 (order: 3, 32768 bytes, linear)
Dec  9 21:39:24 alicia-VirtualBox kernel: [    0.225508] *** VALIDATE tmpfs ***
Dec  9 21:39:24 alicia-VirtualBox kernel: [    0.225615] *** VALIDATE proc ***
Dec  9 21:39:24 alicia-VirtualBox kernel: [    0.225650] *** VALIDATE cgroup1 ***
Dec  9 21:39:24 alicia-VirtualBox kernel: [    0.225651] *** VALIDATE cgroup2 ***
Dec  9 21:39:24 alicia-VirtualBox kernel: [    0.225829] process: using mwait in idle threads
Dec  9 21:39:24 alicia-VirtualBox kernel: [    0.225833] Last level iTLB entries: 4KB 64, 2MB 8, 4MB 8
Dec  9 21:39:24 alicia-VirtualBox kernel: [    0.225833] Last level dTLB entries: 4KB 64, 2MB 0, 4MB 0, 1GB 4
Dec  9 21:39:24 alicia-VirtualBox kernel: [    0.225835] Spectre V1 : Mitigation: usercopy/swapgs barriers and __user pointer sanitization
Dec  9 21:39:24 alicia-VirtualBox kernel: [    0.225836] Spectre V2 : Mitigation: Full generic retpoline
Dec  9 21:39:24 alicia-VirtualBox kernel: [    0.225837] Spectre V2 : Spectre v2 / SpectreRSB mitigation: Filling RSB on context switch
Dec  9 21:39:24 alicia-VirtualBox kernel: [    0.225837] Speculative Store Bypass: Vulnerable
Dec  9 21:39:24 alicia-VirtualBox kernel: [    0.225839] SRBDS: Unknown: Dependent on hypervisor status
Dec  9 21:39:24 alicia-VirtualBox kernel: [    0.225840] MDS: Mitigation: Clear CPU buffers
Dec  9 21:39:24 alicia-VirtualBox kernel: [    0.231705] Freeing SMP alternatives memory: 40K
Dec  9 21:39:24 alicia-VirtualBox kernel: [    0.341707] smpboot: CPU0: Intel(R) Core(TM) i5-6360U CPU @ 2.00GHz (family: 0x6, model: 0x4e, stepping: 0x3)
Dec  9 21:39:24 alicia-VirtualBox kernel: [    0.341880] Performance Events: unsupported p6 CPU model 78 no PMU driver, software events only.
Dec  9 21:39:24 alicia-VirtualBox kernel: [    0.341912] rcu: Hierarchical SRCU implementation.
Dec  9 21:39:24 alicia-VirtualBox kernel: [    0.342498] NMI watchdog: Perf NMI watchdog permanently disabled
Dec  9 21:39:24 alicia-VirtualBox kernel: [    0.342518] smp: Bringing up secondary CPUs ...
Dec  9 21:39:24 alicia-VirtualBox kernel: [    0.342519] smp: Brought up 1 node, 1 CPU
Dec  9 21:39:24 alicia-VirtualBox kernel: [    0.342520] smpboot: Max logical packages: 1
Dec  9 21:39:24 alicia-VirtualBox kernel: [    0.342521] smpboot: Total of 1 processors activated (3983.99 BogoMIPS)
Dec  9 21:39:24 alicia-VirtualBox kernel: [    0.343047] devtmpfs: initialized
Dec  9 21:39:24 alicia-VirtualBox kernel: [    0.343086] x86/mm: Memory block size: 128MB
Dec  9 21:39:24 alicia-VirtualBox kernel: [    0.343386] clocksource: jiffies: mask: 0xffffffff max_cycles: 0xffffffff, max_idle_ns: 7645041785100000 ns
Dec  9 21:39:24 alicia-VirtualBox kernel: [    0.343390] futex hash table entries: 256 (order: 2, 16384 bytes, linear)
Dec  9 21:39:24 alicia-VirtualBox kernel: [    0.343433] pinctrl core: initialized pinctrl subsystem
Dec  9 21:39:24 alicia-VirtualBox kernel: [    0.343529] PM: RTC time: 19:39:07, date: 2020-12-09
Dec  9 21:39:24 alicia-VirtualBox kernel: [    0.343617] NET: Registered protocol family 16
Dec  9 21:39:24 alicia-VirtualBox kernel: [    0.343682] audit: initializing netlink subsys (disabled)
Dec  9 21:39:24 alicia-VirtualBox kernel: [    0.343789] EISA bus registered
Dec  9 21:39:24 alicia-VirtualBox kernel: [    0.343790] cpuidle: using governor ladder
Dec  9 21:39:24 alicia-VirtualBox kernel: [    0.343791] cpuidle: using governor menu
Dec  9 21:39:24 alicia-VirtualBox kernel: [    0.343825] ACPI: bus type PCI registered
Dec  9 21:39:24 alicia-VirtualBox kernel: [    0.343827] acpiphp: ACPI Hot Plug PCI Controller Driver version: 0.5
Dec  9 21:39:24 alicia-VirtualBox kernel: [    0.343954] PCI: Using configuration type 1 for base access
Dec  9 21:39:24 alicia-VirtualBox kernel: [    0.345320] audit: type=2000 audit(1607542890.472:1): state=initialized audit_enabled=0 res=1
Dec  9 21:39:24 alicia-VirtualBox kernel: [    0.345384] HugeTLB registered 2.00 MiB page size, pre-allocated 0 pages
Dec  9 21:39:24 alicia-VirtualBox kernel: [    0.345798] ACPI: Added _OSI(Module Device)
Dec  9 21:39:24 alicia-VirtualBox kernel: [    0.345799] ACPI: Added _OSI(Processor Device)
Dec  9 21:39:24 alicia-VirtualBox kernel: [    0.345799] ACPI: Added _OSI(3.0 _SCP Extensions)
Dec  9 21:39:24 alicia-VirtualBox kernel: [    0.345800] ACPI: Added _OSI(Processor Aggregator Device)
Dec  9 21:39:24 alicia-VirtualBox kernel: [    0.345801] ACPI: Added _OSI(Linux-Dell-Video)
Dec  9 21:39:24 alicia-VirtualBox kernel: [    0.345801] ACPI: Added _OSI(Linux-Lenovo-NV-HDMI-Audio)
Dec  9 21:39:24 alicia-VirtualBox kernel: [    0.345802] ACPI: Added _OSI(Linux-HPI-Hybrid-Graphics)
Dec  9 21:39:24 alicia-VirtualBox kernel: [    0.347886] ACPI: 2 ACPI AML tables successfully acquired and loaded
Dec  9 21:39:24 alicia-VirtualBox kernel: [    0.349777] ACPI: Interpreter enabled
Dec  9 21:39:24 alicia-VirtualBox kernel: [    0.349788] ACPI: (supports S0 S5)
Dec  9 21:39:24 alicia-VirtualBox kernel: [    0.349789] ACPI: Using IOAPIC for interrupt routing
Dec  9 21:39:24 alicia-VirtualBox kernel: [    0.350073] PCI: Using host bridge windows from ACPI; if necessary, use "pci=nocrs" and report a bug
Dec  9 21:39:24 alicia-VirtualBox kernel: [    0.350214] ACPI: Enabled 2 GPEs in block 00 to 07
Dec  9 21:39:24 alicia-VirtualBox kernel: [    0.358092] ACPI: PCI Root Bridge [PCI0] (domain 0000 [bus 00-ff])
Dec  9 21:39:24 alicia-VirtualBox kernel: [    0.358097] acpi PNP0A03:00: _OSC: OS supports [ASPM ClockPM Segments MSI HPX-Type3]
Dec  9 21:39:24 alicia-VirtualBox kernel: [    0.358515] acpi PNP0A03:00: _OSC: not requesting OS control; OS requires [ExtendedConfig ASPM ClockPM MSI]
Dec  9 21:39:24 alicia-VirtualBox kernel: [    0.358522] acpi PNP0A03:00: fail to add MMCONFIG information, can't access extended PCI configuration space under this bridge.
Dec  9 21:39:24 alicia-VirtualBox kernel: [    0.359215] PCI host bridge to bus 0000:00
Dec  9 21:39:24 alicia-VirtualBox kernel: [    0.359218] pci_bus 0000:00: root bus resource [io  0x0000-0x0cf7 window]
Dec  9 21:39:24 alicia-VirtualBox kernel: [    0.359220] pci_bus 0000:00: root bus resource [io  0x0d00-0xffff window]
Dec  9 21:39:24 alicia-VirtualBox kernel: [    0.359221] pci_bus 0000:00: root bus resource [mem 0x000a0000-0x000bffff window]
Dec  9 21:39:24 alicia-VirtualBox kernel: [    0.359222] pci_bus 0000:00: root bus resource [mem 0x80000000-0xfdffffff window]
Dec  9 21:39:24 alicia-VirtualBox kernel: [    0.359224] pci_bus 0000:00: root bus resource [bus 00-ff]
Dec  9 21:39:24 alicia-VirtualBox kernel: [    0.359407] pci 0000:00:00.0: [8086:1237] type 00 class 0x060000
Dec  9 21:39:24 alicia-VirtualBox kernel: [    0.360765] pci 0000:00:01.0: [8086:7000] type 00 class 0x060100
Dec  9 21:39:24 alicia-VirtualBox kernel: [    0.362274] pci 0000:00:01.1: [8086:7111] type 00 class 0x01018a
Dec  9 21:39:24 alicia-VirtualBox kernel: [    0.362845] pci 0000:00:01.1: reg 0x20: [io  0xd000-0xd00f]
Dec  9 21:39:24 alicia-VirtualBox kernel: [    0.363091] pci 0000:00:01.1: legacy IDE quirk: reg 0x10: [io  0x01f0-0x01f7]
Dec  9 21:39:24 alicia-VirtualBox kernel: [    0.363092] pci 0000:00:01.1: legacy IDE quirk: reg 0x14: [io  0x03f6]
Dec  9 21:39:24 alicia-VirtualBox kernel: [    0.363093] pci 0000:00:01.1: legacy IDE quirk: reg 0x18: [io  0x0170-0x0177]
Dec  9 21:39:24 alicia-VirtualBox kernel: [    0.363094] pci 0000:00:01.1: legacy IDE quirk: reg 0x1c: [io  0x0376]
Dec  9 21:39:24 alicia-VirtualBox kernel: [    0.363738] pci 0000:00:02.0: [15ad:0405] type 00 class 0x030000
Dec  9 21:39:24 alicia-VirtualBox kernel: [    0.365185] pci 0000:00:02.0: reg 0x10: [io  0xd010-0xd01f]
Dec  9 21:39:24 alicia-VirtualBox kernel: [    0.365720] pci 0000:00:02.0: reg 0x14: [mem 0xe0000000-0xe0ffffff pref]
Dec  9 21:39:24 alicia-VirtualBox kernel: [    0.366776] pci 0000:00:02.0: reg 0x18: [mem 0xf0000000-0xf01fffff]
Dec  9 21:39:24 alicia-VirtualBox kernel: [    0.372564] pci 0000:00:03.0: [8086:100e] type 00 class 0x020000
Dec  9 21:39:24 alicia-VirtualBox kernel: [    0.373540] pci 0000:00:03.0: reg 0x10: [mem 0xf0200000-0xf021ffff]
Dec  9 21:39:24 alicia-VirtualBox kernel: [    0.375202] pci 0000:00:03.0: reg 0x18: [io  0xd020-0xd027]
Dec  9 21:39:24 alicia-VirtualBox kernel: [    0.379802] pci 0000:00:04.0: [80ee:cafe] type 00 class 0x088000
Dec  9 21:39:24 alicia-VirtualBox kernel: [    0.380749] pci 0000:00:04.0: reg 0x10: [io  0xd040-0xd05f]
Dec  9 21:39:24 alicia-VirtualBox kernel: [    0.381540] pci 0000:00:04.0: reg 0x14: [mem 0xf0400000-0xf07fffff]
Dec  9 21:39:24 alicia-VirtualBox kernel: [    0.382350] pci 0000:00:04.0: reg 0x18: [mem 0xf0800000-0xf0803fff pref]
Dec  9 21:39:24 alicia-VirtualBox kernel: [    0.386310] pci 0000:00:05.0: [8086:2415] type 00 class 0x040100
Dec  9 21:39:24 alicia-VirtualBox kernel: [    0.386507] pci 0000:00:05.0: reg 0x10: [io  0xd100-0xd1ff]
Dec  9 21:39:24 alicia-VirtualBox kernel: [    0.386605] pci 0000:00:05.0: reg 0x14: [io  0xd200-0xd23f]
Dec  9 21:39:24 alicia-VirtualBox kernel: [    0.387746] pci 0000:00:06.0: [106b:003f] type 00 class 0x0c0310
Dec  9 21:39:24 alicia-VirtualBox kernel: [    0.388660] pci 0000:00:06.0: reg 0x10: [mem 0xf0804000-0xf0804fff]
Dec  9 21:39:24 alicia-VirtualBox kernel: [    0.394200] pci 0000:00:07.0: [8086:7113] type 00 class 0x068000
Dec  9 21:39:24 alicia-VirtualBox kernel: [    0.394823] pci 0000:00:07.0: quirk: [io  0x4000-0x403f] claimed by PIIX4 ACPI
Dec  9 21:39:24 alicia-VirtualBox kernel: [    0.394838] pci 0000:00:07.0: quirk: [io  0x4100-0x410f] claimed by PIIX4 SMB
Dec  9 21:39:24 alicia-VirtualBox kernel: [    0.397454] pci 0000:00:0d.0: [8086:2829] type 00 class 0x010601
Dec  9 21:39:24 alicia-VirtualBox kernel: [    0.398462] pci 0000:00:0d.0: reg 0x10: [io  0xd240-0xd247]
Dec  9 21:39:24 alicia-VirtualBox kernel: [    0.399320] pci 0000:00:0d.0: reg 0x14: [io  0xd248-0xd24b]
Dec  9 21:39:24 alicia-VirtualBox kernel: [    0.400112] pci 0000:00:0d.0: reg 0x18: [io  0xd250-0xd257]
Dec  9 21:39:24 alicia-VirtualBox kernel: [    0.400891] pci 0000:00:0d.0: reg 0x1c: [io  0xd258-0xd25b]
Dec  9 21:39:24 alicia-VirtualBox kernel: [    0.401538] pci 0000:00:0d.0: reg 0x20: [io  0xd260-0xd26f]
Dec  9 21:39:24 alicia-VirtualBox kernel: [    0.402379] pci 0000:00:0d.0: reg 0x24: [mem 0xf0806000-0xf0807fff]
Dec  9 21:39:24 alicia-VirtualBox kernel: [    0.410818] ACPI: PCI Interrupt Link [LNKA] (IRQs 5 9 10 *11)
Dec  9 21:39:24 alicia-VirtualBox kernel: [    0.411120] ACPI: PCI Interrupt Link [LNKB] (IRQs 5 9 *10 11)
Dec  9 21:39:24 alicia-VirtualBox kernel: [    0.411251] ACPI: PCI Interrupt Link [LNKC] (IRQs 5 *9 10 11)
Dec  9 21:39:24 alicia-VirtualBox kernel: [    0.411380] ACPI: PCI Interrupt Link [LNKD] (IRQs 5 9 10 *11)
Dec  9 21:39:24 alicia-VirtualBox kernel: [    0.411651] iommu: Default domain type: Translated 
Dec  9 21:39:24 alicia-VirtualBox kernel: [    0.411826] SCSI subsystem initialized
Dec  9 21:39:24 alicia-VirtualBox kernel: [    0.411856] libata version 3.00 loaded.
Dec  9 21:39:24 alicia-VirtualBox kernel: [    0.411915] pci 0000:00:02.0: vgaarb: setting as boot VGA device
Dec  9 21:39:24 alicia-VirtualBox kernel: [    0.411919] pci 0000:00:02.0: vgaarb: VGA device added: decodes=io+mem,owns=io+mem,locks=none
Dec  9 21:39:24 alicia-VirtualBox kernel: [    0.411921] pci 0000:00:02.0: vgaarb: bridge control possible
Dec  9 21:39:24 alicia-VirtualBox kernel: [    0.411921] vgaarb: loaded
Dec  9 21:39:24 alicia-VirtualBox kernel: [    0.411943] ACPI: bus type USB registered
Dec  9 21:39:24 alicia-VirtualBox kernel: [    0.411958] usbcore: registered new interface driver usbfs
Dec  9 21:39:24 alicia-VirtualBox kernel: [    0.411963] usbcore: registered new interface driver hub
Dec  9 21:39:24 alicia-VirtualBox kernel: [    0.411969] usbcore: registered new device driver usb
Dec  9 21:39:24 alicia-VirtualBox kernel: [    0.411992] pps_core: LinuxPPS API ver. 1 registered
Dec  9 21:39:24 alicia-VirtualBox kernel: [    0.411992] pps_core: Software ver. 5.3.6 - Copyright 2005-2007 Rodolfo Giometti <giometti@linux.it>
Dec  9 21:39:24 alicia-VirtualBox kernel: [    0.411994] PTP clock support registered
Dec  9 21:39:24 alicia-VirtualBox kernel: [    0.412024] EDAC MC: Ver: 3.0.0
Dec  9 21:39:24 alicia-VirtualBox kernel: [    0.412408] PCI: Using ACPI for IRQ routing
Dec  9 21:39:24 alicia-VirtualBox kernel: [    0.412410] PCI: pci_cache_line_size set to 64 bytes
Dec  9 21:39:24 alicia-VirtualBox kernel: [    0.413444] e820: reserve RAM buffer [mem 0x0009fc00-0x0009ffff]
Dec  9 21:39:24 alicia-VirtualBox kernel: [    0.413448] e820: reserve RAM buffer [mem 0x7fff0000-0x7fffffff]
Dec  9 21:39:24 alicia-VirtualBox kernel: [    0.413554] NetLabel: Initializing
Dec  9 21:39:24 alicia-VirtualBox kernel: [    0.413555] NetLabel:  domain hash size = 128
Dec  9 21:39:24 alicia-VirtualBox kernel: [    0.413555] NetLabel:  protocols = UNLABELED CIPSOv4 CALIPSO
Dec  9 21:39:24 alicia-VirtualBox kernel: [    0.413577] NetLabel:  unlabeled traffic allowed by default
Dec  9 21:39:24 alicia-VirtualBox kernel: [    0.414712] clocksource: Switched to clocksource kvm-clock
Dec  9 21:39:24 alicia-VirtualBox kernel: [    0.425312] *** VALIDATE bpf ***
Dec  9 21:39:24 alicia-VirtualBox kernel: [    0.425380] VFS: Disk quotas dquot_6.6.0
Dec  9 21:39:24 alicia-VirtualBox kernel: [    0.425391] VFS: Dquot-cache hash table entries: 512 (order 0, 4096 bytes)
Dec  9 21:39:24 alicia-VirtualBox kernel: [    0.425410] *** VALIDATE ramfs ***
Dec  9 21:39:24 alicia-VirtualBox kernel: [    0.425413] *** VALIDATE hugetlbfs ***
Dec  9 21:39:24 alicia-VirtualBox kernel: [    0.425526] AppArmor: AppArmor Filesystem Enabled
Dec  9 21:39:24 alicia-VirtualBox kernel: [    0.425555] pnp: PnP ACPI init
Dec  9 21:39:24 alicia-VirtualBox kernel: [    0.425625] pnp 00:00: Plug and Play ACPI device, IDs PNP0303 (active)
Dec  9 21:39:24 alicia-VirtualBox kernel: [    0.425706] pnp 00:01: Plug and Play ACPI device, IDs PNP0f03 (active)
Dec  9 21:39:24 alicia-VirtualBox kernel: [    0.427005] pnp: PnP ACPI: found 2 devices
Dec  9 21:39:24 alicia-VirtualBox kernel: [    0.428044] thermal_sys: Registered thermal governor 'fair_share'
Dec  9 21:39:24 alicia-VirtualBox kernel: [    0.428045] thermal_sys: Registered thermal governor 'bang_bang'
Dec  9 21:39:24 alicia-VirtualBox kernel: [    0.428045] thermal_sys: Registered thermal governor 'step_wise'
Dec  9 21:39:24 alicia-VirtualBox kernel: [    0.428046] thermal_sys: Registered thermal governor 'user_space'
Dec  9 21:39:24 alicia-VirtualBox kernel: [    0.428046] thermal_sys: Registered thermal governor 'power_allocator'
Dec  9 21:39:24 alicia-VirtualBox kernel: [    0.432558] clocksource: acpi_pm: mask: 0xffffff max_cycles: 0xffffff, max_idle_ns: 2085701024 ns
Dec  9 21:39:24 alicia-VirtualBox kernel: [    0.432592] pci_bus 0000:00: resource 4 [io  0x0000-0x0cf7 window]
Dec  9 21:39:24 alicia-VirtualBox kernel: [    0.432593] pci_bus 0000:00: resource 5 [io  0x0d00-0xffff window]
Dec  9 21:39:24 alicia-VirtualBox kernel: [    0.432594] pci_bus 0000:00: resource 6 [mem 0x000a0000-0x000bffff window]
Dec  9 21:39:24 alicia-VirtualBox kernel: [    0.432595] pci_bus 0000:00: resource 7 [mem 0x80000000-0xfdffffff window]
Dec  9 21:39:24 alicia-VirtualBox kernel: [    0.432645] NET: Registered protocol family 2
Dec  9 21:39:24 alicia-VirtualBox kernel: [    0.432778] tcp_listen_portaddr_hash hash table entries: 1024 (order: 2, 16384 bytes, linear)
Dec  9 21:39:24 alicia-VirtualBox kernel: [    0.432788] TCP established hash table entries: 16384 (order: 5, 131072 bytes, linear)
Dec  9 21:39:24 alicia-VirtualBox kernel: [    0.432814] TCP bind hash table entries: 16384 (order: 6, 262144 bytes, linear)
Dec  9 21:39:24 alicia-VirtualBox kernel: [    0.432837] TCP: Hash tables configured (established 16384 bind 16384)
Dec  9 21:39:24 alicia-VirtualBox kernel: [    0.432857] UDP hash table entries: 1024 (order: 3, 32768 bytes, linear)
Dec  9 21:39:24 alicia-VirtualBox kernel: [    0.432862] UDP-Lite hash table entries: 1024 (order: 3, 32768 bytes, linear)
Dec  9 21:39:24 alicia-VirtualBox kernel: [    0.432914] NET: Registered protocol family 1
Dec  9 21:39:24 alicia-VirtualBox kernel: [    0.432920] NET: Registered protocol family 44
Dec  9 21:39:24 alicia-VirtualBox kernel: [    0.432956] pci 0000:00:00.0: Limiting direct PCI/PCI transfers
Dec  9 21:39:24 alicia-VirtualBox kernel: [    0.432975] pci 0000:00:01.0: Activating ISA DMA hang workarounds
Dec  9 21:39:24 alicia-VirtualBox kernel: [    0.433051] pci 0000:00:02.0: Video device with shadowed ROM at [mem 0x000c0000-0x000dffff]
Dec  9 21:39:24 alicia-VirtualBox kernel: [    0.434402] PCI: CLS 0 bytes, default 64
Dec  9 21:39:24 alicia-VirtualBox kernel: [    0.434442] Trying to unpack rootfs image as initramfs...
Dec  9 21:39:24 alicia-VirtualBox kernel: [    0.565819] Freeing initrd memory: 48392K
Dec  9 21:39:24 alicia-VirtualBox kernel: [    0.566090] clocksource: tsc: mask: 0xffffffffffffffff max_cycles: 0x396d4ffc055, max_idle_ns: 881590662783 ns
Dec  9 21:39:24 alicia-VirtualBox kernel: [    0.566100] clocksource: Switched to clocksource tsc
Dec  9 21:39:24 alicia-VirtualBox kernel: [    0.566133] platform rtc_cmos: registered platform RTC device (no PNP device found)
Dec  9 21:39:24 alicia-VirtualBox kernel: [    0.566157] check: Scanning for low memory corruption every 60 seconds
Dec  9 21:39:24 alicia-VirtualBox kernel: [    0.566434] Initialise system trusted keyrings
Dec  9 21:39:24 alicia-VirtualBox kernel: [    0.566447] Key type blacklist registered
Dec  9 21:39:24 alicia-VirtualBox kernel: [    0.566494] workingset: timestamp_bits=36 max_order=19 bucket_order=0
Dec  9 21:39:24 alicia-VirtualBox kernel: [    0.568479] zbud: loaded
Dec  9 21:39:24 alicia-VirtualBox kernel: [    0.568839] squashfs: version 4.0 (2009/01/31) Phillip Lougher
Dec  9 21:39:24 alicia-VirtualBox kernel: [    0.568999] fuse: init (API version 7.31)
Dec  9 21:39:24 alicia-VirtualBox kernel: [    0.569014] *** VALIDATE fuse ***
Dec  9 21:39:24 alicia-VirtualBox kernel: [    0.569016] *** VALIDATE fuse ***
Dec  9 21:39:24 alicia-VirtualBox kernel: [    0.569145] Platform Keyring initialized
Dec  9 21:39:24 alicia-VirtualBox kernel: [    0.572271] Key type asymmetric registered
Dec  9 21:39:24 alicia-VirtualBox kernel: [    0.572272] Asymmetric key parser 'x509' registered
Dec  9 21:39:24 alicia-VirtualBox kernel: [    0.572283] Block layer SCSI generic (bsg) driver version 0.4 loaded (major 244)
Dec  9 21:39:24 alicia-VirtualBox kernel: [    0.572339] io scheduler mq-deadline registered
Dec  9 21:39:24 alicia-VirtualBox kernel: [    0.572435] shpchp: Standard Hot Plug PCI Controller Driver version: 0.4
Dec  9 21:39:24 alicia-VirtualBox kernel: [    0.572987] ACPI: AC Adapter [AC] (off-line)
Dec  9 21:39:24 alicia-VirtualBox kernel: [    0.573031] input: Power Button as /devices/LNXSYSTM:00/LNXPWRBN:00/input/input0
Dec  9 21:39:24 alicia-VirtualBox kernel: [    0.573055] ACPI: Power Button [PWRF]
Dec  9 21:39:24 alicia-VirtualBox kernel: [    0.573155] input: Sleep Button as /devices/LNXSYSTM:00/LNXSLPBN:00/input/input1
Dec  9 21:39:24 alicia-VirtualBox kernel: [    0.573167] ACPI: Sleep Button [SLPF]
Dec  9 21:39:24 alicia-VirtualBox kernel: [    0.574801] battery: ACPI: Battery Slot [BAT0] (battery present)
Dec  9 21:39:24 alicia-VirtualBox kernel: [    0.574843] Serial: 8250/16550 driver, 32 ports, IRQ sharing enabled
Dec  9 21:39:24 alicia-VirtualBox kernel: [    0.575875] Linux agpgart interface v0.103
Dec  9 21:39:24 alicia-VirtualBox kernel: [    0.577026] loop: module loaded
Dec  9 21:39:24 alicia-VirtualBox kernel: [    0.577136] ata_piix 0000:00:01.1: version 2.13
Dec  9 21:39:24 alicia-VirtualBox kernel: [    0.577509] scsi host0: ata_piix
Dec  9 21:39:24 alicia-VirtualBox kernel: [    0.577581] scsi host1: ata_piix
Dec  9 21:39:24 alicia-VirtualBox kernel: [    0.577604] ata1: PATA max UDMA/33 cmd 0x1f0 ctl 0x3f6 bmdma 0xd000 irq 14
Dec  9 21:39:24 alicia-VirtualBox kernel: [    0.577605] ata2: PATA max UDMA/33 cmd 0x170 ctl 0x376 bmdma 0xd008 irq 15
Dec  9 21:39:24 alicia-VirtualBox kernel: [    0.577664] libphy: Fixed MDIO Bus: probed
Dec  9 21:39:24 alicia-VirtualBox kernel: [    0.577665] tun: Universal TUN/TAP device driver, 1.6
Dec  9 21:39:24 alicia-VirtualBox kernel: [    0.578108] PPP generic driver version 2.4.2
Dec  9 21:39:24 alicia-VirtualBox kernel: [    0.578154] VFIO - User Level meta-driver version: 0.3
Dec  9 21:39:24 alicia-VirtualBox kernel: [    0.578712] ehci_hcd: USB 2.0 'Enhanced' Host Controller (EHCI) Driver
Dec  9 21:39:24 alicia-VirtualBox kernel: [    0.578716] ehci-pci: EHCI PCI platform driver
Dec  9 21:39:24 alicia-VirtualBox kernel: [    0.578724] ehci-platform: EHCI generic platform driver
Dec  9 21:39:24 alicia-VirtualBox kernel: [    0.578729] ohci_hcd: USB 1.1 'Open' Host Controller (OHCI) Driver
Dec  9 21:39:24 alicia-VirtualBox kernel: [    0.578730] ohci-pci: OHCI PCI platform driver
Dec  9 21:39:24 alicia-VirtualBox kernel: [    0.579351] ohci-pci 0000:00:06.0: OHCI PCI host controller
Dec  9 21:39:24 alicia-VirtualBox kernel: [    0.579356] ohci-pci 0000:00:06.0: new USB bus registered, assigned bus number 1
Dec  9 21:39:24 alicia-VirtualBox kernel: [    0.579417] ohci-pci 0000:00:06.0: irq 22, io mem 0xf0804000
Dec  9 21:39:24 alicia-VirtualBox kernel: [    0.638073] usb usb1: New USB device found, idVendor=1d6b, idProduct=0001, bcdDevice= 5.04
Dec  9 21:39:24 alicia-VirtualBox kernel: [    0.638074] usb usb1: New USB device strings: Mfr=3, Product=2, SerialNumber=1
Dec  9 21:39:24 alicia-VirtualBox kernel: [    0.638076] usb usb1: Product: OHCI PCI host controller
Dec  9 21:39:24 alicia-VirtualBox kernel: [    0.638077] usb usb1: Manufacturer: Linux 5.4.0-53-generic ohci_hcd
Dec  9 21:39:24 alicia-VirtualBox kernel: [    0.638078] usb usb1: SerialNumber: 0000:00:06.0
Dec  9 21:39:24 alicia-VirtualBox kernel: [    0.638204] hub 1-0:1.0: USB hub found
Dec  9 21:39:24 alicia-VirtualBox kernel: [    0.638223] hub 1-0:1.0: 12 ports detected
Dec  9 21:39:24 alicia-VirtualBox kernel: [    0.638702] ohci-platform: OHCI generic platform driver
Dec  9 21:39:24 alicia-VirtualBox kernel: [    0.638713] uhci_hcd: USB Universal Host Controller Interface driver
Dec  9 21:39:24 alicia-VirtualBox kernel: [    0.638766] i8042: PNP: PS/2 Controller [PNP0303:PS2K,PNP0f03:PS2M] at 0x60,0x64 irq 1,12
Dec  9 21:39:24 alicia-VirtualBox kernel: [    0.639248] serio: i8042 KBD port at 0x60,0x64 irq 1
Dec  9 21:39:24 alicia-VirtualBox kernel: [    0.639251] serio: i8042 AUX port at 0x60,0x64 irq 12
Dec  9 21:39:24 alicia-VirtualBox kernel: [    0.639356] mousedev: PS/2 mouse device common for all mice
Dec  9 21:39:24 alicia-VirtualBox kernel: [    0.639749] rtc_cmos rtc_cmos: registered as rtc0
Dec  9 21:39:24 alicia-VirtualBox kernel: [    0.639760] rtc_cmos rtc_cmos: alarms up to one day, 114 bytes nvram
Dec  9 21:39:24 alicia-VirtualBox kernel: [    0.639765] i2c /dev entries driver
Dec  9 21:39:24 alicia-VirtualBox kernel: [    0.639809] device-mapper: uevent: version 1.0.3
Dec  9 21:39:24 alicia-VirtualBox kernel: [    0.640092] input: AT Translated Set 2 keyboard as /devices/platform/i8042/serio0/input/input2
Dec  9 21:39:24 alicia-VirtualBox kernel: [    0.640123] device-mapper: ioctl: 4.41.0-ioctl (2019-09-16) initialised: dm-devel@redhat.com
Dec  9 21:39:24 alicia-VirtualBox kernel: [    0.640141] platform eisa.0: Probing EISA bus 0
Dec  9 21:39:24 alicia-VirtualBox kernel: [    0.640143] platform eisa.0: EISA: Cannot allocate resource for mainboard
Dec  9 21:39:24 alicia-VirtualBox kernel: [    0.640144] platform eisa.0: Cannot allocate resource for EISA slot 1
Dec  9 21:39:24 alicia-VirtualBox kernel: [    0.640145] platform eisa.0: Cannot allocate resource for EISA slot 2
Dec  9 21:39:24 alicia-VirtualBox kernel: [    0.640147] platform eisa.0: Cannot allocate resource for EISA slot 3
Dec  9 21:39:24 alicia-VirtualBox kernel: [    0.640148] platform eisa.0: Cannot allocate resource for EISA slot 4
Dec  9 21:39:24 alicia-VirtualBox kernel: [    0.640149] platform eisa.0: Cannot allocate resource for EISA slot 5
Dec  9 21:39:24 alicia-VirtualBox kernel: [    0.640150] platform eisa.0: Cannot allocate resource for EISA slot 6
Dec  9 21:39:24 alicia-VirtualBox apparmor.systemd[424]: Skipping profile in /etc/apparmor.d/disable: usr.sbin.rsyslogd
Dec  9 21:39:24 alicia-VirtualBox systemd[1]: Condition check resulted in Dispatch Password Requests to Console Directory Watch being skipped.
Dec  9 21:39:24 alicia-VirtualBox systemd[1]: Starting Tell Plymouth To Write Out Runtime Data...
Dec  9 21:39:24 alicia-VirtualBox systemd[1]: Condition check resulted in Set Up Additional Binary Formats being skipped.
Dec  9 21:39:24 alicia-VirtualBox systemd[1]: Condition check resulted in Store a System Token in an EFI Variable being skipped.
Dec  9 21:39:24 alicia-VirtualBox systemd[1]: Condition check resulted in Rebuild Hardware Database being skipped.
Dec  9 21:39:24 alicia-VirtualBox systemd[1]: Condition check resulted in Platform Persistent Storage Archival being skipped.
Dec  9 21:39:24 alicia-VirtualBox systemd[1]: Received SIGRTMIN+20 from PID 267 (plymouthd).
Dec  9 21:39:24 alicia-VirtualBox systemd[1]: plymouth-read-write.service: Succeeded.
Dec  9 21:39:24 alicia-VirtualBox systemd[1]: Finished Tell Plymouth To Write Out Runtime Data.
Dec  9 21:39:24 alicia-VirtualBox systemd-udevd[259]: controlC0: Process '/usr/sbin/alsactl -E HOME=/run/alsa -E XDG_RUNTIME_DIR=/run/alsa/runtime restore 0' failed with exit code 99.
Dec  9 21:39:24 alicia-VirtualBox systemd[1]: Finished Load AppArmor profiles.
Dec  9 21:39:24 alicia-VirtualBox systemd[1]: Starting Load AppArmor profiles managed internally by snapd...
Dec  9 21:39:24 alicia-VirtualBox systemd[1]: Condition check resulted in Authentication service for virtual machines hosted on VMware being skipped.
Dec  9 21:39:24 alicia-VirtualBox systemd[1]: Condition check resulted in Service for virtual machines hosted on VMware being skipped.
Dec  9 21:39:24 alicia-VirtualBox snapd-apparmor[448]: find: ‘/var/lib/snapd/apparmor/profiles/’: No such file or directory
Dec  9 21:39:24 alicia-VirtualBox systemd[1]: Finished Load AppArmor profiles managed internally by snapd.
Dec  9 21:39:24 alicia-VirtualBox systemd[1]: Reached target System Initialization.
Dec  9 21:39:24 alicia-VirtualBox systemd[1]: Started ACPI Events Check.
Dec  9 21:39:24 alicia-VirtualBox systemd[1]: Condition check resulted in Process error reports when automatic reporting is enabled (file watch) being skipped.
Dec  9 21:39:24 alicia-VirtualBox systemd[1]: Started CUPS Scheduler.
Dec  9 21:39:24 alicia-VirtualBox systemd[1]: Started Trigger anacron every hour.
Dec  9 21:39:24 alicia-VirtualBox systemd[1]: Started Daily apt download activities.
Dec  9 21:39:24 alicia-VirtualBox systemd[1]: Started Daily apt upgrade and clean activities.
Dec  9 21:39:24 alicia-VirtualBox systemd[1]: Started Periodic ext4 Online Metadata Check for All Filesystems.
Dec  9 21:39:24 alicia-VirtualBox systemd[1]: Started Discard unused blocks once a week.
Dec  9 21:39:24 alicia-VirtualBox systemd[1]: Started Refresh fwupd metadata regularly.
Dec  9 21:39:24 alicia-VirtualBox systemd[1]: Started Daily rotation of log files.
Dec  9 21:39:24 alicia-VirtualBox systemd[1]: Started Daily man-db regeneration.
Dec  9 21:39:24 alicia-VirtualBox systemd[1]: Started Message of the Day.
Dec  9 21:39:24 alicia-VirtualBox systemd[1]: Condition check resulted in Timer to automatically fetch and run repair assertions being skipped.
Dec  9 21:39:24 alicia-VirtualBox systemd[1]: Started Daily Cleanup of Temporary Directories.
Dec  9 21:39:24 alicia-VirtualBox systemd[1]: Reached target Paths.
Dec  9 21:39:24 alicia-VirtualBox systemd[1]: Reached target Timers.
Dec  9 21:39:24 alicia-VirtualBox systemd[1]: Listening on ACPID Listen Socket.
Dec  9 21:39:24 alicia-VirtualBox systemd[1]: Condition check resulted in Unix socket for apport crash forwarding being skipped.
Dec  9 21:39:24 alicia-VirtualBox systemd[1]: Listening on Avahi mDNS/DNS-SD Stack Activation Socket.
Dec  9 21:39:24 alicia-VirtualBox systemd[1]: Listening on CUPS Scheduler.
Dec  9 21:39:24 alicia-VirtualBox systemd[1]: Listening on D-Bus System Message Bus Socket.
Dec  9 21:39:24 alicia-VirtualBox systemd[1]: Starting Socket activation for snappy daemon.
Dec  9 21:39:24 alicia-VirtualBox systemd[1]: Listening on UUID daemon activation socket.
Dec  9 21:39:24 alicia-VirtualBox systemd[1]: Listening on Socket activation for snappy daemon.
Dec  9 21:39:24 alicia-VirtualBox systemd[1]: Reached target Sockets.
Dec  9 21:39:24 alicia-VirtualBox systemd[1]: Reached target Basic System.
Dec  9 21:39:24 alicia-VirtualBox systemd[1]: Starting Accounts Service...
Dec  9 21:39:24 alicia-VirtualBox kernel: [    0.640150] platform eisa.0: Cannot allocate resource for EISA slot 7
Dec  9 21:39:24 alicia-VirtualBox kernel: [    0.640151] platform eisa.0: Cannot allocate resource for EISA slot 8
Dec  9 21:39:24 alicia-VirtualBox kernel: [    0.640152] platform eisa.0: EISA: Detected 0 cards
Dec  9 21:39:24 alicia-VirtualBox kernel: [    0.640154] intel_pstate: CPU model not supported
Dec  9 21:39:24 alicia-VirtualBox kernel: [    0.640162] ledtrig-cpu: registered to indicate activity on CPUs
Dec  9 21:39:24 alicia-VirtualBox kernel: [    0.640264] intel_pmc_core intel_pmc_core.0:  initialized
Dec  9 21:39:24 alicia-VirtualBox kernel: [    0.640286] drop_monitor: Initializing network drop monitor service
Dec  9 21:39:24 alicia-VirtualBox kernel: [    0.640438] NET: Registered protocol family 10
Dec  9 21:39:24 alicia-VirtualBox kernel: [    0.646429] Segment Routing with IPv6
Dec  9 21:39:24 alicia-VirtualBox kernel: [    0.646450] NET: Registered protocol family 17
Dec  9 21:39:24 alicia-VirtualBox kernel: [    0.646483] Key type dns_resolver registered
Dec  9 21:39:24 alicia-VirtualBox kernel: [    0.646582] RAS: Correctable Errors collector initialized.
Dec  9 21:39:24 alicia-VirtualBox kernel: [    0.646594] IPI shorthand broadcast: enabled
Dec  9 21:39:24 alicia-VirtualBox kernel: [    0.646600] sched_clock: Marking stable (635898462, 9951886)->(645928014, -77666)
Dec  9 21:39:24 alicia-VirtualBox kernel: [    0.646647] registered taskstats version 1
Dec  9 21:39:24 alicia-VirtualBox kernel: [    0.646654] Loading compiled-in X.509 certificates
Dec  9 21:39:24 alicia-VirtualBox kernel: [    0.647188] Loaded X.509 cert 'Build time autogenerated kernel key: eb955faf7c22797fadc5b822779862097cf478a9'
Dec  9 21:39:24 alicia-VirtualBox kernel: [    0.647222] zswap: loaded using pool lzo/zbud
Dec  9 21:39:24 alicia-VirtualBox kernel: [    0.647290] Key type ._fscrypt registered
Dec  9 21:39:24 alicia-VirtualBox kernel: [    0.647290] Key type .fscrypt registered
Dec  9 21:39:24 alicia-VirtualBox kernel: [    0.652225] Key type big_key registered
Dec  9 21:39:24 alicia-VirtualBox kernel: [    0.654479] Key type encrypted registered
Dec  9 21:39:24 alicia-VirtualBox kernel: [    0.654482] AppArmor: AppArmor sha1 policy hashing enabled
Dec  9 21:39:24 alicia-VirtualBox kernel: [    0.654486] ima: No TPM chip found, activating TPM-bypass!
Dec  9 21:39:24 alicia-VirtualBox kernel: [    0.654496] ima: Allocated hash algorithm: sha1
Dec  9 21:39:24 alicia-VirtualBox kernel: [    0.654502] ima: No architecture policies found
Dec  9 21:39:24 alicia-VirtualBox kernel: [    0.654511] evm: Initialising EVM extended attributes:
Dec  9 21:39:24 alicia-VirtualBox kernel: [    0.654511] evm: security.selinux
Dec  9 21:39:24 alicia-VirtualBox kernel: [    0.654512] evm: security.SMACK64
Dec  9 21:39:24 alicia-VirtualBox kernel: [    0.654512] evm: security.SMACK64EXEC
Dec  9 21:39:24 alicia-VirtualBox kernel: [    0.654512] evm: security.SMACK64TRANSMUTE
Dec  9 21:39:24 alicia-VirtualBox kernel: [    0.654513] evm: security.SMACK64MMAP
Dec  9 21:39:24 alicia-VirtualBox kernel: [    0.654513] evm: security.apparmor
Dec  9 21:39:24 alicia-VirtualBox kernel: [    0.654513] evm: security.ima
Dec  9 21:39:24 alicia-VirtualBox kernel: [    0.654514] evm: security.capability
Dec  9 21:39:24 alicia-VirtualBox kernel: [    0.654515] evm: HMAC attrs: 0x1
Dec  9 21:39:24 alicia-VirtualBox kernel: [    0.654784] PM:   Magic number: 0:861:697
Dec  9 21:39:24 alicia-VirtualBox kernel: [    0.654936] rtc_cmos rtc_cmos: setting system clock to 2020-12-09T19:39:07 UTC (1607542747)
Dec  9 21:39:24 alicia-VirtualBox kernel: [    0.738314] ata1.00: ATAPI: VBOX CD-ROM, 1.0, max UDMA/133
Dec  9 21:39:24 alicia-VirtualBox kernel: [    0.738592] ata2.00: ATAPI: VBOX CD-ROM, 1.0, max UDMA/133
Dec  9 21:39:24 alicia-VirtualBox kernel: [    0.739772] scsi 0:0:0:0: CD-ROM            VBOX     CD-ROM           1.0  PQ: 0 ANSI: 5
Dec  9 21:39:24 alicia-VirtualBox kernel: [    0.762484] sr 0:0:0:0: [sr0] scsi3-mmc drive: 32x/32x xa/form2 tray
Dec  9 21:39:24 alicia-VirtualBox kernel: [    0.762486] cdrom: Uniform CD-ROM driver Revision: 3.20
Dec  9 21:39:24 alicia-VirtualBox kernel: [    0.762668] sr 0:0:0:0: Attached scsi CD-ROM sr0
Dec  9 21:39:24 alicia-VirtualBox kernel: [    0.762893] sr 0:0:0:0: Attached scsi generic sg0 type 5
Dec  9 21:39:24 alicia-VirtualBox kernel: [    0.763309] scsi 1:0:0:0: CD-ROM            VBOX     CD-ROM           1.0  PQ: 0 ANSI: 5
Dec  9 21:39:24 alicia-VirtualBox kernel: [    0.764064] sr 1:0:0:0: [sr1] scsi3-mmc drive: 32x/32x xa/form2 tray
Dec  9 21:39:24 alicia-VirtualBox kernel: [    0.764194] sr 1:0:0:0: Attached scsi CD-ROM sr1
Dec  9 21:39:24 alicia-VirtualBox kernel: [    0.764361] sr 1:0:0:0: Attached scsi generic sg1 type 5
Dec  9 21:39:24 alicia-VirtualBox kernel: [    0.765689] Freeing unused decrypted memory: 2040K
Dec  9 21:39:24 alicia-VirtualBox kernel: [    0.766070] Freeing unused kernel image memory: 2716K
Dec  9 21:39:24 alicia-VirtualBox kernel: [    0.773962] Write protecting the kernel read-only data: 22528k
Dec  9 21:39:24 alicia-VirtualBox kernel: [    0.774441] Freeing unused kernel image memory: 2008K
Dec  9 21:39:24 alicia-VirtualBox kernel: [    0.774764] Freeing unused kernel image memory: 1188K
Dec  9 21:39:24 alicia-VirtualBox kernel: [    0.784084] x86/mm: Checked W+X mappings: passed, no W+X pages found.
Dec  9 21:39:24 alicia-VirtualBox kernel: [    0.784086] x86/mm: Checking user space page tables
Dec  9 21:39:24 alicia-VirtualBox kernel: [    0.793159] x86/mm: Checked W+X mappings: passed, no W+X pages found.
Dec  9 21:39:24 alicia-VirtualBox kernel: [    0.793163] Run /init as init process
Dec  9 21:39:24 alicia-VirtualBox kernel: [    0.891672] ACPI: Video Device [GFX0] (multi-head: yes  rom: no  post: no)
Dec  9 21:39:24 alicia-VirtualBox kernel: [    0.891758] input: Video Bus as /devices/LNXSYSTM:00/LNXSYBUS:00/PNP0A03:00/LNXVIDEO:00/input/input5
Dec  9 21:39:24 alicia-VirtualBox kernel: [    0.912239] e1000: Intel(R) PRO/1000 Network Driver - version 7.3.21-k8-NAPI
Dec  9 21:39:24 alicia-VirtualBox kernel: [    0.912240] e1000: Copyright (c) 1999-2006 Intel Corporation.
Dec  9 21:39:24 alicia-VirtualBox kernel: [    0.926073] piix4_smbus 0000:00:07.0: SMBus Host Controller at 0x4100, revision 0
Dec  9 21:39:24 alicia-VirtualBox kernel: [    0.928672] ahci 0000:00:0d.0: version 3.0
Dec  9 21:39:24 alicia-VirtualBox kernel: [    0.929424] ahci 0000:00:0d.0: SSS flag set, parallel bus scan disabled
Dec  9 21:39:24 alicia-VirtualBox kernel: [    0.929774] ahci 0000:00:0d.0: AHCI 0001.0100 32 slots 1 ports 3 Gbps 0x1 impl SATA mode
Dec  9 21:39:24 alicia-VirtualBox kernel: [    0.929776] ahci 0000:00:0d.0: flags: 64bit ncq stag only ccc 
Dec  9 21:39:24 alicia-VirtualBox kernel: [    0.944166] scsi host2: ahci
Dec  9 21:39:24 alicia-VirtualBox kernel: [    0.944325] ata3: SATA max UDMA/133 abar m8192@0xf0806000 port 0xf0806100 irq 21
Dec  9 21:39:24 alicia-VirtualBox kernel: [    1.057637] usb 1-1: new full-speed USB device number 2 using ohci-pci
Dec  9 21:39:24 alicia-VirtualBox kernel: [    1.148083] input: ImExPS/2 Generic Explorer Mouse as /devices/platform/i8042/serio1/input/input6
Dec  9 21:39:24 alicia-VirtualBox kernel: [    1.265939] ata3: SATA link up 3.0 Gbps (SStatus 123 SControl 300)
Dec  9 21:39:24 alicia-VirtualBox kernel: [    1.266261] ata3.00: ATA-6: VBOX HARDDISK, 1.0, max UDMA/133
Dec  9 21:39:24 alicia-VirtualBox kernel: [    1.266263] ata3.00: 20971520 sectors, multi 128: LBA48 NCQ (depth 32)
Dec  9 21:39:24 alicia-VirtualBox kernel: [    1.271098] ata3.00: configured for UDMA/133
Dec  9 21:39:24 alicia-VirtualBox kernel: [    1.271203] scsi 2:0:0:0: Direct-Access     ATA      VBOX HARDDISK    1.0  PQ: 0 ANSI: 5
Dec  9 21:39:24 alicia-VirtualBox kernel: [    1.271385] sd 2:0:0:0: [sda] 20971520 512-byte logical blocks: (10.7 GB/10.0 GiB)
Dec  9 21:39:24 alicia-VirtualBox kernel: [    1.271391] sd 2:0:0:0: [sda] Write Protect is off
Dec  9 21:39:24 alicia-VirtualBox kernel: [    1.271392] sd 2:0:0:0: [sda] Mode Sense: 00 3a 00 00
Dec  9 21:39:24 alicia-VirtualBox kernel: [    1.271401] sd 2:0:0:0: [sda] Write cache: enabled, read cache: enabled, doesn't support DPO or FUA
Dec  9 21:39:24 alicia-VirtualBox kernel: [    1.271582] sd 2:0:0:0: Attached scsi generic sg2 type 0
Dec  9 21:39:24 alicia-VirtualBox kernel: [    1.281540]  sda: sda1 sda2 < sda5 >
Dec  9 21:39:24 alicia-VirtualBox kernel: [    1.281757] sd 2:0:0:0: [sda] Attached SCSI disk
Dec  9 21:39:24 alicia-VirtualBox kernel: [    1.370584] e1000 0000:00:03.0 eth0: (PCI:33MHz:32-bit) 08:00:27:66:bd:8a
Dec  9 21:39:24 alicia-VirtualBox kernel: [    1.370589] e1000 0000:00:03.0 eth0: Intel(R) PRO/1000 Network Connection
Dec  9 21:39:24 alicia-VirtualBox kernel: [    1.371720] e1000 0000:00:03.0 enp0s3: renamed from eth0
Dec  9 21:39:24 alicia-VirtualBox kernel: [    1.379729] usb 1-1: New USB device found, idVendor=80ee, idProduct=0021, bcdDevice= 1.00
Dec  9 21:39:24 alicia-VirtualBox kernel: [    1.379731] usb 1-1: New USB device strings: Mfr=1, Product=3, SerialNumber=0
Dec  9 21:39:24 alicia-VirtualBox kernel: [    1.379733] usb 1-1: Product: USB Tablet
Dec  9 21:39:24 alicia-VirtualBox kernel: [    1.379734] usb 1-1: Manufacturer: VirtualBox
Dec  9 21:39:24 alicia-VirtualBox kernel: [    1.386785] hidraw: raw HID events driver (C) Jiri Kosina
Dec  9 21:39:24 alicia-VirtualBox kernel: [    1.396231] usbcore: registered new interface driver usbhid
Dec  9 21:39:24 alicia-VirtualBox kernel: [    1.396232] usbhid: USB HID core driver
Dec  9 21:39:24 alicia-VirtualBox kernel: [    1.398228] input: VirtualBox USB Tablet as /devices/pci0000:00/0000:00:06.0/usb1/1-1/1-1:1.0/0003:80EE:0021.0001/input/input7
Dec  9 21:39:24 alicia-VirtualBox kernel: [    1.398388] hid-generic 0003:80EE:0021.0001: input,hidraw0: USB HID v1.10 Mouse [VirtualBox USB Tablet] on usb-0000:00:06.0-1/input0
Dec  9 21:39:24 alicia-VirtualBox kernel: [    1.483026] EXT4-fs (sda5): mounted filesystem with ordered data mode. Opts: (null)
Dec  9 21:39:24 alicia-VirtualBox kernel: [    2.095455] systemd[1]: Inserted module 'autofs4'
Dec  9 21:39:24 alicia-VirtualBox kernel: [    2.153222] systemd[1]: systemd 245.4-4ubuntu3.2 running in system mode. (+PAM +AUDIT +SELINUX +IMA +APPARMOR +SMACK +SYSVINIT +UTMP +LIBCRYPTSETUP +GCRYPT +GNUTLS +ACL +XZ +LZ4 +SECCOMP +BLKID +ELFUTILS +KMOD +IDN2 -IDN +PCRE2 default-hierarchy=hybrid)
Dec  9 21:39:24 alicia-VirtualBox kernel: [    2.153270] systemd[1]: Detected virtualization oracle.
Dec  9 21:39:24 alicia-VirtualBox kernel: [    2.153275] systemd[1]: Detected architecture x86-64.
Dec  9 21:39:24 alicia-VirtualBox kernel: [    2.155782] systemd[1]: Set hostname to <alicia-VirtualBox>.
Dec  9 21:39:24 alicia-VirtualBox kernel: [    2.164765] systemd[1]: Initializing machine ID from random generator.
Dec  9 21:39:24 alicia-VirtualBox kernel: [    2.164827] systemd[1]: Installed transient /etc/machine-id file.
Dec  9 21:39:24 alicia-VirtualBox kernel: [    2.397815] systemd[1]: /lib/systemd/system/dbus.socket:5: ListenStream= references a path below legacy directory /var/run/, updating /var/run/dbus/system_bus_socket → /run/dbus/system_bus_socket; please update the unit file accordingly.
Dec  9 21:39:24 alicia-VirtualBox kernel: [    2.514899] systemd[1]: Created slice system-modprobe.slice.
Dec  9 21:39:24 alicia-VirtualBox kernel: [    2.515119] systemd[1]: Created slice system-systemd\x2dfsck.slice.
Dec  9 21:39:24 alicia-VirtualBox kernel: [    2.515290] systemd[1]: Created slice User and Session Slice.
Dec  9 21:39:24 alicia-VirtualBox kernel: [    2.515349] systemd[1]: Started Forward Password Requests to Wall Directory Watch.
Dec  9 21:39:24 alicia-VirtualBox kernel: [    2.515604] systemd[1]: Set up automount Arbitrary Executable File Formats File System Automount Point.
Dec  9 21:39:24 alicia-VirtualBox kernel: [    2.515648] systemd[1]: Reached target User and Group Name Lookups.
Dec  9 21:39:24 alicia-VirtualBox kernel: [    2.515664] systemd[1]: Reached target Remote File Systems.
Dec  9 21:39:24 alicia-VirtualBox kernel: [    2.515672] systemd[1]: Reached target Slices.
Dec  9 21:39:24 alicia-VirtualBox kernel: [    2.515795] systemd[1]: Listening on Syslog Socket.
Dec  9 21:39:24 alicia-VirtualBox kernel: [    2.515875] systemd[1]: Listening on fsck to fsckd communication Socket.
Dec  9 21:39:24 alicia-VirtualBox kernel: [    2.515921] systemd[1]: Listening on initctl Compatibility Named Pipe.
Dec  9 21:39:24 alicia-VirtualBox kernel: [    2.516083] systemd[1]: Listening on Journal Audit Socket.
Dec  9 21:39:24 alicia-VirtualBox kernel: [    2.516161] systemd[1]: Listening on Journal Socket (/dev/log).
Dec  9 21:39:24 alicia-VirtualBox kernel: [    2.516257] systemd[1]: Listening on Journal Socket.
Dec  9 21:39:24 alicia-VirtualBox kernel: [    2.516343] systemd[1]: Listening on udev Control Socket.
Dec  9 21:39:24 alicia-VirtualBox kernel: [    2.516405] systemd[1]: Listening on udev Kernel Socket.
Dec  9 21:39:24 alicia-VirtualBox kernel: [    2.517246] systemd[1]: Mounting Huge Pages File System...
Dec  9 21:39:24 alicia-VirtualBox kernel: [    2.518193] systemd[1]: Mounting POSIX Message Queue File System...
Dec  9 21:39:24 alicia-VirtualBox kernel: [    2.519060] systemd[1]: Mounting Kernel Debug File System...
Dec  9 21:39:24 alicia-VirtualBox kernel: [    2.519937] systemd[1]: Mounting Kernel Trace File System...
Dec  9 21:39:24 alicia-VirtualBox kernel: [    2.522177] systemd[1]: Starting Journal Service...
Dec  9 21:39:24 alicia-VirtualBox kernel: [    2.538636] systemd[1]: Starting Set the console keyboard layout...
Dec  9 21:39:24 alicia-VirtualBox kernel: [    2.550995] systemd[1]: Starting Create list of static device nodes for the current kernel...
Dec  9 21:39:24 alicia-VirtualBox kernel: [    2.567144] systemd[1]: Starting Load Kernel Module drm...
Dec  9 21:39:24 alicia-VirtualBox kernel: [    2.568984] systemd[1]: Condition check resulted in Set Up Additional Binary Formats being skipped.
Dec  9 21:39:24 alicia-VirtualBox kernel: [    2.569029] systemd[1]: Condition check resulted in File System Check on Root Device being skipped.
Dec  9 21:39:24 alicia-VirtualBox kernel: [    2.571293] systemd[1]: Starting Load Kernel Modules...
Dec  9 21:39:24 alicia-VirtualBox kernel: [    2.578526] systemd[1]: Starting Remount Root and Kernel File Systems...
Dec  9 21:39:24 alicia-VirtualBox kernel: [    2.595243] systemd[1]: Starting udev Coldplug all Devices...
Dec  9 21:39:24 alicia-VirtualBox kernel: [    2.614641] systemd[1]: Starting Uncomplicated firewall...
Dec  9 21:39:24 alicia-VirtualBox kernel: [    2.616125] systemd[1]: Mounted Huge Pages File System.
Dec  9 21:39:24 alicia-VirtualBox kernel: [    2.616228] systemd[1]: Mounted POSIX Message Queue File System.
Dec  9 21:39:24 alicia-VirtualBox kernel: [    2.616313] systemd[1]: Mounted Kernel Debug File System.
Dec  9 21:39:24 alicia-VirtualBox kernel: [    2.616396] systemd[1]: Mounted Kernel Trace File System.
Dec  9 21:39:24 alicia-VirtualBox kernel: [    2.616773] EXT4-fs (sda5): re-mounted. Opts: errors=remount-ro
Dec  9 21:39:24 alicia-VirtualBox kernel: [    2.620941] systemd[1]: Finished Create list of static device nodes for the current kernel.
Dec  9 21:39:24 alicia-VirtualBox kernel: [    2.621932] systemd[1]: modprobe@drm.service: Succeeded.
Dec  9 21:39:24 alicia-VirtualBox kernel: [    2.623652] systemd[1]: Finished Load Kernel Module drm.
Dec  9 21:39:24 alicia-VirtualBox kernel: [    2.626248] systemd[1]: Finished Remount Root and Kernel File Systems.
Dec  9 21:39:24 alicia-VirtualBox kernel: [    2.633209] systemd[1]: Finished Uncomplicated firewall.
Dec  9 21:39:24 alicia-VirtualBox kernel: [    2.644059] systemd[1]: Activating swap /swapfile...
Dec  9 21:39:24 alicia-VirtualBox kernel: [    2.651076] systemd[1]: Condition check resulted in Rebuild Hardware Database being skipped.
Dec  9 21:39:24 alicia-VirtualBox kernel: [    2.651137] systemd[1]: Condition check resulted in Platform Persistent Storage Archival being skipped.
Dec  9 21:39:24 alicia-VirtualBox kernel: [    2.652861] lp: driver loaded but no devices found
Dec  9 21:39:24 alicia-VirtualBox kernel: [    2.653197] systemd[1]: Starting Load/Save Random Seed...
Dec  9 21:39:24 alicia-VirtualBox kernel: [    2.660046] systemd[1]: Starting Create System Users...
Dec  9 21:39:24 alicia-VirtualBox kernel: [    2.676098] ppdev: user-space parallel port driver
Dec  9 21:39:24 alicia-VirtualBox kernel: [    2.696249] systemd[1]: Finished Load/Save Random Seed.
Dec  9 21:39:24 alicia-VirtualBox kernel: [    2.736034] Adding 459260k swap on /swapfile.  Priority:-2 extents:2 across:467452k FS
Dec  9 21:39:24 alicia-VirtualBox kernel: [    2.736111] systemd[1]: Activated swap /swapfile.
Dec  9 21:39:24 alicia-VirtualBox kernel: [    2.736168] systemd[1]: Reached target Swap.
Dec  9 21:39:24 alicia-VirtualBox kernel: [    2.775226] [drm] DMA map mode: Caching DMA mappings.
Dec  9 21:39:24 alicia-VirtualBox kernel: [    2.775276] [drm] Capabilities:
Dec  9 21:39:24 alicia-VirtualBox kernel: [    2.775276] [drm]   Cursor.
Dec  9 21:39:24 alicia-VirtualBox kernel: [    2.775277] [drm]   Cursor bypass 2.
Dec  9 21:39:24 alicia-VirtualBox kernel: [    2.775277] [drm]   Alpha cursor.
Dec  9 21:39:24 alicia-VirtualBox kernel: [    2.775277] [drm]   3D.
Dec  9 21:39:24 alicia-VirtualBox kernel: [    2.775278] [drm]   Extended Fifo.
Dec  9 21:39:24 alicia-VirtualBox kernel: [    2.775278] [drm]   Pitchlock.
Dec  9 21:39:24 alicia-VirtualBox kernel: [    2.775278] [drm]   Irq mask.
Dec  9 21:39:24 alicia-VirtualBox kernel: [    2.775279] [drm]   GMR.
Dec  9 21:39:24 alicia-VirtualBox kernel: [    2.775279] [drm]   Traces.
Dec  9 21:39:24 alicia-VirtualBox kernel: [    2.775279] [drm]   GMR2.
Dec  9 21:39:24 alicia-VirtualBox kernel: [    2.775280] [drm]   Screen Object 2.
Dec  9 21:39:24 alicia-VirtualBox kernel: [    2.775281] [drm] Max GMR ids is 8192
Dec  9 21:39:24 alicia-VirtualBox kernel: [    2.775281] [drm] Max number of GMR pages is 1048576
Dec  9 21:39:24 alicia-VirtualBox kernel: [    2.775282] [drm] Max dedicated hypervisor surface memory is 507904 kiB
Dec  9 21:39:24 alicia-VirtualBox kernel: [    2.775282] [drm] Maximum display memory size is 16384 kiB
Dec  9 21:39:24 alicia-VirtualBox kernel: [    2.775283] [drm] VRAM at 0xe0000000 size is 16384 kiB
Dec  9 21:39:24 alicia-VirtualBox kernel: [    2.775284] [drm] MMIO at 0xf0000000 size is 2048 kiB
Dec  9 21:39:24 alicia-VirtualBox kernel: [    2.779013] systemd[1]: Finished Create System Users.
Dec  9 21:39:24 alicia-VirtualBox kernel: [    2.779883] systemd[1]: Starting Create Static Device Nodes in /dev...
Dec  9 21:39:24 alicia-VirtualBox kernel: [    2.798242] [TTM] Zone  kernel: Available graphics memory: 1017752 KiB
Dec  9 21:39:24 alicia-VirtualBox kernel: [    2.798244] [TTM] Initializing pool allocator
Dec  9 21:39:24 alicia-VirtualBox kernel: [    2.798248] [TTM] Initializing DMA pool allocator
Dec  9 21:39:24 alicia-VirtualBox kernel: [    2.798272] [drm] Supports vblank timestamp caching Rev 2 (21.10.2013).
Dec  9 21:39:24 alicia-VirtualBox kernel: [    2.798272] [drm] No driver support for vblank timestamp query.
Dec  9 21:39:24 alicia-VirtualBox kernel: [    2.798523] [drm] Screen Objects Display Unit initialized
Dec  9 21:39:24 alicia-VirtualBox kernel: [    2.798640] [drm] width 720
Dec  9 21:39:24 alicia-VirtualBox kernel: [    2.798657] [drm] height 400
Dec  9 21:39:24 alicia-VirtualBox kernel: [    2.798674] [drm] bpp 32
Dec  9 21:39:24 alicia-VirtualBox kernel: [    2.798930] [drm] Fifo max 0x00200000 min 0x00001000 cap 0x00000355
Dec  9 21:39:24 alicia-VirtualBox kernel: [    2.798944] [drm] DX: no.
Dec  9 21:39:24 alicia-VirtualBox kernel: [    2.798944] [drm] Atomic: yes.
Dec  9 21:39:24 alicia-VirtualBox kernel: [    2.798945] [drm] SM4_1: no.
Dec  9 21:39:24 alicia-VirtualBox kernel: [    2.798965] [drm:vmw_host_log [vmwgfx]] *ERROR* Failed to send host log message.
Dec  9 21:39:24 alicia-VirtualBox kernel: [    2.800224] [drm:vmw_host_log [vmwgfx]] *ERROR* Failed to send host log message.
Dec  9 21:39:24 alicia-VirtualBox kernel: [    2.805128] fbcon: svgadrmfb (fb0) is primary device
Dec  9 21:39:24 alicia-VirtualBox kernel: [    2.811012] Console: switching to colour frame buffer device 100x37
Dec  9 21:39:24 alicia-VirtualBox kernel: [    2.816585] systemd[1]: Finished Create Static Device Nodes in /dev.
Dec  9 21:39:24 alicia-VirtualBox kernel: [    2.817670] systemd[1]: Starting udev Kernel Device Manager...
Dec  9 21:39:24 alicia-VirtualBox kernel: [    2.827942] [drm] Initialized vmwgfx 2.15.0 20180704 for 0000:00:02.0 on minor 0
Dec  9 21:39:24 alicia-VirtualBox kernel: [    2.829234] systemd[1]: Finished Load Kernel Modules.
Dec  9 21:39:24 alicia-VirtualBox kernel: [    2.830405] systemd[1]: Mounting FUSE Control File System...
Dec  9 21:39:24 alicia-VirtualBox kernel: [    2.838485] systemd[1]: Mounting Kernel Configuration File System...
Dec  9 21:39:24 alicia-VirtualBox kernel: [    2.868087] systemd[1]: Starting Apply Kernel Variables...
Dec  9 21:39:24 alicia-VirtualBox kernel: [    2.887912] systemd[1]: Mounted FUSE Control File System.
Dec  9 21:39:24 alicia-VirtualBox kernel: [    2.887988] systemd[1]: Condition check resulted in VMware vmblock fuse mount being skipped.
Dec  9 21:39:24 alicia-VirtualBox kernel: [    2.901432] systemd[1]: Mounted Kernel Configuration File System.
Dec  9 21:39:24 alicia-VirtualBox kernel: [    2.911897] systemd[1]: Finished udev Coldplug all Devices.
Dec  9 21:39:24 alicia-VirtualBox kernel: [    2.912539] systemd[1]: Finished Set the console keyboard layout.
Dec  9 21:39:24 alicia-VirtualBox kernel: [    2.912677] systemd[1]: Reached target Local File Systems (Pre).
Dec  9 21:39:24 alicia-VirtualBox systemd[1]: Started ACPI event daemon.
Dec  9 21:39:24 alicia-VirtualBox systemd[1]: Condition check resulted in Run anacron jobs being skipped.
Dec  9 21:39:24 alicia-VirtualBox systemd[1]: Starting LSB: automatic crash report generation...
Dec  9 21:39:24 alicia-VirtualBox systemd[1]: Starting Avahi mDNS/DNS-SD Stack...
Dec  9 21:39:24 alicia-VirtualBox systemd[1]: Started Regular background program processing daemon.
Dec  9 21:39:24 alicia-VirtualBox avahi-daemon[459]: Found user 'avahi' (UID 115) and group 'avahi' (GID 121).
Dec  9 21:39:24 alicia-VirtualBox cron[463]: (CRON) INFO (pidfile fd = 3)
Dec  9 21:39:24 alicia-VirtualBox systemd[1]: Started CUPS Scheduler.
Dec  9 21:39:24 alicia-VirtualBox cron[463]: (CRON) INFO (Running @reboot jobs)
Dec  9 21:39:24 alicia-VirtualBox systemd[1]: Started D-Bus System Message Bus.
Dec  9 21:39:24 alicia-VirtualBox acpid: starting up with netlink and the input layer
Dec  9 21:39:24 alicia-VirtualBox acpid: 8 rules loaded
Dec  9 21:39:24 alicia-VirtualBox acpid: waiting for events: event logging is off
Dec  9 21:39:24 alicia-VirtualBox systemd[1]: Starting Network Manager...
Dec  9 21:39:24 alicia-VirtualBox systemd[1]: Started Save initial kernel messages after boot.
Dec  9 21:39:24 alicia-VirtualBox systemd[1]: Starting Remove Stale Online ext4 Metadata Check Snapshots...
Dec  9 21:39:24 alicia-VirtualBox systemd[1]: Condition check resulted in getty on tty2-tty6 if dbus and logind are not available being skipped.
Dec  9 21:39:24 alicia-VirtualBox systemd[1]: Reached target Login Prompts.
Dec  9 21:39:24 alicia-VirtualBox systemd[1]: Starting Detect the available GPUs and deal with any system changes...
Dec  9 21:39:24 alicia-VirtualBox systemd[1]: Starting LSB: Record successful boot for GRUB...
Dec  9 21:39:24 alicia-VirtualBox systemd[1]: Starting GRUB failed boot detection...
Dec  9 21:39:24 alicia-VirtualBox systemd[1]: Started irqbalance daemon.
Dec  9 21:39:24 alicia-VirtualBox systemd[1]: Starting Dispatcher daemon for systemd-networkd...
Dec  9 21:39:24 alicia-VirtualBox /usr/sbin/irqbalance: Balancing is ineffective on systems with a single cpu.  Shutting down
Dec  9 21:39:24 alicia-VirtualBox systemd[1]: Condition check resulted in Set the CPU Frequency Scaling governor being skipped.
Dec  9 21:39:24 alicia-VirtualBox systemd[1]: Starting Authorization Manager...
Dec  9 21:39:24 alicia-VirtualBox systemd[1]: Starting Restore /etc/resolv.conf if the system crashed before the ppp link was shut down...
Dec  9 21:39:24 alicia-VirtualBox systemd[1]: Starting System Logging Service...
Dec  9 21:39:24 alicia-VirtualBox systemd[1]: Condition check resulted in Secure Boot updates for DB and DBX being skipped.
Dec  9 21:39:24 alicia-VirtualBox systemd[1]: Condition check resulted in Automatically repair incorrect owner/permissions on core devices being skipped.
Dec  9 21:39:24 alicia-VirtualBox systemd[1]: Condition check resulted in Wait for the Ubuntu Core chooser trigger being skipped.
Dec  9 21:39:24 alicia-VirtualBox systemd[1]: Starting Snap Daemon...
Dec  9 21:39:24 alicia-VirtualBox systemd[1]: Starting Switcheroo Control Proxy service...
Dec  9 21:39:24 alicia-VirtualBox systemd[1]: Starting Login Service...
Dec  9 21:39:24 alicia-VirtualBox NetworkManager[468]: <info>  [1607542764.1055] NetworkManager (version 1.22.10) is starting... (for the first time)
Dec  9 21:39:24 alicia-VirtualBox NetworkManager[468]: <info>  [1607542764.1058] Read config: /etc/NetworkManager/NetworkManager.conf (lib: 10-dns-resolved.conf, 20-connectivity-ubuntu.conf, no-mac-addr-change.conf) (run: 10-globally-managed-devices.conf) (etc: default-wifi-powersave-on.conf)
Dec  9 21:39:24 alicia-VirtualBox systemd[1]: Starting Thermal Daemon Service...
Dec  9 21:39:24 alicia-VirtualBox systemd[1]: Starting Disk Manager...
Dec  9 21:39:24 alicia-VirtualBox systemd[1]: Starting WPA supplicant...
Dec  9 21:39:24 alicia-VirtualBox udisksd[508]: udisks daemon version 2.8.4 starting
Dec  9 21:39:24 alicia-VirtualBox systemd[1]: e2scrub_reap.service: Succeeded.
Dec  9 21:39:24 alicia-VirtualBox systemd[1]: Finished Remove Stale Online ext4 Metadata Check Snapshots.
Dec  9 21:39:24 alicia-VirtualBox systemd[1]: gpu-manager.service: Succeeded.
Dec  9 21:39:24 alicia-VirtualBox systemd[1]: Finished Detect the available GPUs and deal with any system changes.
Dec  9 21:39:24 alicia-VirtualBox systemd[1]: irqbalance.service: Succeeded.
Dec  9 21:39:24 alicia-VirtualBox systemd[1]: pppd-dns.service: Succeeded.
Dec  9 21:39:24 alicia-VirtualBox systemd[1]: Finished Restore /etc/resolv.conf if the system crashed before the ppp link was shut down.
Dec  9 21:39:24 alicia-VirtualBox systemd[1]: grub-initrd-fallback.service: Succeeded.
Dec  9 21:39:24 alicia-VirtualBox systemd[1]: Finished GRUB failed boot detection.
Dec  9 21:39:24 alicia-VirtualBox avahi-daemon[459]: Successfully dropped root privileges.
Dec  9 21:39:24 alicia-VirtualBox avahi-daemon[459]: avahi-daemon 0.7 starting up.
Dec  9 21:39:24 alicia-VirtualBox rsyslogd: imuxsock: Acquired UNIX socket '/run/systemd/journal/syslog' (fd 3) from systemd.  [v8.2001.0]
Dec  9 21:39:24 alicia-VirtualBox rsyslogd: rsyslogd's groupid changed to 110
Dec  9 21:39:24 alicia-VirtualBox rsyslogd: rsyslogd's userid changed to 104
Dec  9 21:39:24 alicia-VirtualBox rsyslogd: [origin software="rsyslogd" swVersion="8.2001.0" x-pid="498" x-info="https://www.rsyslog.com"] start
Dec  9 21:39:24 alicia-VirtualBox systemd[1]: Started System Logging Service.
Dec  9 21:39:24 alicia-VirtualBox kernel: [    2.921848] systemd[1]: Finished Apply Kernel Variables.
Dec  9 21:39:24 alicia-VirtualBox kernel: [    2.926904] systemd[1]: Started Journal Service.
Dec  9 21:39:24 alicia-VirtualBox kernel: [    2.949385] systemd-journald[224]: Received client request to flush runtime journal.
Dec  9 21:39:24 alicia-VirtualBox kernel: [    3.800881] vboxguest: loading out-of-tree module taints kernel.
Dec  9 21:39:24 alicia-VirtualBox kernel: [    3.868740] vgdrvHeartbeatInit: Setting up heartbeat to trigger every 2000 milliseconds
Dec  9 21:39:24 alicia-VirtualBox kernel: [    3.868892] input: Unspecified device as /devices/pci0000:00/0000:00:04.0/input/input8
Dec  9 21:39:24 alicia-VirtualBox kernel: [    3.881231] vboxguest: Successfully loaded version 6.1.10_Ubuntu
Dec  9 21:39:24 alicia-VirtualBox kernel: [    3.881267] vboxguest: misc device minor 58, IRQ 20, I/O port d040, MMIO at 00000000f0400000 (size 0x400000)
Dec  9 21:39:24 alicia-VirtualBox kernel: [    3.881268] vboxguest: Successfully loaded version 6.1.10_Ubuntu (interface 0x00010004)
Dec  9 21:39:24 alicia-VirtualBox kernel: [    4.070003] RAPL PMU: API unit is 2^-32 Joules, 0 fixed counters, 10737418240 ms ovfl timer
Dec  9 21:39:24 alicia-VirtualBox kernel: [    4.101638] cryptd: max_cpu_qlen set to 1000
Dec  9 21:39:24 alicia-VirtualBox kernel: [    4.129536] AVX2 version of gcm_enc/dec engaged.
Dec  9 21:39:24 alicia-VirtualBox kernel: [    4.129537] AES CTR mode by8 optimization enabled
Dec  9 21:39:24 alicia-VirtualBox kernel: [    5.427847] audit: type=1400 audit(1607542752.271:2): apparmor="STATUS" operation="profile_load" profile="unconfined" name="/usr/lib/NetworkManager/nm-dhcp-client.action" pid=415 comm="apparmor_parser"
Dec  9 21:39:24 alicia-VirtualBox kernel: [    5.428356] audit: type=1400 audit(1607542752.271:3): apparmor="STATUS" operation="profile_load" profile="unconfined" name="/usr/lib/NetworkManager/nm-dhcp-helper" pid=415 comm="apparmor_parser"
Dec  9 21:39:24 alicia-VirtualBox kernel: [    5.430389] audit: type=1400 audit(1607542752.271:4): apparmor="STATUS" operation="profile_load" profile="unconfined" name="/usr/lib/connman/scripts/dhclient-script" pid=415 comm="apparmor_parser"
Dec  9 21:39:24 alicia-VirtualBox kernel: [    5.430940] audit: type=1400 audit(1607542752.271:5): apparmor="STATUS" operation="profile_load" profile="unconfined" name="/{,usr/}sbin/dhclient" pid=415 comm="apparmor_parser"
Dec  9 21:39:24 alicia-VirtualBox kernel: [    5.869737] audit: type=1400 audit(1607542752.707:6): apparmor="STATUS" operation="profile_load" profile="unconfined" name="/usr/lib/snapd/snap-confine" pid=420 comm="apparmor_parser"
Dec  9 21:39:24 alicia-VirtualBox kernel: [    5.870541] audit: type=1400 audit(1607542752.711:7): apparmor="STATUS" operation="profile_load" profile="unconfined" name="/usr/lib/snapd/snap-confine//mount-namespace-capture-helper" pid=420 comm="apparmor_parser"
Dec  9 21:39:24 alicia-VirtualBox kernel: [    6.700354] audit: type=1400 audit(1607542753.539:8): apparmor="STATUS" operation="profile_load" profile="unconfined" name="nvidia_modprobe" pid=422 comm="apparmor_parser"
Dec  9 21:39:24 alicia-VirtualBox kernel: [    6.700820] audit: type=1400 audit(1607542753.539:9): apparmor="STATUS" operation="profile_load" profile="unconfined" name="nvidia_modprobe//kmod" pid=422 comm="apparmor_parser"
Dec  9 21:39:24 alicia-VirtualBox kernel: [    7.007024] audit: type=1400 audit(1607542753.847:10): apparmor="STATUS" operation="profile_load" profile="unconfined" name="libreoffice-senddoc" pid=423 comm="apparmor_parser"
Dec  9 21:39:24 alicia-VirtualBox kernel: [    7.471328] audit: type=1400 audit(1607542754.315:11): apparmor="STATUS" operation="profile_load" profile="unconfined" name="/usr/sbin/cups-browsed" pid=425 comm="apparmor_parser"
Dec  9 21:39:24 alicia-VirtualBox kernel: [    7.572112] snd_intel8x0 0000:00:05.0: white list rate for 1028:0177 is 48000
Dec  9 21:39:24 alicia-VirtualBox kernel: [   10.933558] kauditd_printk_skb: 7 callbacks suppressed
Dec  9 21:39:24 alicia-VirtualBox kernel: [   10.933560] audit: type=1400 audit(1607542757.775:19): apparmor="STATUS" operation="profile_load" profile="unconfined" name="/usr/bin/evince" pid=431 comm="apparmor_parser"
Dec  9 21:39:24 alicia-VirtualBox kernel: [   10.934275] audit: type=1400 audit(1607542757.775:20): apparmor="STATUS" operation="profile_load" profile="unconfined" name="/usr/bin/evince//sanitized_helper" pid=431 comm="apparmor_parser"
Dec  9 21:39:24 alicia-VirtualBox kernel: [   10.935583] audit: type=1400 audit(1607542757.775:21): apparmor="STATUS" operation="profile_load" profile="unconfined" name="/usr/bin/evince-previewer" pid=431 comm="apparmor_parser"
Dec  9 21:39:24 alicia-VirtualBox kernel: [   10.936178] audit: type=1400 audit(1607542757.775:22): apparmor="STATUS" operation="profile_load" profile="unconfined" name="/usr/bin/evince-previewer//sanitized_helper" pid=431 comm="apparmor_parser"
Dec  9 21:39:24 alicia-VirtualBox kernel: [   10.937430] audit: type=1400 audit(1607542757.775:23): apparmor="STATUS" operation="profile_load" profile="unconfined" name="/usr/bin/evince-thumbnailer" pid=431 comm="apparmor_parser"
Dec  9 21:39:24 alicia-VirtualBox kernel: [   10.979330] audit: type=1400 audit(1607542757.819:24): apparmor="STATUS" operation="profile_load" profile="unconfined" name="lsb_release" pid=432 comm="apparmor_parser"
Dec  9 21:39:24 alicia-VirtualBox kernel: [   16.719489] audit: type=1400 audit(1607542763.559:25): apparmor="STATUS" operation="profile_load" profile="unconfined" name="libreoffice-soffice" pid=433 comm="apparmor_parser"
Dec  9 21:39:24 alicia-VirtualBox kernel: [   16.720477] audit: type=1400 audit(1607542763.559:26): apparmor="STATUS" operation="profile_load" profile="unconfined" name="libreoffice-soffice//gpg" pid=433 comm="apparmor_parser"
Dec  9 21:39:24 alicia-VirtualBox kernel: [   16.767565] audit: type=1400 audit(1607542763.607:27): apparmor="STATUS" operation="profile_load" profile="unconfined" name="libreoffice-oopslash" pid=434 comm="apparmor_parser"
Dec  9 21:39:24 alicia-VirtualBox kernel: [   16.793457] audit: type=1400 audit(1607542763.635:28): apparmor="STATUS" operation="profile_load" profile="unconfined" name="libreoffice-xpdfimport" pid=435 comm="apparmor_parser"
Dec  9 21:39:24 alicia-VirtualBox kernel: [   16.818003] audit: type=1400 audit(1607542763.659:29): apparmor="STATUS" operation="profile_load" profile="unconfined" name="ippusbxd" pid=436 comm="apparmor_parser"
Dec  9 21:39:24 alicia-VirtualBox apport[458]:  * Starting automatic crash report generation: apport
Dec  9 21:39:24 alicia-VirtualBox grub-common[474]:  * Recording successful boot for GRUB
Dec  9 21:39:24 alicia-VirtualBox grub-common[474]:    ...done.
Dec  9 21:39:24 alicia-VirtualBox systemd[1]: Started LSB: Record successful boot for GRUB.
Dec  9 21:39:24 alicia-VirtualBox snapd[499]: AppArmor status: apparmor is enabled and all features are available
Dec  9 21:39:24 alicia-VirtualBox apport[458]:    ...done.
Dec  9 21:39:24 alicia-VirtualBox systemd[1]: Started LSB: automatic crash report generation.
Dec  9 21:39:24 alicia-VirtualBox dbus-daemon[466]: dbus[466]: Unknown group "power" in message bus configuration file
Dec  9 21:39:24 alicia-VirtualBox dbus-daemon[466]: [system] AppArmor D-Bus mediation is enabled
Dec  9 21:39:24 alicia-VirtualBox systemd[1]: Started Thermal Daemon Service.
Dec  9 21:39:24 alicia-VirtualBox wpa_supplicant[509]: Successfully initialized wpa_supplicant
Dec  9 21:39:24 alicia-VirtualBox thermald[506]: [WARN]NO RAPL sysfs present
Dec  9 21:39:24 alicia-VirtualBox thermald[506]: [WARN]22 CPUID levels; family:model:stepping 0x6:4e:3 (6:78:3)
Dec  9 21:39:24 alicia-VirtualBox thermald[506]: [WARN]Polling mode is enabled: 4
Dec  9 21:39:24 alicia-VirtualBox thermald[506]: [WARN]Thermal DTS: No coretemp sysfs found
Dec  9 21:39:24 alicia-VirtualBox thermald[506]: [WARN]sensor id 0 : No temp sysfs for reading raw temp
Dec  9 21:39:24 alicia-VirtualBox thermald[506]: message repeated 2 times: [ [WARN]sensor id 0 : No temp sysfs for reading raw temp]
Dec  9 21:39:24 alicia-VirtualBox systemd[1]: Started WPA supplicant.
Dec  9 21:39:24 alicia-VirtualBox systemd[1]: Started Avahi mDNS/DNS-SD Stack.
Dec  9 21:39:24 alicia-VirtualBox systemd[1]: Started Make remote CUPS printers available locally.
Dec  9 21:39:24 alicia-VirtualBox thermald[506]: I/O warning : failed to load external entity "/etc/thermald/thermal-conf.xml"
Dec  9 21:39:24 alicia-VirtualBox thermald[506]: [WARN]error: could not parse file /etc/thermald/thermal-conf.xml
Dec  9 21:39:24 alicia-VirtualBox thermald[506]: [WARN]sysfs open failed
Dec  9 21:39:24 alicia-VirtualBox thermald[506]: I/O warning : failed to load external entity "/etc/thermald/thermal-conf.xml"
Dec  9 21:39:24 alicia-VirtualBox thermald[506]: [WARN]error: could not parse file /etc/thermald/thermal-conf.xml
Dec  9 21:39:24 alicia-VirtualBox thermald[506]: [ERR]Thermal DTS or hwmon: No Zones present Need to configure manually
Dec  9 21:39:24 alicia-VirtualBox thermald[506]: I/O warning : failed to load external entity "/etc/thermald/thermal-conf.xml"
Dec  9 21:39:24 alicia-VirtualBox thermald[506]: [WARN]error: could not parse file /etc/thermald/thermal-conf.xml
Dec  9 21:39:24 alicia-VirtualBox thermald[506]: [ERR]No thermal sensors found
Dec  9 21:39:24 alicia-VirtualBox thermald[506]: [ERR]THD engine start failed
Dec  9 21:39:24 alicia-VirtualBox systemd[1]: thermald.service: Succeeded.
Dec  9 21:39:24 alicia-VirtualBox avahi-daemon[459]: Successfully called chroot().
Dec  9 21:39:24 alicia-VirtualBox avahi-daemon[459]: Successfully dropped remaining capabilities.
Dec  9 21:39:24 alicia-VirtualBox avahi-daemon[459]: No service file found in /etc/avahi/services.
Dec  9 21:39:24 alicia-VirtualBox avahi-daemon[459]: Joining mDNS multicast group on interface lo.IPv6 with address ::1.
Dec  9 21:39:24 alicia-VirtualBox avahi-daemon[459]: New relevant interface lo.IPv6 for mDNS.
Dec  9 21:39:24 alicia-VirtualBox avahi-daemon[459]: Joining mDNS multicast group on interface lo.IPv4 with address 127.0.0.1.
Dec  9 21:39:24 alicia-VirtualBox avahi-daemon[459]: New relevant interface lo.IPv4 for mDNS.
Dec  9 21:39:24 alicia-VirtualBox avahi-daemon[459]: Network interface enumeration completed.
Dec  9 21:39:24 alicia-VirtualBox avahi-daemon[459]: Registering new address record for ::1 on lo.*.
Dec  9 21:39:24 alicia-VirtualBox avahi-daemon[459]: Registering new address record for 127.0.0.1 on lo.IPv4.
Dec  9 21:39:24 alicia-VirtualBox NetworkManager[468]: <info>  [1607542764.5154] bus-manager: acquired D-Bus service "org.freedesktop.NetworkManager"
Dec  9 21:39:24 alicia-VirtualBox systemd[1]: Started Network Manager.
Dec  9 21:39:24 alicia-VirtualBox systemd[1]: Reached target Network.
Dec  9 21:39:24 alicia-VirtualBox NetworkManager[468]: <info>  [1607542764.5287] manager[0x560b998bd030]: monitoring kernel firmware directory '/lib/firmware'.
Dec  9 21:39:24 alicia-VirtualBox systemd[1]: Starting Network Manager Wait Online...
Dec  9 21:39:24 alicia-VirtualBox NetworkManager[468]: <info>  [1607542764.5345] monitoring ifupdown state file '/run/network/ifstate'.
Dec  9 21:39:24 alicia-VirtualBox snapd[499]: daemon.go:343: started snapd/2.45.1+20.04.2 (series 16; classic) ubuntu/20.04 (amd64) linux/5.4.0-53-generic.
Dec  9 21:39:24 alicia-VirtualBox dbus-daemon[466]: [system] Activating via systemd: service name='org.freedesktop.hostname1' unit='dbus-org.freedesktop.hostname1.service' requested by ':1.9' (uid=0 pid=468 comm="/usr/sbin/NetworkManager --no-daemon " label="unconfined")
Dec  9 21:39:24 alicia-VirtualBox systemd[1]: Starting OpenVPN service...
Dec  9 21:39:24 alicia-VirtualBox systemd[1]: Condition check resulted in fast remote file copy program daemon being skipped.
Dec  9 21:39:24 alicia-VirtualBox udisksd[508]: failed to load module mdraid: libbd_mdraid.so.2: cannot open shared object file: No such file or directory
Dec  9 21:39:24 alicia-VirtualBox polkitd[489]: started daemon version 0.105 using authority implementation `local' version `0.105'
Dec  9 21:39:24 alicia-VirtualBox systemd[1]: Starting Permit User Sessions...
Dec  9 21:39:24 alicia-VirtualBox systemd[1]: Finished OpenVPN service.
Dec  9 21:39:24 alicia-VirtualBox systemd[1]: Started Switcheroo Control Proxy service.
Dec  9 21:39:24 alicia-VirtualBox udisksd[508]: Failed to load the 'mdraid' libblockdev plugin
Dec  9 21:39:24 alicia-VirtualBox systemd[1]: Finished Permit User Sessions.
Dec  9 21:39:24 alicia-VirtualBox systemd[1]: Started Authorization Manager.
Dec  9 21:39:24 alicia-VirtualBox systemd[1]: Starting Modem Manager...
Dec  9 21:39:24 alicia-VirtualBox kernel: [   17.830364] audit: type=1400 audit(1607542764.667:30): apparmor="DENIED" operation="capable" profile="/usr/sbin/cups-browsed" pid=546 comm="cups-browsed" capability=23  capname="sys_nice"
Dec  9 21:39:24 alicia-VirtualBox systemd[1]: Condition check resulted in Manage Sound Card State (restore and store) being skipped.
Dec  9 21:39:24 alicia-VirtualBox systemd[1]: Starting Save/Restore Sound Card State...
Dec  9 21:39:24 alicia-VirtualBox systemd[1]: Starting GNOME Display Manager...
Dec  9 21:39:24 alicia-VirtualBox snapd[499]: daemon.go:436: adjusting startup timeout by 30s (pessimistic estimate of 30s plus 5s per snap)
Dec  9 21:39:24 alicia-VirtualBox systemd[1]: Starting Hold until boot process finishes up...
Dec  9 21:39:24 alicia-VirtualBox systemd[1]: Starting Hostname Service...
Dec  9 21:39:24 alicia-VirtualBox alsactl[580]: /usr/sbin/alsactl: load_state:1683: Cannot open /var/lib/alsa/asound.state for reading: No such file or directory
Dec  9 21:39:24 alicia-VirtualBox alsactl[580]: Found hardware: "ICH" "Analog Devices AD1980" "AC97a:41445370" "0x1028" "0x0177"
Dec  9 21:39:24 alicia-VirtualBox alsactl[580]: Hardware is initialized using a generic method
Dec  9 21:39:24 alicia-VirtualBox ModemManager[561]: <info>  ModemManager (version 1.12.8) starting in system bus...
Dec  9 21:39:24 alicia-VirtualBox systemd[1]: Finished Save/Restore Sound Card State.
Dec  9 21:39:24 alicia-VirtualBox accounts-daemon[451]: started daemon version 0.6.55
Dec  9 21:39:24 alicia-VirtualBox systemd[1]: Started Login Service.
Dec  9 21:39:24 alicia-VirtualBox snapd[499]: helpers.go:105: error trying to compare the snap system key: system-key missing on disk
Dec  9 21:39:24 alicia-VirtualBox systemd[1]: Started Accounts Service.
Dec  9 21:39:24 alicia-VirtualBox systemd[1]: Reached target Sound Card.
Dec  9 21:39:24 alicia-VirtualBox systemd[1]: Started Unattended Upgrades Shutdown.
Dec  9 21:39:24 alicia-VirtualBox systemd[1]: Started GNOME Display Manager.
Dec  9 21:39:24 alicia-VirtualBox systemd[1]: Started Snap Daemon.
Dec  9 21:39:25 alicia-VirtualBox systemd[1]: Starting Wait until snapd is fully seeded...
Dec  9 21:39:25 alicia-VirtualBox systemd[1]: Received SIGRTMIN+21 from PID 267 (plymouthd).
Dec  9 21:39:25 alicia-VirtualBox systemd[1]: Started Modem Manager.
Dec  9 21:39:25 alicia-VirtualBox networkd-dispatcher[614]: WARNING: systemd-networkd is not running, output will be incomplete.
Dec  9 21:39:25 alicia-VirtualBox systemd[1]: Started Disk Manager.
Dec  9 21:39:25 alicia-VirtualBox udisksd[508]: Acquired the name org.freedesktop.UDisks2 on the system message bus
Dec  9 21:39:25 alicia-VirtualBox systemd[1]: Started Dispatcher daemon for systemd-networkd.
Dec  9 21:39:25 alicia-VirtualBox avahi-daemon[459]: Server startup complete. Host name is alicia-VirtualBox.local. Local service cookie is 520824668.
Dec  9 21:39:25 alicia-VirtualBox dbus-daemon[466]: [system] Successfully activated service 'org.freedesktop.hostname1'
Dec  9 21:39:25 alicia-VirtualBox NetworkManager[468]: <info>  [1607542765.4501] hostname: hostname: using hostnamed
Dec  9 21:39:25 alicia-VirtualBox NetworkManager[468]: <info>  [1607542765.4501] hostname: hostname changed from (none) to "alicia-VirtualBox"
Dec  9 21:39:25 alicia-VirtualBox NetworkManager[468]: <info>  [1607542765.4506] dns-mgr[0x560b9987c290]: init: dns=systemd-resolved rc-manager=symlink, plugin=systemd-resolved
Dec  9 21:39:25 alicia-VirtualBox NetworkManager[468]: <info>  [1607542765.4508] manager[0x560b998bd030]: rfkill: Wi-Fi hardware radio set enabled
Dec  9 21:39:25 alicia-VirtualBox NetworkManager[468]: <info>  [1607542765.4508] manager[0x560b998bd030]: rfkill: WWAN hardware radio set enabled
Dec  9 21:39:25 alicia-VirtualBox systemd[1]: Started Hostname Service.
Dec  9 21:39:25 alicia-VirtualBox NetworkManager[468]: <info>  [1607542765.4584] Loaded device plugin: NMAtmManager (/usr/lib/x86_64-linux-gnu/NetworkManager/1.22.10/libnm-device-plugin-adsl.so)
Dec  9 21:39:25 alicia-VirtualBox NetworkManager[468]: <info>  [1607542765.4608] Loaded device plugin: NMWifiFactory (/usr/lib/x86_64-linux-gnu/NetworkManager/1.22.10/libnm-device-plugin-wifi.so)
Dec  9 21:39:25 alicia-VirtualBox systemd[1]: Created slice User Slice of UID 1000.
Dec  9 21:39:25 alicia-VirtualBox NetworkManager[468]: <info>  [1607542765.4708] Loaded device plugin: NMWwanFactory (/usr/lib/x86_64-linux-gnu/NetworkManager/1.22.10/libnm-device-plugin-wwan.so)
Dec  9 21:39:25 alicia-VirtualBox NetworkManager[468]: <info>  [1607542765.4772] Loaded device plugin: NMBluezManager (/usr/lib/x86_64-linux-gnu/NetworkManager/1.22.10/libnm-device-plugin-bluetooth.so)
Dec  9 21:39:25 alicia-VirtualBox systemd[1]: Starting User Runtime Directory /run/user/1000...
Dec  9 21:39:25 alicia-VirtualBox NetworkManager[468]: <info>  [1607542765.4869] Loaded device plugin: NMTeamFactory (/usr/lib/x86_64-linux-gnu/NetworkManager/1.22.10/libnm-device-plugin-team.so)
Dec  9 21:39:25 alicia-VirtualBox NetworkManager[468]: <info>  [1607542765.4876] manager: rfkill: Wi-Fi enabled by radio killswitch; enabled by state file
Dec  9 21:39:25 alicia-VirtualBox NetworkManager[468]: <info>  [1607542765.4884] manager: rfkill: WWAN enabled by radio killswitch; enabled by state file
Dec  9 21:39:25 alicia-VirtualBox NetworkManager[468]: <info>  [1607542765.4895] manager: Networking is enabled by state file
Dec  9 21:39:25 alicia-VirtualBox dbus-daemon[466]: [system] Activating via systemd: service name='org.freedesktop.nm_dispatcher' unit='dbus-org.freedesktop.nm-dispatcher.service' requested by ':1.9' (uid=0 pid=468 comm="/usr/sbin/NetworkManager --no-daemon " label="unconfined")
Dec  9 21:39:25 alicia-VirtualBox NetworkManager[468]: <info>  [1607542765.4905] dhcp-init: Using DHCP client 'internal'
Dec  9 21:39:25 alicia-VirtualBox NetworkManager[468]: <info>  [1607542765.4961] settings: Loaded settings plugin: ifupdown ("/usr/lib/x86_64-linux-gnu/NetworkManager/1.22.10/libnm-settings-plugin-ifupdown.so")
Dec  9 21:39:25 alicia-VirtualBox NetworkManager[468]: <info>  [1607542765.4963] settings: Loaded settings plugin: keyfile (internal)
Dec  9 21:39:25 alicia-VirtualBox NetworkManager[468]: <info>  [1607542765.4965] ifupdown: management mode: unmanaged
Dec  9 21:39:25 alicia-VirtualBox NetworkManager[468]: <warn>  [1607542765.4973] ifupdown: interfaces file /etc/network/interfaces doesn't exist
Dec  9 21:39:25 alicia-VirtualBox NetworkManager[468]: <info>  [1607542765.5051] device (lo): carrier: link connected
Dec  9 21:39:25 alicia-VirtualBox NetworkManager[468]: <info>  [1607542765.5066] manager: (lo): new Generic device (/org/freedesktop/NetworkManager/Devices/1)
Dec  9 21:39:25 alicia-VirtualBox systemd[1]: Starting Network Manager Script Dispatcher Service...
Dec  9 21:39:25 alicia-VirtualBox NetworkManager[468]: <info>  [1607542765.5233] manager: (enp0s3): new Ethernet device (/org/freedesktop/NetworkManager/Devices/2)
Dec  9 21:39:25 alicia-VirtualBox dbus-daemon[466]: [system] Successfully activated service 'org.freedesktop.nm_dispatcher'
Dec  9 21:39:25 alicia-VirtualBox systemd[1]: Finished User Runtime Directory /run/user/1000.
Dec  9 21:39:25 alicia-VirtualBox systemd[1]: Started Network Manager Script Dispatcher Service.
Dec  9 21:39:25 alicia-VirtualBox NetworkManager[468]: <info>  [1607542765.5521] settings: (enp0s3): created default wired connection 'Wired connection 1'
Dec  9 21:39:25 alicia-VirtualBox systemd[1]: Starting User Manager for UID 1000...
Dec  9 21:39:25 alicia-VirtualBox NetworkManager[468]: <info>  [1607542765.5668] device (enp0s3): state change: unmanaged -> unavailable (reason 'managed', sys-iface-state: 'external')
Dec  9 21:39:25 alicia-VirtualBox kernel: [   18.730088] e1000: enp0s3 NIC Link is Up 1000 Mbps Full Duplex, Flow Control: RX
Dec  9 21:39:25 alicia-VirtualBox kernel: [   18.730838] IPv6: ADDRCONF(NETDEV_CHANGE): enp0s3: link becomes ready
Dec  9 21:39:25 alicia-VirtualBox NetworkManager[468]: <info>  [1607542765.5802] device (enp0s3): carrier: link connected
Dec  9 21:39:25 alicia-VirtualBox NetworkManager[468]: <warn>  [1607542765.6109] Error: failed to open /run/network/ifstate
Dec  9 21:39:25 alicia-VirtualBox NetworkManager[468]: <info>  [1607542765.6351] modem-manager: ModemManager available
Dec  9 21:39:25 alicia-VirtualBox NetworkManager[468]: <info>  [1607542765.6632] device (enp0s3): state change: unavailable -> disconnected (reason 'none', sys-iface-state: 'managed')
Dec  9 21:39:25 alicia-VirtualBox NetworkManager[468]: <info>  [1607542765.6685] policy: auto-activating connection 'Wired connection 1' (e084aae8-8b45-3629-806c-6e0e0fc45f44)
Dec  9 21:39:25 alicia-VirtualBox NetworkManager[468]: <info>  [1607542765.6729] device (enp0s3): Activation: starting connection 'Wired connection 1' (e084aae8-8b45-3629-806c-6e0e0fc45f44)
Dec  9 21:39:25 alicia-VirtualBox NetworkManager[468]: <info>  [1607542765.6735] device (enp0s3): state change: disconnected -> prepare (reason 'none', sys-iface-state: 'managed')
Dec  9 21:39:25 alicia-VirtualBox NetworkManager[468]: <info>  [1607542765.6796] manager: NetworkManager state is now CONNECTING
Dec  9 21:39:25 alicia-VirtualBox NetworkManager[468]: <info>  [1607542765.6837] device (enp0s3): state change: prepare -> config (reason 'none', sys-iface-state: 'managed')
Dec  9 21:39:25 alicia-VirtualBox NetworkManager[468]: <info>  [1607542765.6946] device (enp0s3): state change: config -> ip-config (reason 'none', sys-iface-state: 'managed')
Dec  9 21:39:25 alicia-VirtualBox NetworkManager[468]: <info>  [1607542765.6960] dhcp4 (enp0s3): activation: beginning transaction (timeout in 45 seconds)
Dec  9 21:39:25 alicia-VirtualBox avahi-daemon[459]: Joining mDNS multicast group on interface enp0s3.IPv6 with address fe80::ab55:983d:d6c5:16a.
Dec  9 21:39:25 alicia-VirtualBox avahi-daemon[459]: New relevant interface enp0s3.IPv6 for mDNS.
Dec  9 21:39:25 alicia-VirtualBox avahi-daemon[459]: Registering new address record for fe80::ab55:983d:d6c5:16a on enp0s3.*.
Dec  9 21:39:25 alicia-VirtualBox NetworkManager[468]: <info>  [1607542765.7133] dhcp4 (enp0s3): option dhcp_lease_time      => '86400'
Dec  9 21:39:25 alicia-VirtualBox NetworkManager[468]: <info>  [1607542765.7136] dhcp4 (enp0s3): option domain_name          => 'lan'
Dec  9 21:39:25 alicia-VirtualBox NetworkManager[468]: <info>  [1607542765.7137] dhcp4 (enp0s3): option domain_name_servers  => '192.168.1.254'
Dec  9 21:39:25 alicia-VirtualBox NetworkManager[468]: <info>  [1607542765.7138] dhcp4 (enp0s3): option expiry               => '1607629165'
Dec  9 21:39:25 alicia-VirtualBox NetworkManager[468]: <info>  [1607542765.7139] dhcp4 (enp0s3): option ip_address           => '10.0.2.15'
